Archive member included to satisfy reference by file (symbol)

/home/ruan/op_tee/optee_os/out/arm/export-ta_arm32/lib/libutee.a(user_ta_entry.o)
                              ./user_ta_header.o (__utee_entry)
/home/ruan/op_tee/optee_os/out/arm/export-ta_arm32/lib/libutee.a(utee_syscalls_a32.o)
                              /home/ruan/op_tee/optee_os/out/arm/export-ta_arm32/lib/libutee.a(user_ta_entry.o) (utee_return)
/home/ruan/op_tee/optee_os/out/arm/export-ta_arm32/lib/libutee.a(gprof_a32.o)
                              /home/ruan/op_tee/optee_os/out/arm/export-ta_arm32/lib/libutee.a(user_ta_entry.o) (__utee_mcount)
/home/ruan/op_tee/optee_os/out/arm/export-ta_arm32/lib/libutee.a(tee_api_arith.o)
                              /home/ruan/op_tee/optee_os/out/arm/export-ta_arm32/lib/libutee.a(user_ta_entry.o) (_TEE_MathAPI_Init)
/home/ruan/op_tee/optee_os/out/arm/export-ta_arm32/lib/libutee.a(tee_api.o)
                              /home/ruan/op_tee/optee_os/out/arm/export-ta_arm32/lib/libutee.a(user_ta_entry.o) (__utee_from_param)
/home/ruan/op_tee/optee_os/out/arm/export-ta_arm32/lib/libutee.a(tee_api_panic.o)
                              /home/ruan/op_tee/optee_os/out/arm/export-ta_arm32/lib/libutee.a(user_ta_entry.o) (TEE_Panic)
/home/ruan/op_tee/optee_os/out/arm/export-ta_arm32/lib/libutee.a(utee_misc.o)
                              /home/ruan/op_tee/optee_os/out/arm/export-ta_arm32/lib/libutee.a(tee_api_arith.o) (get_rng_array)
/home/ruan/op_tee/optee_os/out/arm/export-ta_arm32/lib/libutee.a(tee_user_mem.o)
                              /home/ruan/op_tee/optee_os/out/arm/export-ta_arm32/lib/libutee.a(tee_api.o) (tee_user_mem_alloc)
/home/ruan/op_tee/optee_os/out/arm/export-ta_arm32/lib/libutee.a(trace_ext.o)
                              /home/ruan/op_tee/optee_os/out/arm/export-ta_arm32/lib/libutee.a(tee_api_arith.o) (printf)
/home/ruan/op_tee/optee_os/out/arm/export-ta_arm32/lib/libutee.a(assert.o)
                              /home/ruan/op_tee/optee_os/out/arm/export-ta_arm32/lib/libutee.a(tee_user_mem.o) (_assert_log)
/home/ruan/op_tee/optee_os/out/arm/export-ta_arm32/lib/libutils.a(bget_malloc.o)
                              /home/ruan/op_tee/optee_os/out/arm/export-ta_arm32/lib/libutee.a(utee_misc.o) (malloc)
/home/ruan/op_tee/optee_os/out/arm/export-ta_arm32/lib/libutils.a(snprintf.o)
                              /home/ruan/op_tee/optee_os/out/arm/export-ta_arm32/lib/libutee.a(trace_ext.o) (vsnprintf)
/home/ruan/op_tee/optee_os/out/arm/export-ta_arm32/lib/libutils.a(memcmp.o)
                              /home/ruan/op_tee/optee_os/out/arm/export-ta_arm32/lib/libutee.a(tee_api.o) (memcmp)
/home/ruan/op_tee/optee_os/out/arm/export-ta_arm32/lib/libutils.a(memcpy.o)
                              /home/ruan/op_tee/optee_os/out/arm/export-ta_arm32/lib/libutee.a(user_ta_entry.o) (memcpy)
/home/ruan/op_tee/optee_os/out/arm/export-ta_arm32/lib/libutils.a(memmove.o)
                              /home/ruan/op_tee/optee_os/out/arm/export-ta_arm32/lib/libutee.a(tee_api.o) (memmove)
/home/ruan/op_tee/optee_os/out/arm/export-ta_arm32/lib/libutils.a(memset.o)
                              /home/ruan/op_tee/optee_os/out/arm/export-ta_arm32/lib/libutee.a(user_ta_entry.o) (memset)
/home/ruan/op_tee/optee_os/out/arm/export-ta_arm32/lib/libutils.a(strlen.o)
                              /home/ruan/op_tee/optee_os/out/arm/export-ta_arm32/lib/libutee.a(trace_ext.o) (strlen)
/home/ruan/op_tee/optee_os/out/arm/export-ta_arm32/lib/libutils.a(snprintk.o)
                              /home/ruan/op_tee/optee_os/out/arm/export-ta_arm32/lib/libutils.a(snprintf.o) (__vsnprintf)
/home/ruan/op_tee/optee_os/out/arm/export-ta_arm32/lib/libutils.a(trace.o)
                              /home/ruan/op_tee/optee_os/out/arm/export-ta_arm32/lib/libutee.a(user_ta_entry.o) (trace_set_level)
/home/ruan/op_tee/optee_os/out/arm/export-ta_arm32/lib/libutils.a(aeabi_unwind.o)
                              ./ruan_test_ta.o (__aeabi_unwind_cpp_pr0)
/home/ruan/op_tee/optee_os/out/arm/export-ta_arm32/lib/libutils.a(memchr.o)
                              /home/ruan/op_tee/optee_os/out/arm/export-ta_arm32/lib/libutils.a(snprintk.o) (memchr)
/home/ruan/op_tee/optee_os/out/arm/export-ta_arm32/lib/libutils.a(arm32_aeabi_ldivmod_a32.o)
                              /home/ruan/op_tee/optee_os/out/arm/export-ta_arm32/lib/libutils.a(snprintk.o) (__aeabi_uldivmod)
/home/ruan/op_tee/optee_os/out/arm/export-ta_arm32/lib/libutils.a(arm32_aeabi_ldivmod.o)
                              /home/ruan/op_tee/optee_os/out/arm/export-ta_arm32/lib/libutils.a(arm32_aeabi_ldivmod_a32.o) (__ul_divmod)
/home/ruan/op_tee/optee_os/out/arm/export-ta_arm32/lib/libmpa.a(mpa_misc.o)
                              /home/ruan/op_tee/optee_os/out/arm/export-ta_arm32/lib/libutee.a(tee_api_arith.o) (mpa_copy)
/home/ruan/op_tee/optee_os/out/arm/export-ta_arm32/lib/libmpa.a(mpa_montgomery.o)
[...]
Memory Configuration

Name             Origin             Length             Attributes
*default*        0x0000000000000000 0xffffffffffffffff

Linker script and memory map


.ta_head        0x0000000000000000       0x20
 *(SORT(.ta_head))
 .ta_head       0x0000000000000000       0x20 ./user_ta_header.o
                0x0000000000000000                ta_head

.text           0x0000000000000020     0xa5b8
                0x0000000000000020                __text_start = .
 *(SORT(.text) SORT(.text.*))
 .text          0x0000000000000020      0x2bc ./ruan_test_ta.o
                0x0000000000000020                TA_CreateEntryPoint
                0x0000000000000054                TA_DestroyEntryPoint
                0x0000000000000084                TA_OpenSessionEntryPoint
                0x00000000000000fc                TA_CloseSessionEntryPoint
                0x0000000000000294                TA_InvokeCommandEntryPoint
 .text          0x00000000000002dc      0x424 /home/ruan/op_tee/optee_os/out/arm/export-ta_arm32/lib/libutee.a(user_ta_entry.o)
                0x000000000000069a                __utee_entry
 .text          0x0000000000000700      0x5e4 /home/ruan/op_tee/optee_os/out/arm/export-ta_arm32/lib/libutee.a(utee_syscalls_a32.o)
                0x0000000000000700                utee_panic
                0x0000000000000714                utee_return
                0x0000000000000728                utee_log
                0x000000000000073c                __utee_panic
                0x0000000000000750                utee_get_property
                0x0000000000000768                utee_get_property_name_to_index
                0x000000000000077c                utee_open_ta_session
                0x0000000000000794                utee_close_ta_session
                0x00000000000007a8                utee_invoke_ta_command
                0x00000000000007c0                utee_get_cancellation_flag
                0x00000000000007d4                utee_check_access_rights
                0x00000000000007e8                utee_unmask_cancellation
                0x00000000000007fc                utee_mask_cancellation
                0x0000000000000810                utee_wait
                0x0000000000000824                utee_get_time
                0x0000000000000838                utee_set_ta_time
                0x000000000000084c                utee_cryp_state_alloc
                0x0000000000000864                utee_cryp_state_copy
                0x0000000000000878                utee_cryp_state_free
                0x000000000000088c                utee_hash_init
                0x00000000000008a0                utee_hash_update
                0x00000000000008b4                utee_hash_final
                0x00000000000008cc                utee_cipher_init
                0x00000000000008e0                utee_cipher_update
                0x00000000000008f8                utee_cipher_final
                0x0000000000000910                utee_cryp_obj_get_info
                0x0000000000000924                utee_cryp_obj_restrict_usage
                0x0000000000000938                utee_cryp_obj_get_attr
                0x000000000000094c                utee_cryp_obj_alloc
                0x0000000000000960                utee_cryp_obj_close
                0x0000000000000974                utee_cryp_obj_reset
                0x0000000000000988                utee_cryp_obj_populate
                0x000000000000099c                utee_cryp_obj_copy
                0x00000000000009b0                utee_cryp_derive_key
                0x00000000000009c4                utee_cryp_random_number_generate
                0x00000000000009d8                utee_authenc_init
                0x00000000000009f0                utee_authenc_update_aad
                0x0000000000000a04                utee_authenc_update_payload
                0x0000000000000a1c                utee_authenc_enc_final
                0x0000000000000a34                utee_authenc_dec_final
                0x0000000000000a4c                utee_asymm_operate
                0x0000000000000a64                utee_asymm_verify
                0x0000000000000a7c                utee_storage_obj_open
                0x0000000000000a94                utee_storage_obj_create
                0x0000000000000aac                utee_storage_obj_del
                0x0000000000000ac0                utee_storage_obj_rename
                0x0000000000000ad4                utee_storage_alloc_enum
                0x0000000000000ae8                utee_storage_free_enum
                0x0000000000000afc                utee_storage_reset_enum
                0x0000000000000b10                utee_storage_start_enum
                0x0000000000000b24                utee_storage_next_enum
                0x0000000000000b38                utee_storage_obj_read
                0x0000000000000b4c                utee_storage_obj_write
                0x0000000000000b60                utee_storage_obj_trunc
                0x0000000000000b74                utee_storage_obj_seek
                0x0000000000000b88                utee_cryp_obj_generate_key
                0x0000000000000b9c                utee_se_service_open
                0x0000000000000bb0                utee_se_service_close
                0x0000000000000bc4                utee_se_service_get_readers
                0x0000000000000bd8                utee_se_reader_get_prop
                0x0000000000000bec                utee_se_reader_get_name
                0x0000000000000c00                utee_se_reader_open_session
                0x0000000000000c14                utee_se_reader_close_sessions
                0x0000000000000c28                utee_se_session_is_closed
                0x0000000000000c3c                utee_se_session_get_atr
                0x0000000000000c50                utee_se_session_open_channel
                0x0000000000000c68                utee_se_session_close
                0x0000000000000c7c                utee_se_channel_select_next
                0x0000000000000c90                utee_se_channel_get_select_resp
                0x0000000000000ca4                utee_se_channel_transmit
                0x0000000000000cbc                utee_se_channel_close
                0x0000000000000cd0                utee_cache_operation
 .text          0x0000000000000ce4        0xc /home/ruan/op_tee/optee_os/out/arm/export-ta_arm32/lib/libutee.a(gprof_a32.o)
                0x0000000000000ce4                __utee_mcount
 .text          0x0000000000000cf0      0x9e4 /home/ruan/op_tee/optee_os/out/arm/export-ta_arm32/lib/libutee.a(tee_api_arith.o)
                0x0000000000000d18                _TEE_MathAPI_Init
                0x0000000000000d5c                TEE_BigIntInit
                0x0000000000000d7a                TEE_BigIntInitFMM
                0x0000000000000dba                TEE_BigIntInitFMMContext
                0x0000000000000e04                TEE_BigIntFMMSizeInU32
                0x0000000000000e2a                TEE_BigIntFMMContextSizeInU32
                0x0000000000000e58                TEE_BigIntConvertFromOctetString
                0x0000000000000ebe                TEE_BigIntConvertToOctetString
                0x0000000000000f28                TEE_BigIntConvertFromS32
                0x0000000000000f4a                TEE_BigIntConvertToS32
                0x0000000000000fa0                TEE_BigIntCmp
                0x0000000000000fc8                TEE_BigIntCmpS32
                0x0000000000000fec                TEE_BigIntShiftRight
                0x0000000000001016                TEE_BigIntGetBit
                0x0000000000001044                TEE_BigIntGetBitCount
                0x0000000000001068                TEE_BigIntAdd
                0x00000000000010a0                TEE_BigIntSub
                0x00000000000010d8                TEE_BigIntNeg
                0x00000000000010fe                TEE_BigIntMul
                0x0000000000001138                TEE_BigIntSquare
                0x000000000000116c                TEE_BigIntDiv
                0x00000000000011cc                TEE_BigIntMod
                0x0000000000001248                TEE_BigIntAddMod
                0x00000000000012cc                TEE_BigIntSubMod
                0x0000000000001350                TEE_BigIntMulMod
                0x000000000000140c                TEE_BigIntSquareMod
                0x0000000000001430                TEE_BigIntInvMod
                0x0000000000001498                TEE_BigIntRelativePrime
                0x0000000000001514                TEE_BigIntComputeExtendedGcd
                0x0000000000001560                TEE_BigIntIsProbablePrime
                0x00000000000015ac                TEE_BigIntConvertToFMM
                0x00000000000015f8                TEE_BigIntConvertFromFMM
                0x0000000000001688                TEE_BigIntComputeFMM
 .text          0x00000000000016d4      0x738 /home/ruan/op_tee/optee_os/out/arm/export-ta_arm32/lib/libutee.a(tee_api.o)
                0x00000000000016d4                __utee_from_param
                0x000000000000183a                __utee_to_param
                0x0000000000001934                TEE_OpenTASession
                0x000000000000199a                TEE_CloseTASession
                0x00000000000019ca                TEE_InvokeTACommand
                0x0000000000001a5a                TEE_GetCancellationFlag
                0x0000000000001a8e                TEE_UnmaskCancellation
                0x0000000000001ac2                TEE_MaskCancellation
                0x0000000000001af6                TEE_CheckMemoryAccessRights
                0x0000000000001b38                TEE_SetInstanceData
                0x0000000000001b60                TEE_GetInstanceData
                0x0000000000001b7c                TEE_MemMove
                0x0000000000001ba0                TEE_MemCompare
                0x0000000000001bc4                TEE_MemFill
                0x0000000000001bea                TEE_GetSystemTime
                0x0000000000001c16                TEE_Wait
                0x0000000000001c4e                TEE_GetTAPersistentTime
                0x0000000000001cd2                TEE_SetTAPersistentTime
                0x0000000000001d18                TEE_GetREETime
                0x0000000000001d44                TEE_Malloc
                0x0000000000001d64                TEE_Realloc
                0x0000000000001d84                TEE_Free
                0x0000000000001d9e                TEE_CacheClean
                0x0000000000001dc2                TEE_CacheFlush
                0x0000000000001de6                TEE_CacheInvalidate
 .text          0x0000000000001e0c      0x7b4 /home/ruan/op_tee/optee_os/out/arm/export-ta_arm32/lib/libutee.a(tee_user_mem.o)
                0x0000000000002184                tee_user_mem_alloc
                0x00000000000022cc                tee_user_mem_realloc
                0x0000000000002378                tee_user_mem_free
                0x0000000000002488                tee_user_mem_mark_heap
                0x00000000000024a8                tee_user_mem_check_heap
                0x0000000000002584                tee_user_mem_garbage
 .text          0x00000000000025c0      0x110 /home/ruan/op_tee/optee_os/out/arm/export-ta_arm32/lib/libutee.a(trace_ext.o)
                0x00000000000025c0                trace_ext_puts
                0x00000000000025e4                trace_ext_get_thread_id
                0x00000000000025f8                printf
                0x0000000000002660                puts
                0x0000000000002698                putchar
 .text          0x00000000000026d0       0x5c /home/ruan/op_tee/optee_os/out/arm/export-ta_arm32/lib/libutee.a(assert.o)
                0x00000000000026d0                _assert_log
                0x0000000000002718                _assert_break
 .text          0x000000000000272c     0x182c /home/ruan/op_tee/optee_os/out/arm/export-ta_arm32/lib/libutils.a(bget_malloc.o)
                0x00000000000027b0                bget
                0x0000000000002a18                bgetz
                0x0000000000002aac                bgetr
                0x0000000000002b40                brel
                0x0000000000002ea0                bpool
                0x0000000000002fc4                bstats
                0x0000000000003124                malloc_reset_stats
                0x0000000000003184                malloc_get_stats
                0x0000000000003b30                malloc
                0x0000000000003b62                free
                0x0000000000003b88                calloc
                0x0000000000003be6                realloc
                0x0000000000003c14                memalign
                0x0000000000003c70                malloc_add_pool
                0x0000000000003df8                malloc_buffer_is_within_alloced
                0x0000000000003e96                malloc_buffer_overlaps_heap
 .text          0x0000000000003f58      0xf68 /home/ruan/op_tee/optee_os/out/arm/export-ta_arm32/lib/libutils.a(snprintk.o)
                0x0000000000003f58                snprintk
                0x0000000000003f8e                vsnprintk
                0x0000000000003fbc                __vsnprintf
 .text          0x0000000000004ec0      0x3d4 /home/ruan/op_tee/optee_os/out/arm/export-ta_arm32/lib/libutils.a(trace.o)
                0x0000000000004ec0                trace_set_level
                0x0000000000004f08                trace_get_level
                0x0000000000004f88                trace_printf
                0x0000000000005274                dhex_dump
 .text.__aeabi_ldivmod
                0x0000000000005294       0x18 /home/ruan/op_tee/optee_os/out/arm/export-ta_arm32/lib/libutils.a(arm32_aeabi_ldivmod_a32.o)
                0x0000000000005294                __aeabi_ldivmod
 .text.__aeabi_uldivmod
                0x00000000000052ac       0x18 /home/ruan/op_tee/optee_os/out/arm/export-ta_arm32/lib/libutils.a(arm32_aeabi_ldivmod_a32.o)
                0x00000000000052ac                __aeabi_uldivmod
 .text          0x00000000000052c4      0x254 /home/ruan/op_tee/optee_os/out/arm/export-ta_arm32/lib/libmpa.a(mpa_misc.o)
                0x00000000000052c4                __mpa_set_unused_digits_to_zero
                0x000000000000530c                mpa_wipe
                0x0000000000005340                mpa_copy
                0x0000000000005388                mpa_abs
                0x00000000000053ba                mpa_highest_bit_index
                0x000000000000543a                mpa_get_bit
                0x00000000000054a4                mpa_can_hold
                0x00000000000054d6                mpa_parity
                0x0000000000005500                mpa_constant_one
 .text          0x0000000000005518      0x4ec /home/ruan/op_tee/optee_os/out/arm/export-ta_arm32/lib/libmpa.a(mpa_montgomery.o)
                0x0000000000005518                __mpa_montgomery_mul_add
                0x000000000000564c                __mpa_montgomery_sub_ack
                0x0000000000005766                __mpa_montgomery_mul
                0x0000000000005896                mpa_compute_fmm_context
                0x00000000000059b8                mpa_montgomery_mul
 .text          0x0000000000005a04      0x450 /home/ruan/op_tee/optee_os/out/arm/export-ta_arm32/lib/libmpa.a(mpa_primetest.o)
                0x0000000000005a04                mpa_is_prob_prime
 .text          0x0000000000005e54      0x204 /home/ruan/op_tee/optee_os/out/arm/export-ta_arm32/lib/libmpa.a(mpa_random.o)
                0x0000000000005e54                mpa_set_random_generator
                0x0000000000005eb0                mpa_get_random
                0x0000000000005fec                mpa_get_random_digits
 .text          0x0000000000006058      0x190 /home/ruan/op_tee/optee_os/out/arm/export-ta_arm32/lib/libmpa.a(mpa_expmod.o)
                0x0000000000006058                mpa_exp_mod
 .text          0x00000000000061e8      0xa54 /home/ruan/op_tee/optee_os/out/arm/export-ta_arm32/lib/libmpa.a(mpa_io.o)
                0x00000000000065ba                mpa_get_str_size
                0x00000000000065ce                mpa_set_str
                0x0000000000006900                mpa_get_str
                0x00000000000069f4                mpa_set_oct_str
                0x0000000000006b24                mpa_get_oct_str
 .text          0x0000000000006c3c       0x14 ./user_ta_header.o
                0x0000000000006c3c                tahead_get_trace_level
 .text          0x0000000000006c50       0x1a /home/ruan/op_tee/optee_os/out/arm/export-ta_arm32/lib/libutee.a(tee_api_panic.o)
                0x0000000000006c50                TEE_Panic
 .text          0x0000000000006c6a       0xaa /home/ruan/op_tee/optee_os/out/arm/export-ta_arm32/lib/libutee.a(utee_misc.o)
                0x0000000000006c6a                utee_get_ta_exec_id
                0x0000000000006c7e                utee_malloc
                0x0000000000006c9a                utee_realloc
                0x0000000000006cba                utee_calloc
                0x0000000000006cda                utee_free
                0x0000000000006cf4                get_rng_array
 .text          0x0000000000006d14       0x6a /home/ruan/op_tee/optee_os/out/arm/export-ta_arm32/lib/libutils.a(snprintf.o)
                0x0000000000006d14                snprintf
                0x0000000000006d50                vsnprintf
 .text          0x0000000000006d7e       0xb8 /home/ruan/op_tee/optee_os/out/arm/export-ta_arm32/lib/libutils.a(memcmp.o)
                0x0000000000006d7e                memcmp
 .text          0x0000000000006e36       0xf2 /home/ruan/op_tee/optee_os/out/arm/export-ta_arm32/lib/libutils.a(memcpy.o)
                0x0000000000006e36                memcpy
 .text          0x0000000000006f28      0x13e /home/ruan/op_tee/optee_os/out/arm/export-ta_arm32/lib/libutils.a(memmove.o)
                0x0000000000006f28                memmove
 .text          0x0000000000007066      0x11c /home/ruan/op_tee/optee_os/out/arm/export-ta_arm32/lib/libutils.a(memset.o)
                0x0000000000007066                memset
 .text          0x0000000000007182       0x8a /home/ruan/op_tee/optee_os/out/arm/export-ta_arm32/lib/libutils.a(strlen.o)
                0x0000000000007182                strlen
 .text          0x000000000000720c       0x30 /home/ruan/op_tee/optee_os/out/arm/export-ta_arm32/lib/libutils.a(aeabi_unwind.o)
                0x000000000000720c                __aeabi_unwind_cpp_pr0
                0x000000000000721c                __aeabi_unwind_cpp_pr1
                0x000000000000722c                __aeabi_unwind_cpp_pr2
 .text          0x000000000000723c      0x114 /home/ruan/op_tee/optee_os/out/arm/export-ta_arm32/lib/libutils.a(memchr.o)
                0x000000000000723c                memchr
 .text          0x0000000000007350      0x2b0 /home/ruan/op_tee/optee_os/out/arm/export-ta_arm32/lib/libutils.a(arm32_aeabi_ldivmod.o)
                0x00000000000074a8                __ul_divmod
                0x000000000000751a                __l_divmod
 .text          0x0000000000007600      0x146 /home/ruan/op_tee/optee_os/out/arm/export-ta_arm32/lib/libmpa.a(mpa_conv.o)
                0x0000000000007600                mpa_set_S32
                0x000000000000764c                mpa_get_S32
                0x00000000000076e2                mpa_set_word
                0x0000000000007714                mpa_get_word
 .text          0x0000000000007746      0xa9c /home/ruan/op_tee/optee_os/out/arm/export-ta_arm32/lib/libmpa.a(mpa_div.o)
                0x000000000000781e                __mpa_div_dword
                0x0000000000007e90                __mpa_div_q_r_internal_word
                0x0000000000007fc2                __mpa_div_q_r
                0x000000000000810c                mpa_div
 .text          0x00000000000081e2      0x7dc /home/ruan/op_tee/optee_os/out/arm/export-ta_arm32/lib/libmpa.a(mpa_gcd.o)
                0x00000000000086f8                mpa_gcd
                0x00000000000087e4                mpa_extended_gcd
 .text          0x00000000000089be      0x264 /home/ruan/op_tee/optee_os/out/arm/export-ta_arm32/lib/libmpa.a(mpa_mem_static.o)
                0x00000000000089be                mpa_init_scratch_mem_sync
                0x0000000000008a06                mpa_init_scratch_mem
                0x0000000000008a38                mpa_alloc_static_temp_var_size
                0x0000000000008b6c                mpa_alloc_static_temp_var
                0x0000000000008b92                mpa_free_static_temp_var
 .text          0x0000000000008c22      0x42a /home/ruan/op_tee/optee_os/out/arm/export-ta_arm32/lib/libmpa.a(mpa_mul.o)
                0x0000000000008c22                __mpa_mul_add_word
                0x0000000000008c9c                __mpa_mul_add_word_cum
                0x0000000000008d24                __mpa_abs_mul_word
                0x0000000000008dd2                __mpa_abs_mul
                0x0000000000008ede                mpa_mul
                0x0000000000008fa2                mpa_mul_word
 .text          0x000000000000904c      0x56c /home/ruan/op_tee/optee_os/out/arm/export-ta_arm32/lib/libmpa.a(mpa_shift.o)
                0x000000000000904c                __mpa_shift_words_left
                0x00000000000090fe                __mpa_shift_words_right
                0x00000000000091b2                mpa_shift_left
                0x00000000000093da                mpa_shift_right
 .text          0x00000000000095b8      0xab4 /home/ruan/op_tee/optee_os/out/arm/export-ta_arm32/lib/libmpa.a(mpa_addsub.o)
                0x00000000000095b8                __mpa_full_adder
                0x000000000000961c                __mpa_full_sub
                0x0000000000009684                __mpa_full_adder_ackum
                0x00000000000096e8                __mpa_abs_add
                0x00000000000097fc                __mpa_abs_add_ackum
                0x00000000000098e2                __mpa_abs_sub
                0x00000000000099ce                mpa_add
                0x0000000000009ba8                mpa_sub
                0x0000000000009daa                mpa_neg
                0x0000000000009dd4                mpa_add_word
                0x0000000000009f1e                mpa_sub_word
 .text          0x000000000000a06c      0x280 /home/ruan/op_tee/optee_os/out/arm/export-ta_arm32/lib/libmpa.a(mpa_cmp.o)
                0x000000000000a06c                __mpa_abs_cmp
                0x000000000000a16a                __mpa_abs_greater_than
                0x000000000000a194                __mpa_abs_less_than
                0x000000000000a1ba                mpa_cmp
                0x000000000000a244                mpa_cmp_short
 .text          0x000000000000a2ec       0xe8 /home/ruan/op_tee/optee_os/out/arm/export-ta_arm32/lib/libmpa.a(mpa_init.o)
                0x000000000000a2ec                mpa_init_static
                0x000000000000a338                mpa_init_static_fmm_context
 .text          0x000000000000a3d4      0x204 /home/ruan/op_tee/optee_os/out/arm/export-ta_arm32/lib/libmpa.a(mpa_modulus.o)
                0x000000000000a3d4                mpa_mod
                0x000000000000a400                mpa_add_mod
                0x000000000000a450                mpa_sub_mod
                0x000000000000a4a0                mpa_mul_mod
                0x000000000000a4f0                mpa_inv_mod
 .text          0x000000000000a5d8        0x0 /home/ruan/op_tee/optee_os/out/arm/export-ta_arm32/lib/libutils.a(arm32_aeabi_ldivmod_a32.o)
 *(SORT(.stub))
 *(SORT(.glue_7))
 .glue_7        0x000000000000a5d8        0x0 linker stubs
 *(SORT(.glue_7t))
 .glue_7t       0x000000000000a5d8        0x0 linker stubs
 *(SORT(.gnu.linkonce.t.*))
 *(SORT(.vfp11_veneer))
 .vfp11_veneer  0x000000000000a5d8        0x0 linker stubs
                [!provide]                        PROVIDE (__gnu_mcount_nc, __utee_mcount)
                0x000000000000a5d8                __text_end = .

.v4_bx          0x000000000000a5d8        0x0
 .v4_bx         0x000000000000a5d8        0x0 linker stubs

.iplt           0x000000000000a5d8        0x0
 .iplt          0x000000000000a5d8        0x0 ./ruan_test_ta.o

.eh_frame
 *(SORT(.eh_frame))

.rodata         0x000000000000a5d8     0x179c
 *(SORT(.gnu.linkonce.r.*))
 *(SORT(.rodata) SORT(.rodata.*))
 .rodata.ruan_test_ta.c
                0x000000000000a5d8      0x126 ./ruan_test_ta.o
 *fill*         0x000000000000a6fe        0x2 
 .rodata.user_ta_header.c
                0x000000000000a700      0x110 ./user_ta_header.o
                0x000000000000a700                trace_ext_prefix
                0x000000000000a708                ta_heap_size
                0x000000000000a80c                ta_num_props
 .rodata.lib/libutee/tee_api_arith.c
                0x000000000000a810       0x5f /home/ruan/op_tee/optee_os/out/arm/export-ta_arm32/lib/libutee.a(tee_api_arith.o)
 *fill*         0x000000000000a86f        0x1 
 .rodata.lib/libutee/tee_api.c
                0x000000000000a870        0x4 /home/ruan/op_tee/optee_os/out/arm/export-ta_arm32/lib/libutee.a(tee_api.o)
 .rodata.lib/libutee/tee_user_mem.c
                0x000000000000a874      0x184 /home/ruan/op_tee/optee_os/out/arm/export-ta_arm32/lib/libutee.a(tee_user_mem.o)
 .rodata.lib/libutee/trace_ext.c
                0x000000000000a9f8        0x2 /home/ruan/op_tee/optee_os/out/arm/export-ta_arm32/lib/libutee.a(trace_ext.o)
 *fill*         0x000000000000a9fa        0x2 
 .rodata.lib/libutee/assert.c
                0x000000000000a9fc       0x27 /home/ruan/op_tee/optee_os/out/arm/export-ta_arm32/lib/libutee.a(assert.o)
 *fill*         0x000000000000aa23        0x1 
 .rodata.lib/libutils/isoc/bget_malloc.c
                0x000000000000aa24      0x4a4 /home/ruan/op_tee/optee_os/out/arm/export-ta_arm32/lib/libutils.a(bget_malloc.o)
 .rodata.lib/libutils/ext/snprintk.c
                0x000000000000aec8       0x7d /home/ruan/op_tee/optee_os/out/arm/export-ta_arm32/lib/libutils.a(snprintk.o)
 *fill*         0x000000000000af45        0x3 
 .rodata.lib/libutils/ext/trace.c
                0x000000000000af48       0x55 /home/ruan/op_tee/optee_os/out/arm/export-ta_arm32/lib/libutils.a(trace.o)
 *fill*         0x000000000000af9d        0x3 
 .rodata.lib/libmpa/mpa_misc.c
                0x000000000000afa0       0x28 /home/ruan/op_tee/optee_os/out/arm/export-ta_arm32/lib/libmpa.a(mpa_misc.o)
                0x000000000000afa0                const_largest_deci_base
                0x000000000000afac                Const_1_LShift_Base
                0x000000000000afbc                const_one
 .rodata.lib/libmpa/mpa_primetest.c
                0x000000000000afc8      0xd30 /home/ruan/op_tee/optee_os/out/arm/export-ta_arm32/lib/libmpa.a(mpa_primetest.o)
                0x000000000000afc8                MAX_TABULATED_PRIME
                0x000000000000afcc                NR_STORED_PRIMES
                0x000000000000afd0                PRIME_TABLE
 .rodata.lib/libmpa/mpa_io.c
                0x000000000000bcf8       0x7c /home/ruan/op_tee/optee_os/out/arm/export-ta_arm32/lib/libmpa.a(mpa_io.o)

.ARM.extab      0x000000000000bd74      0xafc
 .ARM.extab     0x000000000000bd74       0x3c ./ruan_test_ta.o
 .ARM.extab     0x000000000000bdb0        0x0 ./user_ta_header.o
 .ARM.extab     0x000000000000bdb0       0x54 /home/ruan/op_tee/optee_os/out/arm/export-ta_arm32/lib/libutee.a(user_ta_entry.o)
 .ARM.extab     0x000000000000be04        0xc /home/ruan/op_tee/optee_os/out/arm/export-ta_arm32/lib/libutee.a(utee_syscalls_a32.o)
 .ARM.extab     0x000000000000be10      0x198 /home/ruan/op_tee/optee_os/out/arm/export-ta_arm32/lib/libutee.a(tee_api_arith.o)
 .ARM.extab     0x000000000000bfa8      0x120 /home/ruan/op_tee/optee_os/out/arm/export-ta_arm32/lib/libutee.a(tee_api.o)
 .ARM.extab     0x000000000000c0c8        0xc /home/ruan/op_tee/optee_os/out/arm/export-ta_arm32/lib/libutee.a(tee_api_panic.o)
 .ARM.extab     0x000000000000c0d4       0x3c /home/ruan/op_tee/optee_os/out/arm/export-ta_arm32/lib/libutee.a(utee_misc.o)
 .ARM.extab     0x000000000000c110       0xb4 /home/ruan/op_tee/optee_os/out/arm/export-ta_arm32/lib/libutee.a(tee_user_mem.o)
 .ARM.extab     0x000000000000c1c4       0x34 /home/ruan/op_tee/optee_os/out/arm/export-ta_arm32/lib/libutee.a(trace_ext.o)
 .ARM.extab     0x000000000000c1f8        0xc /home/ruan/op_tee/optee_os/out/arm/export-ta_arm32/lib/libutee.a(assert.o)
 .ARM.extab     0x000000000000c204      0x1a4 /home/ruan/op_tee/optee_os/out/arm/export-ta_arm32/lib/libutils.a(bget_malloc.o)
 .ARM.extab     0x000000000000c3a8       0x18 /home/ruan/op_tee/optee_os/out/arm/export-ta_arm32/lib/libutils.a(snprintf.o)
 .ARM.extab     0x000000000000c3c0        0xc /home/ruan/op_tee/optee_os/out/arm/export-ta_arm32/lib/libutils.a(memcmp.o)
 .ARM.extab     0x000000000000c3cc        0xc /home/ruan/op_tee/optee_os/out/arm/export-ta_arm32/lib/libutils.a(memcpy.o)
 .ARM.extab     0x000000000000c3d8        0xc /home/ruan/op_tee/optee_os/out/arm/export-ta_arm32/lib/libutils.a(memmove.o)
 .ARM.extab     0x000000000000c3e4        0xc /home/ruan/op_tee/optee_os/out/arm/export-ta_arm32/lib/libutils.a(memset.o)
 .ARM.extab     0x000000000000c3f0        0xc /home/ruan/op_tee/optee_os/out/arm/export-ta_arm32/lib/libutils.a(strlen.o)
 .ARM.extab     0x000000000000c3fc       0x24 /home/ruan/op_tee/optee_os/out/arm/export-ta_arm32/lib/libutils.a(snprintk.o)
 .ARM.extab     0x000000000000c420       0x30 /home/ruan/op_tee/optee_os/out/arm/export-ta_arm32/lib/libutils.a(trace.o)
 .ARM.extab     0x000000000000c450        0x0 /home/ruan/op_tee/optee_os/out/arm/export-ta_arm32/lib/libutils.a(aeabi_unwind.o)
 .ARM.extab     0x000000000000c450        0xc /home/ruan/op_tee/optee_os/out/arm/export-ta_arm32/lib/libutils.a(memchr.o)
 .ARM.extab     0x000000000000c45c       0x30 /home/ruan/op_tee/optee_os/out/arm/export-ta_arm32/lib/libutils.a(arm32_aeabi_ldivmod.o)
 .ARM.extab     0x000000000000c48c       0x60 /home/ruan/op_tee/optee_os/out/arm/export-ta_arm32/lib/libmpa.a(mpa_misc.o)
 .ARM.extab     0x000000000000c4ec       0x24 /home/ruan/op_tee/optee_os/out/arm/export-ta_arm32/lib/libmpa.a(mpa_montgomery.o)
 .ARM.extab     0x000000000000c510       0x30 /home/ruan/op_tee/optee_os/out/arm/export-ta_arm32/lib/libmpa.a(mpa_primetest.o)
 .ARM.extab     0x000000000000c540       0x30 /home/ruan/op_tee/optee_os/out/arm/export-ta_arm32/lib/libmpa.a(mpa_conv.o)
 .ARM.extab     0x000000000000c570       0x48 /home/ruan/op_tee/optee_os/out/arm/export-ta_arm32/lib/libmpa.a(mpa_div.o)
 .ARM.extab     0x000000000000c5b8       0x3c /home/ruan/op_tee/optee_os/out/arm/export-ta_arm32/lib/libmpa.a(mpa_gcd.o)
 .ARM.extab     0x000000000000c5f4       0x3c /home/ruan/op_tee/optee_os/out/arm/export-ta_arm32/lib/libmpa.a(mpa_mem_static.o)
 .ARM.extab     0x000000000000c630       0x30 /home/ruan/op_tee/optee_os/out/arm/export-ta_arm32/lib/libmpa.a(mpa_mul.o)
 .ARM.extab     0x000000000000c660       0x30 /home/ruan/op_tee/optee_os/out/arm/export-ta_arm32/lib/libmpa.a(mpa_random.o)
 .ARM.extab     0x000000000000c690       0x30 /home/ruan/op_tee/optee_os/out/arm/export-ta_arm32/lib/libmpa.a(mpa_shift.o)
 .ARM.extab     0x000000000000c6c0       0x60 /home/ruan/op_tee/optee_os/out/arm/export-ta_arm32/lib/libmpa.a(mpa_addsub.o)
 .ARM.extab     0x000000000000c720       0x3c /home/ruan/op_tee/optee_os/out/arm/export-ta_arm32/lib/libmpa.a(mpa_cmp.o)
 .ARM.extab     0x000000000000c75c        0xc /home/ruan/op_tee/optee_os/out/arm/export-ta_arm32/lib/libmpa.a(mpa_expmod.o)
 .ARM.extab     0x000000000000c768       0x18 /home/ruan/op_tee/optee_os/out/arm/export-ta_arm32/lib/libmpa.a(mpa_init.o)
 .ARM.extab     0x000000000000c780       0xb4 /home/ruan/op_tee/optee_os/out/arm/export-ta_arm32/lib/libmpa.a(mpa_io.o)
 .ARM.extab     0x000000000000c834       0x3c /home/ruan/op_tee/optee_os/out/arm/export-ta_arm32/lib/libmpa.a(mpa_modulus.o)

.gnu.version_d  0x000000000000c870        0x0
 .gnu.version_d
                0x000000000000c870        0x0 ./ruan_test_ta.o

.gnu.version    0x000000000000c870        0x0
 .gnu.version   0x000000000000c870        0x0 ./ruan_test_ta.o

.gnu.version_r  0x000000000000c870        0x0
 .gnu.version_r
                0x000000000000c870        0x0 ./ruan_test_ta.o

.ARM.extab.text.__aeabi_ldivmod
                0x000000000000c870        0xc
 .ARM.extab.text.__aeabi_ldivmod
                0x000000000000c870        0xc /home/ruan/op_tee/optee_os/out/arm/export-ta_arm32/lib/libutils.a(arm32_aeabi_ldivmod_a32.o)

.ARM.extab.text.__aeabi_uldivmod
                0x000000000000c87c        0xc
 .ARM.extab.text.__aeabi_uldivmod
                0x000000000000c87c        0xc /home/ruan/op_tee/optee_os/out/arm/export-ta_arm32/lib/libutils.a(arm32_aeabi_ldivmod_a32.o)

.ARM.exidx      0x000000000000c888      0x830
 *(SORT(.ARM.exidx*) SORT(.gnu.linkonce.armexidx.*))
 .ARM.exidx     0x000000000000c888       0x30 ./ruan_test_ta.o
                                         0x38 (size before relaxing)
 .ARM.exidx     0x000000000000ce78        0x8 ./user_ta_header.o
 .ARM.exidx     0x000000000000c8b8       0x48 /home/ruan/op_tee/optee_os/out/arm/export-ta_arm32/lib/libutee.a(user_ta_entry.o)
                                         0x50 (size before relaxing)
 .ARM.exidx     0x000000000000c900       0x18 /home/ruan/op_tee/optee_os/out/arm/export-ta_arm32/lib/libutee.a(utee_syscalls_a32.o)
                                        0x240 (size before relaxing)
 .ARM.exidx     0x000000000000c918      0x110 /home/ruan/op_tee/optee_os/out/arm/export-ta_arm32/lib/libutee.a(tee_api_arith.o)
 .ARM.exidx     0x000000000000ca28       0xc8 /home/ruan/op_tee/optee_os/out/arm/export-ta_arm32/lib/libutee.a(tee_api.o)
 .ARM.exidx     0x000000000000ce80        0x8 /home/ruan/op_tee/optee_os/out/arm/export-ta_arm32/lib/libutee.a(tee_api_panic.o)
 .ARM.exidx     0x000000000000ce88       0x30 /home/ruan/op_tee/optee_os/out/arm/export-ta_arm32/lib/libutee.a(utee_misc.o)
 .ARM.exidx     0x000000000000caf0       0x88 /home/ruan/op_tee/optee_os/out/arm/export-ta_arm32/lib/libutee.a(tee_user_mem.o)
 .ARM.exidx     0x000000000000cb78       0x28 /home/ruan/op_tee/optee_os/out/arm/export-ta_arm32/lib/libutee.a(trace_ext.o)
 .ARM.exidx     0x000000000000cba0       0x10 /home/ruan/op_tee/optee_os/out/arm/export-ta_arm32/lib/libutee.a(assert.o)
 .ARM.exidx     0x000000000000cbb0      0x128 /home/ruan/op_tee/optee_os/out/arm/export-ta_arm32/lib/libutils.a(bget_malloc.o)
 .ARM.exidx     0x000000000000ceb8       0x10 /home/ruan/op_tee/optee_os/out/arm/export-ta_arm32/lib/libutils.a(snprintf.o)
 .ARM.exidx     0x000000000000cec8        0x8 /home/ruan/op_tee/optee_os/out/arm/export-ta_arm32/lib/libutils.a(memcmp.o)
 .ARM.exidx     0x000000000000ced0        0x8 /home/ruan/op_tee/optee_os/out/arm/export-ta_arm32/lib/libutils.a(memcpy.o)
 .ARM.exidx     0x000000000000ced8        0x8 /home/ruan/op_tee/optee_os/out/arm/export-ta_arm32/lib/libutils.a(memmove.o)
 .ARM.exidx     0x000000000000cee0        0x8 /home/ruan/op_tee/optee_os/out/arm/export-ta_arm32/lib/libutils.a(memset.o)
 .ARM.exidx     0x000000000000cee8        0x8 /home/ruan/op_tee/optee_os/out/arm/export-ta_arm32/lib/libutils.a(strlen.o)
 .ARM.exidx     0x000000000000ccd8       0x28 /home/ruan/op_tee/optee_os/out/arm/export-ta_arm32/lib/libutils.a(snprintk.o)
 .ARM.exidx     0x000000000000cd00       0x28 /home/ruan/op_tee/optee_os/out/arm/export-ta_arm32/lib/libutils.a(trace.o)
 .ARM.exidx     0x000000000000cef0        0x8 /home/ruan/op_tee/optee_os/out/arm/export-ta_arm32/lib/libutils.a(aeabi_unwind.o)
                                         0x18 (size before relaxing)
 .ARM.exidx     0x000000000000cef8        0x8 /home/ruan/op_tee/optee_os/out/arm/export-ta_arm32/lib/libutils.a(memchr.o)
 .ARM.exidx.text.__aeabi_ldivmod
                0x000000000000cd28        0x8 /home/ruan/op_tee/optee_os/out/arm/export-ta_arm32/lib/libutils.a(arm32_aeabi_ldivmod_a32.o)
 .ARM.exidx.text.__aeabi_uldivmod
                0x000000000000cd30        0x8 /home/ruan/op_tee/optee_os/out/arm/export-ta_arm32/lib/libutils.a(arm32_aeabi_ldivmod_a32.o)
 .ARM.exidx     0x000000000000cf00       0x20 /home/ruan/op_tee/optee_os/out/arm/export-ta_arm32/lib/libutils.a(arm32_aeabi_ldivmod.o)
 .ARM.exidx     0x000000000000cd38       0x48 /home/ruan/op_tee/optee_os/out/arm/export-ta_arm32/lib/libmpa.a(mpa_misc.o)
 .ARM.exidx     0x000000000000cd80       0x28 /home/ruan/op_tee/optee_os/out/arm/export-ta_arm32/lib/libmpa.a(mpa_montgomery.o)
 .ARM.exidx     0x000000000000cda8       0x28 /home/ruan/op_tee/optee_os/out/arm/export-ta_arm32/lib/libmpa.a(mpa_primetest.o)
 .ARM.exidx     0x000000000000cf20       0x20 /home/ruan/op_tee/optee_os/out/arm/export-ta_arm32/lib/libmpa.a(mpa_conv.o)
 .ARM.exidx     0x000000000000cf40       0x30 /home/ruan/op_tee/optee_os/out/arm/export-ta_arm32/lib/libmpa.a(mpa_div.o)
 .ARM.exidx     0x000000000000cf70       0x28 /home/ruan/op_tee/optee_os/out/arm/export-ta_arm32/lib/libmpa.a(mpa_gcd.o)
 .ARM.exidx     0x000000000000cf98       0x28 /home/ruan/op_tee/optee_os/out/arm/export-ta_arm32/lib/libmpa.a(mpa_mem_static.o)
 .ARM.exidx     0x000000000000cfc0       0x28 /home/ruan/op_tee/optee_os/out/arm/export-ta_arm32/lib/libmpa.a(mpa_mul.o)
                                         0x30 (size before relaxing)
 .ARM.exidx     0x000000000000cdd0       0x20 /home/ruan/op_tee/optee_os/out/arm/export-ta_arm32/lib/libmpa.a(mpa_random.o)
 .ARM.exidx     0x000000000000cfe8       0x20 /home/ruan/op_tee/optee_os/out/arm/export-ta_arm32/lib/libmpa.a(mpa_shift.o)
 .ARM.exidx     0x000000000000d008       0x48 /home/ruan/op_tee/optee_os/out/arm/export-ta_arm32/lib/libmpa.a(mpa_addsub.o)
                                         0x58 (size before relaxing)
 .ARM.exidx     0x000000000000d050       0x28 /home/ruan/op_tee/optee_os/out/arm/export-ta_arm32/lib/libmpa.a(mpa_cmp.o)
 .ARM.exidx     0x000000000000cdf0        0x8 /home/ruan/op_tee/optee_os/out/arm/export-ta_arm32/lib/libmpa.a(mpa_expmod.o)
 .ARM.exidx     0x000000000000d078       0x10 /home/ruan/op_tee/optee_os/out/arm/export-ta_arm32/lib/libmpa.a(mpa_init.o)
 .ARM.exidx     0x000000000000cdf8       0x80 /home/ruan/op_tee/optee_os/out/arm/export-ta_arm32/lib/libmpa.a(mpa_io.o)
 .ARM.exidx     0x000000000000d088       0x30 /home/ruan/op_tee/optee_os/out/arm/export-ta_arm32/lib/libmpa.a(mpa_modulus.o)
                                         0x28 (size before relaxing)

.ctors
 *(SORT(.ctors))

.dtors
 *(SORT(.dtors))

.plt            0x000000000000d0b8        0x0
 *(SORT(.plt))
 .plt           0x000000000000d0b8        0x0 ./ruan_test_ta.o

.got            0x000000000000d0b8       0x28
 *(SORT(.got.plt))
 .got.plt       0x000000000000d0b8        0xc ./ruan_test_ta.o
                0x000000000000d0b8                _GLOBAL_OFFSET_TABLE_
 *(SORT(.got))
 .got           0x000000000000d0c4       0x1c ./ruan_test_ta.o

.rel.text       0x000000000000d0e0        0x0
 *(SORT(.rel.text))
 .rel.text      0x000000000000d0e0        0x0 ./ruan_test_ta.o
 *(SORT(.rel.gnu.linkonce.t*))

.rela.text
 *(SORT(.rela.text))
 *(SORT(.rela.gnu.linkonce.t*))

.rel.data
 *(SORT(.rel.data))
 *(SORT(.rel.gnu.linkonce.d*))

.rela.data
 *(SORT(.rela.data))
 *(SORT(.rela.gnu.linkonce.d*))

.rel.rodata
 *(SORT(.rel.rodata))
 *(SORT(.rel.gnu.linkonce.r*))

.rela.rodata
 *(SORT(.rela.rodata))
 *(SORT(.rela.gnu.linkonce.r*))

.rel.dyn        0x000000000000d0e0       0xc8
 *(SORT(.rel.dyn))
 .rel.iplt      0x000000000000d0e0        0x0 ./ruan_test_ta.o
 .rel.ta_head   0x000000000000d0e0        0x8 ./ruan_test_ta.o
 .rel.data.rel.ro.local
                0x000000000000d0e8       0x90 ./ruan_test_ta.o
 .rel.data.rel  0x000000000000d178        0x8 ./ruan_test_ta.o
 .rel.data.rel.local
                0x000000000000d180       0x28 ./ruan_test_ta.o

.rel.got        0x000000000000d1a8       0x38
 *(SORT(.rel.got))
 .rel.got       0x000000000000d1a8       0x38 ./ruan_test_ta.o

.rela.got
 *(SORT(.rela.got))

.rel.ctors
 *(SORT(.rel.ctors))

.rela.ctors
 *(SORT(.rela.ctors))

.rel.dtors
 *(SORT(.rel.dtors))

.rela.dtors
 *(SORT(.rela.dtors))

.rel.init
 *(SORT(.rel.init))

.rela.init
 *(SORT(.rela.init))

.rel.fini
 *(SORT(.rel.fini))

.rela.fini
 *(SORT(.rela.fini))

.rel.bss
 *(SORT(.rel.bss))

.rela.bss
 *(SORT(.rela.bss))

.rel.plt        0x000000000000d1e0        0x0
 *(SORT(.rel.plt))
 .rel.plt       0x000000000000d1e0        0x0 ./ruan_test_ta.o

.rela.plt
 *(SORT(.rela.plt))

.dynamic        0x000000000000d1e0       0x80
 *(SORT(.dynamic))
 .dynamic       0x000000000000d1e0       0x80 ./ruan_test_ta.o
                0x000000000000d1e0                _DYNAMIC

.dynsym         0x000000000000d260       0xa0
 *(SORT(.dynsym))
 .dynsym        0x000000000000d260       0xa0 ./ruan_test_ta.o

.dynstr         0x000000000000d300       0x5f
 *(SORT(.dynstr))
 .dynstr        0x000000000000d300       0x5f ./ruan_test_ta.o

.hash           0x000000000000d360       0x3c
 *(SORT(.hash))
 .hash          0x000000000000d360       0x3c ./ruan_test_ta.o
                0x000000000000e000                . = ALIGN (0x1000)

.data           0x000000000000e000       0x9c
 *(SORT(.data) SORT(.data.*) SORT(.gnu.linkonce.d.*))
 .data          0x000000000000e000        0x4 ./user_ta_header.o
                0x000000000000e000                trace_level
 .data.rel.ro.local
                0x000000000000e004       0x6c ./user_ta_header.o
                0x000000000000e004                ta_props
 .data.rel      0x000000000000e070        0x4 /home/ruan/op_tee/optee_os/out/arm/export-ta_arm32/lib/libutee.a(user_ta_entry.o)
                0x000000000000e070                _ref__utee_mcount
 .data.rel.local
                0x000000000000e074        0x8 /home/ruan/op_tee/optee_os/out/arm/export-ta_arm32/lib/libutee.a(user_ta_entry.o)
 .data.rel.local
                0x000000000000e07c        0x4 /home/ruan/op_tee/optee_os/out/arm/export-ta_arm32/lib/libutee.a(tee_api_arith.o)
 .data          0x000000000000e080        0x4 /home/ruan/op_tee/optee_os/out/arm/export-ta_arm32/lib/libutee.a(tee_user_mem.o)
 .data.rel.local
                0x000000000000e084        0x8 /home/ruan/op_tee/optee_os/out/arm/export-ta_arm32/lib/libutee.a(tee_user_mem.o)
                0x000000000000e084                user_mem_head
 .data.rel.local
                0x000000000000e08c       0x10 /home/ruan/op_tee/optee_os/out/arm/export-ta_arm32/lib/libutils.a(bget_malloc.o)
 .data          0x000000000000e09c        0x0 ./ruan_test_ta.o
 .data          0x000000000000e09c        0x0 /home/ruan/op_tee/optee_os/out/arm/export-ta_arm32/lib/libutee.a(user_ta_entry.o)
 .data          0x000000000000e09c        0x0 /home/ruan/op_tee/optee_os/out/arm/export-ta_arm32/lib/libutee.a(utee_syscalls_a32.o)
 .data          0x000000000000e09c        0x0 /home/ruan/op_tee/optee_os/out/arm/export-ta_arm32/lib/libutee.a(gprof_a32.o)
 .data          0x000000000000e09c        0x0 /home/ruan/op_tee/optee_os/out/arm/export-ta_arm32/lib/libutee.a(tee_api_arith.o)
 .data          0x000000000000e09c        0x0 /home/ruan/op_tee/optee_os/out/arm/export-ta_arm32/lib/libutee.a(tee_api.o)
 .data          0x000000000000e09c        0x0 /home/ruan/op_tee/optee_os/out/arm/export-ta_arm32/lib/libutee.a(tee_api_panic.o)
 .data          0x000000000000e09c        0x0 /home/ruan/op_tee/optee_os/out/arm/export-ta_arm32/lib/libutee.a(utee_misc.o)
 .data          0x000000000000e09c        0x0 /home/ruan/op_tee/optee_os/out/arm/export-ta_arm32/lib/libutee.a(trace_ext.o)
 .data          0x000000000000e09c        0x0 /home/ruan/op_tee/optee_os/out/arm/export-ta_arm32/lib/libutee.a(assert.o)
 .data          0x000000000000e09c        0x0 /home/ruan/op_tee/optee_os/out/arm/export-ta_arm32/lib/libutils.a(bget_malloc.o)
 .data          0x000000000000e09c        0x0 /home/ruan/op_tee/optee_os/out/arm/export-ta_arm32/lib/libutils.a(snprintf.o)
 .data          0x000000000000e09c        0x0 /home/ruan/op_tee/optee_os/out/arm/export-ta_arm32/lib/libutils.a(memcmp.o)
 .data          0x000000000000e09c        0x0 /home/ruan/op_tee/optee_os/out/arm/export-ta_arm32/lib/libutils.a(memcpy.o)
 .data          0x000000000000e09c        0x0 /home/ruan/op_tee/optee_os/out/arm/export-ta_arm32/lib/libutils.a(memmove.o)
 .data          0x000000000000e09c        0x0 /home/ruan/op_tee/optee_os/out/arm/export-ta_arm32/lib/libutils.a(memset.o)
 .data          0x000000000000e09c        0x0 /home/ruan/op_tee/optee_os/out/arm/export-ta_arm32/lib/libutils.a(strlen.o)
 .data          0x000000000000e09c        0x0 /home/ruan/op_tee/optee_os/out/arm/export-ta_arm32/lib/libutils.a(snprintk.o)
 .data          0x000000000000e09c        0x0 /home/ruan/op_tee/optee_os/out/arm/export-ta_arm32/lib/libutils.a(trace.o)
 .data          0x000000000000e09c        0x0 /home/ruan/op_tee/optee_os/out/arm/export-ta_arm32/lib/libutils.a(aeabi_unwind.o)
 .data          0x000000000000e09c        0x0 /home/ruan/op_tee/optee_os/out/arm/export-ta_arm32/lib/libutils.a(memchr.o)
 .data          0x000000000000e09c        0x0 /home/ruan/op_tee/optee_os/out/arm/export-ta_arm32/lib/libutils.a(arm32_aeabi_ldivmod_a32.o)
 .data          0x000000000000e09c        0x0 /home/ruan/op_tee/optee_os/out/arm/export-ta_arm32/lib/libutils.a(arm32_aeabi_ldivmod.o)
 .data          0x000000000000e09c        0x0 /home/ruan/op_tee/optee_os/out/arm/export-ta_arm32/lib/libmpa.a(mpa_misc.o)
 .data          0x000000000000e09c        0x0 /home/ruan/op_tee/optee_os/out/arm/export-ta_arm32/lib/libmpa.a(mpa_montgomery.o)
 .data          0x000000000000e09c        0x0 /home/ruan/op_tee/optee_os/out/arm/export-ta_arm32/lib/libmpa.a(mpa_primetest.o)
 .data          0x000000000000e09c        0x0 /home/ruan/op_tee/optee_os/out/arm/export-ta_arm32/lib/libmpa.a(mpa_conv.o)
 .data          0x000000000000e09c        0x0 /home/ruan/op_tee/optee_os/out/arm/export-ta_arm32/lib/libmpa.a(mpa_div.o)
 .data          0x000000000000e09c        0x0 /home/ruan/op_tee/optee_os/out/arm/export-ta_arm32/lib/libmpa.a(mpa_gcd.o)
 .data          0x000000000000e09c        0x0 /home/ruan/op_tee/optee_os/out/arm/export-ta_arm32/lib/libmpa.a(mpa_mem_static.o)
 .data          0x000000000000e09c        0x0 /home/ruan/op_tee/optee_os/out/arm/export-ta_arm32/lib/libmpa.a(mpa_mul.o)
 .data          0x000000000000e09c        0x0 /home/ruan/op_tee/optee_os/out/arm/export-ta_arm32/lib/libmpa.a(mpa_random.o)
 .data          0x000000000000e09c        0x0 /home/ruan/op_tee/optee_os/out/arm/export-ta_arm32/lib/libmpa.a(mpa_shift.o)
 .data          0x000000000000e09c        0x0 /home/ruan/op_tee/optee_os/out/arm/export-ta_arm32/lib/libmpa.a(mpa_addsub.o)
 .data          0x000000000000e09c        0x0 /home/ruan/op_tee/optee_os/out/arm/export-ta_arm32/lib/libmpa.a(mpa_cmp.o)
 .data          0x000000000000e09c        0x0 /home/ruan/op_tee/optee_os/out/arm/export-ta_arm32/lib/libmpa.a(mpa_expmod.o)
 .data          0x000000000000e09c        0x0 /home/ruan/op_tee/optee_os/out/arm/export-ta_arm32/lib/libmpa.a(mpa_init.o)
 .data          0x000000000000e09c        0x0 /home/ruan/op_tee/optee_os/out/arm/export-ta_arm32/lib/libmpa.a(mpa_io.o)
 .data          0x000000000000e09c        0x0 /home/ruan/op_tee/optee_os/out/arm/export-ta_arm32/lib/libmpa.a(mpa_modulus.o)

.igot.plt       0x000000000000e09c        0x0
 .igot.plt      0x000000000000e09c        0x0 ./ruan_test_ta.o

.bss            0x000000000000e09c     0xab94
 *(SORT(.bss) SORT(.bss.*) SORT(.gnu.linkonce.b.*) SORT(COMMON))
 .bss           0x000000000000e09c     0x8000 ./user_ta_header.o
                0x000000000000e09c                ta_heap
 .bss           0x000000000001609c       0x29 /home/ruan/op_tee/optee_os/out/arm/export-ta_arm32/lib/libutee.a(user_ta_entry.o)
                0x000000000001609c                ta_param_types
                0x00000000000160a0                ta_params
 *fill*         0x00000000000160c5        0x3 
 .bss           0x00000000000160c8     0x1b00 /home/ruan/op_tee/optee_os/out/arm/export-ta_arm32/lib/libutee.a(tee_api_arith.o)
 .bss           0x0000000000017bc8        0x4 /home/ruan/op_tee/optee_os/out/arm/export-ta_arm32/lib/libutee.a(tee_api.o)
 .bss           0x0000000000017bcc        0xc /home/ruan/op_tee/optee_os/out/arm/export-ta_arm32/lib/libutee.a(tee_user_mem.o)
 .bss           0x0000000000017bd8       0x4c /home/ruan/op_tee/optee_os/out/arm/export-ta_arm32/lib/libutils.a(bget_malloc.o)
 .bss           0x0000000000017c24        0x4 /home/ruan/op_tee/optee_os/out/arm/export-ta_arm32/lib/libmpa.a(mpa_random.o)
 .bss           0x0000000000017c28     0x1002 /home/ruan/op_tee/optee_os/out/arm/export-ta_arm32/lib/libmpa.a(mpa_io.o)
 .bss           0x0000000000018c2a        0x0 ./ruan_test_ta.o
 .bss           0x0000000000018c2a        0x0 /home/ruan/op_tee/optee_os/out/arm/export-ta_arm32/lib/libutee.a(utee_syscalls_a32.o)
 .bss           0x0000000000018c2a        0x0 /home/ruan/op_tee/optee_os/out/arm/export-ta_arm32/lib/libutee.a(gprof_a32.o)
 .bss           0x0000000000018c2a        0x0 /home/ruan/op_tee/optee_os/out/arm/export-ta_arm32/lib/libutee.a(tee_api_panic.o)
 .bss           0x0000000000018c2a        0x0 /home/ruan/op_tee/optee_os/out/arm/export-ta_arm32/lib/libutee.a(utee_misc.o)
 .bss           0x0000000000018c2a        0x0 /home/ruan/op_tee/optee_os/out/arm/export-ta_arm32/lib/libutee.a(trace_ext.o)
 .bss           0x0000000000018c2a        0x0 /home/ruan/op_tee/optee_os/out/arm/export-ta_arm32/lib/libutee.a(assert.o)
 .bss           0x0000000000018c2a        0x0 /home/ruan/op_tee/optee_os/out/arm/export-ta_arm32/lib/libutils.a(snprintf.o)
 .bss           0x0000000000018c2a        0x0 /home/ruan/op_tee/optee_os/out/arm/export-ta_arm32/lib/libutils.a(memcmp.o)
 .bss           0x0000000000018c2a        0x0 /home/ruan/op_tee/optee_os/out/arm/export-ta_arm32/lib/libutils.a(memcpy.o)
 .bss           0x0000000000018c2a        0x0 /home/ruan/op_tee/optee_os/out/arm/export-ta_arm32/lib/libutils.a(memmove.o)
 .bss           0x0000000000018c2a        0x0 /home/ruan/op_tee/optee_os/out/arm/export-ta_arm32/lib/libutils.a(memset.o)
 .bss           0x0000000000018c2a        0x0 /home/ruan/op_tee/optee_os/out/arm/export-ta_arm32/lib/libutils.a(strlen.o)
 .bss           0x0000000000018c2a        0x0 /home/ruan/op_tee/optee_os/out/arm/export-ta_arm32/lib/libutils.a(snprintk.o)
 .bss           0x0000000000018c2a        0x0 /home/ruan/op_tee/optee_os/out/arm/export-ta_arm32/lib/libutils.a(trace.o)
 .bss           0x0000000000018c2a        0x0 /home/ruan/op_tee/optee_os/out/arm/export-ta_arm32/lib/libutils.a(aeabi_unwind.o)
 .bss           0x0000000000018c2a        0x0 /home/ruan/op_tee/optee_os/out/arm/export-ta_arm32/lib/libutils.a(memchr.o)
 .bss           0x0000000000018c2a        0x0 /home/ruan/op_tee/optee_os/out/arm/export-ta_arm32/lib/libutils.a(arm32_aeabi_ldivmod_a32.o)
 .bss           0x0000000000018c2a        0x0 /home/ruan/op_tee/optee_os/out/arm/export-ta_arm32/lib/libutils.a(arm32_aeabi_ldivmod.o)
 .bss           0x0000000000018c2a        0x0 /home/ruan/op_tee/optee_os/out/arm/export-ta_arm32/lib/libmpa.a(mpa_misc.o)
 .bss           0x0000000000018c2a        0x0 /home/ruan/op_tee/optee_os/out/arm/export-ta_arm32/lib/libmpa.a(mpa_montgomery.o)
 .bss           0x0000000000018c2a        0x0 /home/ruan/op_tee/optee_os/out/arm/export-ta_arm32/lib/libmpa.a(mpa_primetest.o)
 .bss           0x0000000000018c2a        0x0 /home/ruan/op_tee/optee_os/out/arm/export-ta_arm32/lib/libmpa.a(mpa_conv.o)
 .bss           0x0000000000018c2a        0x0 /home/ruan/op_tee/optee_os/out/arm/export-ta_arm32/lib/libmpa.a(mpa_div.o)
 .bss           0x0000000000018c2a        0x0 /home/ruan/op_tee/optee_os/out/arm/export-ta_arm32/lib/libmpa.a(mpa_gcd.o)
 .bss           0x0000000000018c2a        0x0 /home/ruan/op_tee/optee_os/out/arm/export-ta_arm32/lib/libmpa.a(mpa_mem_static.o)
 .bss           0x0000000000018c2a        0x0 /home/ruan/op_tee/optee_os/out/arm/export-ta_arm32/lib/libmpa.a(mpa_mul.o)
 .bss           0x0000000000018c2a        0x0 /home/ruan/op_tee/optee_os/out/arm/export-ta_arm32/lib/libmpa.a(mpa_shift.o)
 .bss           0x0000000000018c2a        0x0 /home/ruan/op_tee/optee_os/out/arm/export-ta_arm32/lib/libmpa.a(mpa_addsub.o)
 .bss           0x0000000000018c2a        0x0 /home/ruan/op_tee/optee_os/out/arm/export-ta_arm32/lib/libmpa.a(mpa_cmp.o)
 .bss           0x0000000000018c2a        0x0 /home/ruan/op_tee/optee_os/out/arm/export-ta_arm32/lib/libmpa.a(mpa_expmod.o)
 .bss           0x0000000000018c2a        0x0 /home/ruan/op_tee/optee_os/out/arm/export-ta_arm32/lib/libmpa.a(mpa_init.o)
 .bss           0x0000000000018c2a        0x0 /home/ruan/op_tee/optee_os/out/arm/export-ta_arm32/lib/libmpa.a(mpa_modulus.o)
                0x0000000000018c30                . = ALIGN (0x8)
 *fill*         0x0000000000018c2a        0x6 
                0x0000000000018c30                __gprof_buf_start = .
                0x0000000000018c30                . = (. + DEFINED (__gnu_mcount_nc)?(((__text_end - __text_start) * 0x88) / 0x64):0x0)
                0x0000000000018c30                __gprof_buf_end = .

.dynbss         0x0000000000018c30        0x0
 .dynbss        0x0000000000018c30        0x0 ./ruan_test_ta.o

/DISCARD/
 *(SORT(.interp))
LOAD ./ruan_test_ta.o
LOAD ./user_ta_header.o
START GROUP
LOAD /home/ruan/op_tee/optee_os/out/arm/export-ta_arm32/lib/libmpa.a
LOAD /home/ruan/op_tee/optee_os/out/arm/export-ta_arm32/lib/libutee.a
LOAD /home/ruan/op_tee/optee_os/out/arm/export-ta_arm32/lib/libutils.a
END GROUP
OUTPUT(8aaaf200-2450-11e4-abe2-0002a5d5c51b.elf elf32-littlearm)

.debug_info     0x0000000000000000     0x993e
 .debug_info    0x0000000000000000      0x37f ./ruan_test_ta.o
 .debug_info    0x000000000000037f      0x383 ./user_ta_header.o
 .debug_info    0x0000000000000702      0x61a /home/ruan/op_tee/optee_os/out/arm/export-ta_arm32/lib/libutee.a(user_ta_entry.o)
 .debug_info    0x0000000000000d1c       0x6c /home/ruan/op_tee/optee_os/out/arm/export-ta_arm32/lib/libutee.a(utee_syscalls_a32.o)
 .debug_info    0x0000000000000d88       0x6a /home/ruan/op_tee/optee_os/out/arm/export-ta_arm32/lib/libutee.a(gprof_a32.o)
 .debug_info    0x0000000000000df2      0xff1 /home/ruan/op_tee/optee_os/out/arm/export-ta_arm32/lib/libutee.a(tee_api_arith.o)
 .debug_info    0x0000000000001de3      0xa5c /home/ruan/op_tee/optee_os/out/arm/export-ta_arm32/lib/libutee.a(tee_api.o)
 .debug_info    0x000000000000283f       0xe6 /home/ruan/op_tee/optee_os/out/arm/export-ta_arm32/lib/libutee.a(tee_api_panic.o)
 .debug_info    0x0000000000002925      0x1e0 /home/ruan/op_tee/optee_os/out/arm/export-ta_arm32/lib/libutee.a(utee_misc.o)
 .debug_info    0x0000000000002b05      0x6b1 /home/ruan/op_tee/optee_os/out/arm/export-ta_arm32/lib/libutee.a(tee_user_mem.o)
 .debug_info    0x00000000000031b6      0x1e8 /home/ruan/op_tee/optee_os/out/arm/export-ta_arm32/lib/libutee.a(trace_ext.o)
 .debug_info    0x000000000000339e      0x11a /home/ruan/op_tee/optee_os/out/arm/export-ta_arm32/lib/libutee.a(assert.o)
 .debug_info    0x00000000000034b8     0x1182 /home/ruan/op_tee/optee_os/out/arm/export-ta_arm32/lib/libutils.a(bget_malloc.o)
 .debug_info    0x000000000000463a      0x135 /home/ruan/op_tee/optee_os/out/arm/export-ta_arm32/lib/libutils.a(snprintf.o)
 .debug_info    0x000000000000476f       0xd8 /home/ruan/op_tee/optee_os/out/arm/export-ta_arm32/lib/libutils.a(memcmp.o)
 .debug_info    0x0000000000004847       0xf8 /home/ruan/op_tee/optee_os/out/arm/export-ta_arm32/lib/libutils.a(memcpy.o)
 .debug_info    0x000000000000493f       0xf8 /home/ruan/op_tee/optee_os/out/arm/export-ta_arm32/lib/libutils.a(memmove.o)
 .debug_info    0x0000000000004a37       0xdd /home/ruan/op_tee/optee_os/out/arm/export-ta_arm32/lib/libutils.a(memset.o)
 .debug_info    0x0000000000004b14       0xa6 /home/ruan/op_tee/optee_os/out/arm/export-ta_arm32/lib/libutils.a(strlen.o)
 .debug_info    0x0000000000004bba      0x4fe /home/ruan/op_tee/optee_os/out/arm/export-ta_arm32/lib/libutils.a(snprintk.o)
 .debug_info    0x00000000000050b8      0x2ad /home/ruan/op_tee/optee_os/out/arm/export-ta_arm32/lib/libutils.a(trace.o)
 .debug_info    0x0000000000005365       0x5d /home/ruan/op_tee/optee_os/out/arm/export-ta_arm32/lib/libutils.a(aeabi_unwind.o)
 .debug_info    0x00000000000053c2       0xef /home/ruan/op_tee/optee_os/out/arm/export-ta_arm32/lib/libutils.a(memchr.o)
 .debug_info    0x00000000000054b1       0x74 /home/ruan/op_tee/optee_os/out/arm/export-ta_arm32/lib/libutils.a(arm32_aeabi_ldivmod_a32.o)
 .debug_info    0x0000000000005525      0x1f8 /home/ruan/op_tee/optee_os/out/arm/export-ta_arm32/lib/libutils.a(arm32_aeabi_ldivmod.o)
 .debug_info    0x000000000000571d      0x31f /home/ruan/op_tee/optee_os/out/arm/export-ta_arm32/lib/libmpa.a(mpa_misc.o)
 .debug_info    0x0000000000005a3c      0x4c1 /home/ruan/op_tee/optee_os/out/arm/export-ta_arm32/lib/libmpa.a(mpa_montgomery.o)
 .debug_info    0x0000000000005efd      0x4d2 /home/ruan/op_tee/optee_os/out/arm/export-ta_arm32/lib/libmpa.a(mpa_primetest.o)
 .debug_info    0x00000000000063cf      0x204 /home/ruan/op_tee/optee_os/out/arm/export-ta_arm32/lib/libmpa.a(mpa_conv.o)
 .debug_info    0x00000000000065d3      0x5b0 /home/ruan/op_tee/optee_os/out/arm/export-ta_arm32/lib/libmpa.a(mpa_div.o)
 .debug_info    0x0000000000006b83      0x4d5 /home/ruan/op_tee/optee_os/out/arm/export-ta_arm32/lib/libmpa.a(mpa_gcd.o)
 .debug_info    0x0000000000007058      0x447 /home/ruan/op_tee/optee_os/out/arm/export-ta_arm32/lib/libmpa.a(mpa_mem_static.o)
 .debug_info    0x000000000000749f      0x49c /home/ruan/op_tee/optee_os/out/arm/export-ta_arm32/lib/libmpa.a(mpa_mul.o)
 .debug_info    0x000000000000793b      0x2b4 /home/ruan/op_tee/optee_os/out/arm/export-ta_arm32/lib/libmpa.a(mpa_random.o)
 .debug_info    0x0000000000007bef      0x2a4 /home/ruan/op_tee/optee_os/out/arm/export-ta_arm32/lib/libmpa.a(mpa_shift.o)
 .debug_info    0x0000000000007e93      0x77c /home/ruan/op_tee/optee_os/out/arm/export-ta_arm32/lib/libmpa.a(mpa_addsub.o)
 .debug_info    0x000000000000860f      0x2b1 /home/ruan/op_tee/optee_os/out/arm/export-ta_arm32/lib/libmpa.a(mpa_cmp.o)
 .debug_info    0x00000000000088c0      0x339 /home/ruan/op_tee/optee_os/out/arm/export-ta_arm32/lib/libmpa.a(mpa_expmod.o)
 .debug_info    0x0000000000008bf9      0x209 /home/ruan/op_tee/optee_os/out/arm/export-ta_arm32/lib/libmpa.a(mpa_init.o)
 .debug_info    0x0000000000008e02      0x740 /home/ruan/op_tee/optee_os/out/arm/export-ta_arm32/lib/libmpa.a(mpa_io.o)
 .debug_info    0x0000000000009542      0x3fc /home/ruan/op_tee/optee_os/out/arm/export-ta_arm32/lib/libmpa.a(mpa_modulus.o)

.debug_abbrev   0x0000000000000000     0x2e15
 .debug_abbrev  0x0000000000000000      0x139 ./ruan_test_ta.o
 .debug_abbrev  0x0000000000000139      0x13c ./user_ta_header.o
 .debug_abbrev  0x0000000000000275      0x1ce /home/ruan/op_tee/optee_os/out/arm/export-ta_arm32/lib/libutee.a(user_ta_entry.o)
 .debug_abbrev  0x0000000000000443       0x14 /home/ruan/op_tee/optee_os/out/arm/export-ta_arm32/lib/libutee.a(utee_syscalls_a32.o)
 .debug_abbrev  0x0000000000000457       0x14 /home/ruan/op_tee/optee_os/out/arm/export-ta_arm32/lib/libutee.a(gprof_a32.o)
 .debug_abbrev  0x000000000000046b      0x20c /home/ruan/op_tee/optee_os/out/arm/export-ta_arm32/lib/libutee.a(tee_api_arith.o)
 .debug_abbrev  0x0000000000000677      0x214 /home/ruan/op_tee/optee_os/out/arm/export-ta_arm32/lib/libutee.a(tee_api.o)
 .debug_abbrev  0x000000000000088b       0x87 /home/ruan/op_tee/optee_os/out/arm/export-ta_arm32/lib/libutee.a(tee_api_panic.o)
 .debug_abbrev  0x0000000000000912       0xd5 /home/ruan/op_tee/optee_os/out/arm/export-ta_arm32/lib/libutee.a(utee_misc.o)
 .debug_abbrev  0x00000000000009e7      0x26b /home/ruan/op_tee/optee_os/out/arm/export-ta_arm32/lib/libutee.a(tee_user_mem.o)
 .debug_abbrev  0x0000000000000c52      0x115 /home/ruan/op_tee/optee_os/out/arm/export-ta_arm32/lib/libutee.a(trace_ext.o)
 .debug_abbrev  0x0000000000000d67       0xa0 /home/ruan/op_tee/optee_os/out/arm/export-ta_arm32/lib/libutee.a(assert.o)
 .debug_abbrev  0x0000000000000e07      0x25b /home/ruan/op_tee/optee_os/out/arm/export-ta_arm32/lib/libutils.a(bget_malloc.o)
 .debug_abbrev  0x0000000000001062       0xe4 /home/ruan/op_tee/optee_os/out/arm/export-ta_arm32/lib/libutils.a(snprintf.o)
 .debug_abbrev  0x0000000000001146       0x82 /home/ruan/op_tee/optee_os/out/arm/export-ta_arm32/lib/libutils.a(memcmp.o)
 .debug_abbrev  0x00000000000011c8       0x9f /home/ruan/op_tee/optee_os/out/arm/export-ta_arm32/lib/libutils.a(memcpy.o)
 .debug_abbrev  0x0000000000001267       0x9f /home/ruan/op_tee/optee_os/out/arm/export-ta_arm32/lib/libutils.a(memmove.o)
 .debug_abbrev  0x0000000000001306       0x93 /home/ruan/op_tee/optee_os/out/arm/export-ta_arm32/lib/libutils.a(memset.o)
 .debug_abbrev  0x0000000000001399       0x84 /home/ruan/op_tee/optee_os/out/arm/export-ta_arm32/lib/libutils.a(strlen.o)
 .debug_abbrev  0x000000000000141d      0x185 /home/ruan/op_tee/optee_os/out/arm/export-ta_arm32/lib/libutils.a(snprintk.o)
 .debug_abbrev  0x00000000000015a2      0x15b /home/ruan/op_tee/optee_os/out/arm/export-ta_arm32/lib/libutils.a(trace.o)
 .debug_abbrev  0x00000000000016fd       0x2f /home/ruan/op_tee/optee_os/out/arm/export-ta_arm32/lib/libutils.a(aeabi_unwind.o)
 .debug_abbrev  0x000000000000172c       0xae /home/ruan/op_tee/optee_os/out/arm/export-ta_arm32/lib/libutils.a(memchr.o)
 .debug_abbrev  0x00000000000017da       0x12 /home/ruan/op_tee/optee_os/out/arm/export-ta_arm32/lib/libutils.a(arm32_aeabi_ldivmod_a32.o)
 .debug_abbrev  0x00000000000017ec       0xdc /home/ruan/op_tee/optee_os/out/arm/export-ta_arm32/lib/libutils.a(arm32_aeabi_ldivmod.o)
 .debug_abbrev  0x00000000000018c8      0x13a /home/ruan/op_tee/optee_os/out/arm/export-ta_arm32/lib/libmpa.a(mpa_misc.o)
 .debug_abbrev  0x0000000000001a02      0x1a1 /home/ruan/op_tee/optee_os/out/arm/export-ta_arm32/lib/libmpa.a(mpa_montgomery.o)
 .debug_abbrev  0x0000000000001ba3      0x178 /home/ruan/op_tee/optee_os/out/arm/export-ta_arm32/lib/libmpa.a(mpa_primetest.o)
 .debug_abbrev  0x0000000000001d1b      0x104 /home/ruan/op_tee/optee_os/out/arm/export-ta_arm32/lib/libmpa.a(mpa_conv.o)
 .debug_abbrev  0x0000000000001e1f      0x19c /home/ruan/op_tee/optee_os/out/arm/export-ta_arm32/lib/libmpa.a(mpa_div.o)
 .debug_abbrev  0x0000000000001fbb      0x17e /home/ruan/op_tee/optee_os/out/arm/export-ta_arm32/lib/libmpa.a(mpa_gcd.o)
 .debug_abbrev  0x0000000000002139      0x13e /home/ruan/op_tee/optee_os/out/arm/export-ta_arm32/lib/libmpa.a(mpa_mem_static.o)
 .debug_abbrev  0x0000000000002277      0x139 /home/ruan/op_tee/optee_os/out/arm/export-ta_arm32/lib/libmpa.a(mpa_mul.o)
 .debug_abbrev  0x00000000000023b0      0x167 /home/ruan/op_tee/optee_os/out/arm/export-ta_arm32/lib/libmpa.a(mpa_random.o)
 .debug_abbrev  0x0000000000002517      0x106 /home/ruan/op_tee/optee_os/out/arm/export-ta_arm32/lib/libmpa.a(mpa_shift.o)
 .debug_abbrev  0x000000000000261d      0x180 /home/ruan/op_tee/optee_os/out/arm/export-ta_arm32/lib/libmpa.a(mpa_addsub.o)
 .debug_abbrev  0x000000000000279d      0x108 /home/ruan/op_tee/optee_os/out/arm/export-ta_arm32/lib/libmpa.a(mpa_cmp.o)
 .debug_abbrev  0x00000000000028a5      0x11b /home/ruan/op_tee/optee_os/out/arm/export-ta_arm32/lib/libmpa.a(mpa_expmod.o)
 .debug_abbrev  0x00000000000029c0       0xf7 /home/ruan/op_tee/optee_os/out/arm/export-ta_arm32/lib/libmpa.a(mpa_init.o)
 .debug_abbrev  0x0000000000002ab7      0x223 /home/ruan/op_tee/optee_os/out/arm/export-ta_arm32/lib/libmpa.a(mpa_io.o)
 .debug_abbrev  0x0000000000002cda      0x13b /home/ruan/op_tee/optee_os/out/arm/export-ta_arm32/lib/libmpa.a(mpa_modulus.o)

.debug_aranges  0x0000000000000000      0x528
 .debug_aranges
                0x0000000000000000       0x20 ./ruan_test_ta.o
 .debug_aranges
                0x0000000000000020       0x20 ./user_ta_header.o
 .debug_aranges
                0x0000000000000040       0x20 /home/ruan/op_tee/optee_os/out/arm/export-ta_arm32/lib/libutee.a(user_ta_entry.o)
 .debug_aranges
                0x0000000000000060       0x20 /home/ruan/op_tee/optee_os/out/arm/export-ta_arm32/lib/libutee.a(utee_syscalls_a32.o)
 .debug_aranges
                0x0000000000000080       0x20 /home/ruan/op_tee/optee_os/out/arm/export-ta_arm32/lib/libutee.a(gprof_a32.o)
 .debug_aranges
                0x00000000000000a0       0x20 /home/ruan/op_tee/optee_os/out/arm/export-ta_arm32/lib/libutee.a(tee_api_arith.o)
 .debug_aranges
                0x00000000000000c0       0x20 /home/ruan/op_tee/optee_os/out/arm/export-ta_arm32/lib/libutee.a(tee_api.o)
 .debug_aranges
                0x00000000000000e0       0x20 /home/ruan/op_tee/optee_os/out/arm/export-ta_arm32/lib/libutee.a(tee_api_panic.o)
 .debug_aranges
                0x0000000000000100       0x20 /home/ruan/op_tee/optee_os/out/arm/export-ta_arm32/lib/libutee.a(utee_misc.o)
 .debug_aranges
                0x0000000000000120       0x20 /home/ruan/op_tee/optee_os/out/arm/export-ta_arm32/lib/libutee.a(tee_user_mem.o)
 .debug_aranges
                0x0000000000000140       0x20 /home/ruan/op_tee/optee_os/out/arm/export-ta_arm32/lib/libutee.a(trace_ext.o)
 .debug_aranges
                0x0000000000000160       0x20 /home/ruan/op_tee/optee_os/out/arm/export-ta_arm32/lib/libutee.a(assert.o)
 .debug_aranges
                0x0000000000000180       0x20 /home/ruan/op_tee/optee_os/out/arm/export-ta_arm32/lib/libutils.a(bget_malloc.o)
 .debug_aranges
                0x00000000000001a0       0x20 /home/ruan/op_tee/optee_os/out/arm/export-ta_arm32/lib/libutils.a(snprintf.o)
 .debug_aranges
                0x00000000000001c0       0x20 /home/ruan/op_tee/optee_os/out/arm/export-ta_arm32/lib/libutils.a(memcmp.o)
 .debug_aranges
                0x00000000000001e0       0x20 /home/ruan/op_tee/optee_os/out/arm/export-ta_arm32/lib/libutils.a(memcpy.o)
 .debug_aranges
                0x0000000000000200       0x20 /home/ruan/op_tee/optee_os/out/arm/export-ta_arm32/lib/libutils.a(memmove.o)
 .debug_aranges
                0x0000000000000220       0x20 /home/ruan/op_tee/optee_os/out/arm/export-ta_arm32/lib/libutils.a(memset.o)
 .debug_aranges
                0x0000000000000240       0x20 /home/ruan/op_tee/optee_os/out/arm/export-ta_arm32/lib/libutils.a(strlen.o)
 .debug_aranges
                0x0000000000000260       0x20 /home/ruan/op_tee/optee_os/out/arm/export-ta_arm32/lib/libutils.a(snprintk.o)
 .debug_aranges
                0x0000000000000280       0x20 /home/ruan/op_tee/optee_os/out/arm/export-ta_arm32/lib/libutils.a(trace.o)
 .debug_aranges
                0x00000000000002a0       0x20 /home/ruan/op_tee/optee_os/out/arm/export-ta_arm32/lib/libutils.a(aeabi_unwind.o)
 .debug_aranges
                0x00000000000002c0       0x20 /home/ruan/op_tee/optee_os/out/arm/export-ta_arm32/lib/libutils.a(memchr.o)
 .debug_aranges
                0x00000000000002e0       0x28 /home/ruan/op_tee/optee_os/out/arm/export-ta_arm32/lib/libutils.a(arm32_aeabi_ldivmod_a32.o)
 .debug_aranges
                0x0000000000000308       0x20 /home/ruan/op_tee/optee_os/out/arm/export-ta_arm32/lib/libutils.a(arm32_aeabi_ldivmod.o)
 .debug_aranges
                0x0000000000000328       0x20 /home/ruan/op_tee/optee_os/out/arm/export-ta_arm32/lib/libmpa.a(mpa_misc.o)
 .debug_aranges
                0x0000000000000348       0x20 /home/ruan/op_tee/optee_os/out/arm/export-ta_arm32/lib/libmpa.a(mpa_montgomery.o)
 .debug_aranges
                0x0000000000000368       0x20 /home/ruan/op_tee/optee_os/out/arm/export-ta_arm32/lib/libmpa.a(mpa_primetest.o)
 .debug_aranges
                0x0000000000000388       0x20 /home/ruan/op_tee/optee_os/out/arm/export-ta_arm32/lib/libmpa.a(mpa_conv.o)
 .debug_aranges
                0x00000000000003a8       0x20 /home/ruan/op_tee/optee_os/out/arm/export-ta_arm32/lib/libmpa.a(mpa_div.o)
 .debug_aranges
                0x00000000000003c8       0x20 /home/ruan/op_tee/optee_os/out/arm/export-ta_arm32/lib/libmpa.a(mpa_gcd.o)
 .debug_aranges
                0x00000000000003e8       0x20 /home/ruan/op_tee/optee_os/out/arm/export-ta_arm32/lib/libmpa.a(mpa_mem_static.o)
 .debug_aranges
                0x0000000000000408       0x20 /home/ruan/op_tee/optee_os/out/arm/export-ta_arm32/lib/libmpa.a(mpa_mul.o)
 .debug_aranges
                0x0000000000000428       0x20 /home/ruan/op_tee/optee_os/out/arm/export-ta_arm32/lib/libmpa.a(mpa_random.o)
 .debug_aranges
                0x0000000000000448       0x20 /home/ruan/op_tee/optee_os/out/arm/export-ta_arm32/lib/libmpa.a(mpa_shift.o)
 .debug_aranges
                0x0000000000000468       0x20 /home/ruan/op_tee/optee_os/out/arm/export-ta_arm32/lib/libmpa.a(mpa_addsub.o)
 .debug_aranges
                0x0000000000000488       0x20 /home/ruan/op_tee/optee_os/out/arm/export-ta_arm32/lib/libmpa.a(mpa_cmp.o)
 .debug_aranges
                0x00000000000004a8       0x20 /home/ruan/op_tee/optee_os/out/arm/export-ta_arm32/lib/libmpa.a(mpa_expmod.o)
 .debug_aranges
                0x00000000000004c8       0x20 /home/ruan/op_tee/optee_os/out/arm/export-ta_arm32/lib/libmpa.a(mpa_init.o)
 .debug_aranges
                0x00000000000004e8       0x20 /home/ruan/op_tee/optee_os/out/arm/export-ta_arm32/lib/libmpa.a(mpa_io.o)
 .debug_aranges
                0x0000000000000508       0x20 /home/ruan/op_tee/optee_os/out/arm/export-ta_arm32/lib/libmpa.a(mpa_modulus.o)

.debug_macro    0x0000000000000000     0x572f
 .debug_macro   0x0000000000000000       0xc9 ./ruan_test_ta.o
 .debug_macro   0x00000000000000c9      0x922 ./ruan_test_ta.o
 .debug_macro   0x00000000000009eb      0x16d ./ruan_test_ta.o
 .debug_macro   0x0000000000000b58       0xb8 ./ruan_test_ta.o
 .debug_macro   0x0000000000000c10      0x8fc ./ruan_test_ta.o
 .debug_macro   0x000000000000150c      0x192 ./ruan_test_ta.o
 .debug_macro   0x000000000000169e       0x22 ./ruan_test_ta.o
 .debug_macro   0x00000000000016c0       0x35 ./ruan_test_ta.o
 .debug_macro   0x00000000000016f5       0x34 ./ruan_test_ta.o
 .debug_macro   0x0000000000001729       0x97 ./ruan_test_ta.o
 .debug_macro   0x00000000000017c0       0x10 ./ruan_test_ta.o
 .debug_macro   0x00000000000017d0       0x58 ./ruan_test_ta.o
 .debug_macro   0x0000000000001828       0xc4 ./ruan_test_ta.o
 .debug_macro   0x00000000000018ec       0x1c ./ruan_test_ta.o
 .debug_macro   0x0000000000001908       0xdc ./user_ta_header.o
 .debug_macro   0x00000000000019e4       0x76 ./user_ta_header.o
 .debug_macro   0x0000000000001a5a       0x22 ./user_ta_header.o
 .debug_macro   0x0000000000001a7c      0x16d /home/ruan/op_tee/optee_os/out/arm/export-ta_arm32/lib/libutee.a(user_ta_entry.o)
 .debug_macro   0x0000000000001be9      0x91c /home/ruan/op_tee/optee_os/out/arm/export-ta_arm32/lib/libutee.a(user_ta_entry.o)
 .debug_macro   0x0000000000002505      0x238 /home/ruan/op_tee/optee_os/out/arm/export-ta_arm32/lib/libutee.a(user_ta_entry.o)
 .debug_macro   0x000000000000273d       0x16 /home/ruan/op_tee/optee_os/out/arm/export-ta_arm32/lib/libutee.a(user_ta_entry.o)
 .debug_macro   0x0000000000002753      0x2cd /home/ruan/op_tee/optee_os/out/arm/export-ta_arm32/lib/libutee.a(user_ta_entry.o)
 .debug_macro   0x0000000000002a20       0x97 /home/ruan/op_tee/optee_os/out/arm/export-ta_arm32/lib/libutee.a(user_ta_entry.o)
 .debug_macro   0x0000000000002ab7       0xca /home/ruan/op_tee/optee_os/out/arm/export-ta_arm32/lib/libutee.a(user_ta_entry.o)
 .debug_macro   0x0000000000002b81       0x3a /home/ruan/op_tee/optee_os/out/arm/export-ta_arm32/lib/libutee.a(user_ta_entry.o)
 .debug_macro   0x0000000000002bbb       0x7c /home/ruan/op_tee/optee_os/out/arm/export-ta_arm32/lib/libutee.a(user_ta_entry.o)
 .debug_macro   0x0000000000002c37       0x22 /home/ruan/op_tee/optee_os/out/arm/export-ta_arm32/lib/libutee.a(user_ta_entry.o)
 .debug_macro   0x0000000000002c59       0x10 /home/ruan/op_tee/optee_os/out/arm/export-ta_arm32/lib/libutee.a(user_ta_entry.o)
 .debug_macro   0x0000000000002c69      0x149 /home/ruan/op_tee/optee_os/out/arm/export-ta_arm32/lib/libutee.a(tee_api_arith.o)
 .debug_macro   0x0000000000002db2       0x10 /home/ruan/op_tee/optee_os/out/arm/export-ta_arm32/lib/libutee.a(tee_api_arith.o)
 .debug_macro   0x0000000000002dc2       0x4c /home/ruan/op_tee/optee_os/out/arm/export-ta_arm32/lib/libutee.a(tee_api_arith.o)
 .debug_macro   0x0000000000002e0e       0x16 /home/ruan/op_tee/optee_os/out/arm/export-ta_arm32/lib/libutee.a(tee_api_arith.o)
 .debug_macro   0x0000000000002e24       0x74 /home/ruan/op_tee/optee_os/out/arm/export-ta_arm32/lib/libutee.a(tee_api_arith.o)
 .debug_macro   0x0000000000002e98      0x15c /home/ruan/op_tee/optee_os/out/arm/export-ta_arm32/lib/libutee.a(tee_api.o)
 .debug_macro   0x0000000000002ff4       0xc4 /home/ruan/op_tee/optee_os/out/arm/export-ta_arm32/lib/libutee.a(tee_api.o)
 .debug_macro   0x00000000000030b8       0xa1 /home/ruan/op_tee/optee_os/out/arm/export-ta_arm32/lib/libutee.a(tee_api_panic.o)
 .debug_macro   0x0000000000003159       0xf4 /home/ruan/op_tee/optee_os/out/arm/export-ta_arm32/lib/libutee.a(utee_misc.o)
 .debug_macro   0x000000000000324d      0x151 /home/ruan/op_tee/optee_os/out/arm/export-ta_arm32/lib/libutee.a(tee_user_mem.o)
 .debug_macro   0x000000000000339e       0x10 /home/ruan/op_tee/optee_os/out/arm/export-ta_arm32/lib/libutee.a(tee_user_mem.o)
 .debug_macro   0x00000000000033ae      0x1ac /home/ruan/op_tee/optee_os/out/arm/export-ta_arm32/lib/libutee.a(tee_user_mem.o)
 .debug_macro   0x000000000000355a       0xb2 /home/ruan/op_tee/optee_os/out/arm/export-ta_arm32/lib/libutee.a(tee_user_mem.o)
 .debug_macro   0x000000000000360c       0xde /home/ruan/op_tee/optee_os/out/arm/export-ta_arm32/lib/libutee.a(trace_ext.o)
 .debug_macro   0x00000000000036ea       0xac /home/ruan/op_tee/optee_os/out/arm/export-ta_arm32/lib/libutee.a(trace_ext.o)
 .debug_macro   0x0000000000003796       0xf3 /home/ruan/op_tee/optee_os/out/arm/export-ta_arm32/lib/libutee.a(assert.o)
 .debug_macro   0x0000000000003889      0x131 /home/ruan/op_tee/optee_os/out/arm/export-ta_arm32/lib/libutils.a(bget_malloc.o)
 .debug_macro   0x00000000000039ba       0x16 /home/ruan/op_tee/optee_os/out/arm/export-ta_arm32/lib/libutils.a(bget_malloc.o)
 .debug_macro   0x00000000000039d0       0x3c /home/ruan/op_tee/optee_os/out/arm/export-ta_arm32/lib/libutils.a(bget_malloc.o)
 .debug_macro   0x0000000000003a0c       0x4d /home/ruan/op_tee/optee_os/out/arm/export-ta_arm32/lib/libutils.a(snprintf.o)
 .debug_macro   0x0000000000003a59       0x51 /home/ruan/op_tee/optee_os/out/arm/export-ta_arm32/lib/libutils.a(memcmp.o)
 .debug_macro   0x0000000000003aaa      0x91c /home/ruan/op_tee/optee_os/out/arm/export-ta_arm32/lib/libutils.a(memcmp.o)
 .debug_macro   0x00000000000043c6       0x7c /home/ruan/op_tee/optee_os/out/arm/export-ta_arm32/lib/libutils.a(memcmp.o)
 .debug_macro   0x0000000000004442       0x57 /home/ruan/op_tee/optee_os/out/arm/export-ta_arm32/lib/libutils.a(memcpy.o)
 .debug_macro   0x0000000000004499       0x64 /home/ruan/op_tee/optee_os/out/arm/export-ta_arm32/lib/libutils.a(memmove.o)
 .debug_macro   0x00000000000044fd       0x51 /home/ruan/op_tee/optee_os/out/arm/export-ta_arm32/lib/libutils.a(memset.o)
 .debug_macro   0x000000000000454e       0x5a /home/ruan/op_tee/optee_os/out/arm/export-ta_arm32/lib/libutils.a(strlen.o)
 .debug_macro   0x00000000000045a8      0x127 /home/ruan/op_tee/optee_os/out/arm/export-ta_arm32/lib/libutils.a(snprintk.o)
 .debug_macro   0x00000000000046cf       0xcc /home/ruan/op_tee/optee_os/out/arm/export-ta_arm32/lib/libutils.a(trace.o)
 .debug_macro   0x000000000000479b       0x1a /home/ruan/op_tee/optee_os/out/arm/export-ta_arm32/lib/libutils.a(aeabi_unwind.o)
 .debug_macro   0x00000000000047b5       0x66 /home/ruan/op_tee/optee_os/out/arm/export-ta_arm32/lib/libutils.a(memchr.o)
 .debug_macro   0x000000000000481b       0x1a /home/ruan/op_tee/optee_os/out/arm/export-ta_arm32/lib/libutils.a(arm32_aeabi_ldivmod.o)
 .debug_macro   0x0000000000004835       0xdc /home/ruan/op_tee/optee_os/out/arm/export-ta_arm32/lib/libmpa.a(mpa_misc.o)
 .debug_macro   0x0000000000004911       0xa6 /home/ruan/op_tee/optee_os/out/arm/export-ta_arm32/lib/libmpa.a(mpa_misc.o)
 .debug_macro   0x00000000000049b7       0xdc /home/ruan/op_tee/optee_os/out/arm/export-ta_arm32/lib/libmpa.a(mpa_montgomery.o)
 .debug_macro   0x0000000000004a93       0xfe /home/ruan/op_tee/optee_os/out/arm/export-ta_arm32/lib/libmpa.a(mpa_primetest.o)
 .debug_macro   0x0000000000004b91       0xdc /home/ruan/op_tee/optee_os/out/arm/export-ta_arm32/lib/libmpa.a(mpa_conv.o)
 .debug_macro   0x0000000000004c6d       0xdc /home/ruan/op_tee/optee_os/out/arm/export-ta_arm32/lib/libmpa.a(mpa_div.o)
 .debug_macro   0x0000000000004d49       0xdc /home/ruan/op_tee/optee_os/out/arm/export-ta_arm32/lib/libmpa.a(mpa_gcd.o)
 .debug_macro   0x0000000000004e25      0x101 /home/ruan/op_tee/optee_os/out/arm/export-ta_arm32/lib/libmpa.a(mpa_mem_static.o)
 .debug_macro   0x0000000000004f26       0xdc /home/ruan/op_tee/optee_os/out/arm/export-ta_arm32/lib/libmpa.a(mpa_mul.o)
 .debug_macro   0x0000000000005002       0xf8 /home/ruan/op_tee/optee_os/out/arm/export-ta_arm32/lib/libmpa.a(mpa_random.o)
 .debug_macro   0x00000000000050fa       0xdc /home/ruan/op_tee/optee_os/out/arm/export-ta_arm32/lib/libmpa.a(mpa_shift.o)
 .debug_macro   0x00000000000051d6       0xdc /home/ruan/op_tee/optee_os/out/arm/export-ta_arm32/lib/libmpa.a(mpa_addsub.o)
 .debug_macro   0x00000000000052b2       0xdc /home/ruan/op_tee/optee_os/out/arm/export-ta_arm32/lib/libmpa.a(mpa_cmp.o)
 .debug_macro   0x000000000000538e       0xe2 /home/ruan/op_tee/optee_os/out/arm/export-ta_arm32/lib/libmpa.a(mpa_expmod.o)
 .debug_macro   0x0000000000005470       0xdc /home/ruan/op_tee/optee_os/out/arm/export-ta_arm32/lib/libmpa.a(mpa_init.o)
 .debug_macro   0x000000000000554c      0x107 /home/ruan/op_tee/optee_os/out/arm/export-ta_arm32/lib/libmpa.a(mpa_io.o)
 .debug_macro   0x0000000000005653       0xdc /home/ruan/op_tee/optee_os/out/arm/export-ta_arm32/lib/libmpa.a(mpa_modulus.o)

.debug_line     0x0000000000000000     0x61f5
 .debug_line    0x0000000000000000      0x21a ./ruan_test_ta.o
 .debug_line    0x000000000000021a      0x232 ./user_ta_header.o
 .debug_line    0x000000000000044c      0x3b5 /home/ruan/op_tee/optee_os/out/arm/export-ta_arm32/lib/libutee.a(user_ta_entry.o)
 .debug_line    0x0000000000000801       0xbf /home/ruan/op_tee/optee_os/out/arm/export-ta_arm32/lib/libutee.a(utee_syscalls_a32.o)
 .debug_line    0x00000000000008c0       0x59 /home/ruan/op_tee/optee_os/out/arm/export-ta_arm32/lib/libutee.a(gprof_a32.o)
 .debug_line    0x0000000000000919      0x388 /home/ruan/op_tee/optee_os/out/arm/export-ta_arm32/lib/libutee.a(tee_api_arith.o)
 .debug_line    0x0000000000000ca1      0x3a8 /home/ruan/op_tee/optee_os/out/arm/export-ta_arm32/lib/libutee.a(tee_api.o)
 .debug_line    0x0000000000001049      0x1bf /home/ruan/op_tee/optee_os/out/arm/export-ta_arm32/lib/libutee.a(tee_api_panic.o)
 .debug_line    0x0000000000001208      0x231 /home/ruan/op_tee/optee_os/out/arm/export-ta_arm32/lib/libutee.a(utee_misc.o)
 .debug_line    0x0000000000001439      0x3b4 /home/ruan/op_tee/optee_os/out/arm/export-ta_arm32/lib/libutee.a(tee_user_mem.o)
 .debug_line    0x00000000000017ed      0x23f /home/ruan/op_tee/optee_os/out/arm/export-ta_arm32/lib/libutee.a(trace_ext.o)
 .debug_line    0x0000000000001a2c      0x24a /home/ruan/op_tee/optee_os/out/arm/export-ta_arm32/lib/libutee.a(assert.o)
 .debug_line    0x0000000000001c76      0x597 /home/ruan/op_tee/optee_os/out/arm/export-ta_arm32/lib/libutils.a(bget_malloc.o)
 .debug_line    0x000000000000220d      0x145 /home/ruan/op_tee/optee_os/out/arm/export-ta_arm32/lib/libutils.a(snprintf.o)
 .debug_line    0x0000000000002352      0x14c /home/ruan/op_tee/optee_os/out/arm/export-ta_arm32/lib/libutils.a(memcmp.o)
 .debug_line    0x000000000000249e      0x14f /home/ruan/op_tee/optee_os/out/arm/export-ta_arm32/lib/libutils.a(memcpy.o)
 .debug_line    0x00000000000025ed      0x16c /home/ruan/op_tee/optee_os/out/arm/export-ta_arm32/lib/libutils.a(memmove.o)
 .debug_line    0x0000000000002759      0x15b /home/ruan/op_tee/optee_os/out/arm/export-ta_arm32/lib/libutils.a(memset.o)
 .debug_line    0x00000000000028b4      0x149 /home/ruan/op_tee/optee_os/out/arm/export-ta_arm32/lib/libutils.a(strlen.o)
 .debug_line    0x00000000000029fd      0x504 /home/ruan/op_tee/optee_os/out/arm/export-ta_arm32/lib/libutils.a(snprintk.o)
 .debug_line    0x0000000000002f01      0x255 /home/ruan/op_tee/optee_os/out/arm/export-ta_arm32/lib/libutils.a(trace.o)
 .debug_line    0x0000000000003156       0x83 /home/ruan/op_tee/optee_os/out/arm/export-ta_arm32/lib/libutils.a(aeabi_unwind.o)
 .debug_line    0x00000000000031d9      0x169 /home/ruan/op_tee/optee_os/out/arm/export-ta_arm32/lib/libutils.a(memchr.o)
 .debug_line    0x0000000000003342       0x7d /home/ruan/op_tee/optee_os/out/arm/export-ta_arm32/lib/libutils.a(arm32_aeabi_ldivmod_a32.o)
 .debug_line    0x00000000000033bf       0xcb /home/ruan/op_tee/optee_os/out/arm/export-ta_arm32/lib/libutils.a(arm32_aeabi_ldivmod.o)
 .debug_line    0x000000000000348a      0x228 /home/ruan/op_tee/optee_os/out/arm/export-ta_arm32/lib/libmpa.a(mpa_misc.o)
 .debug_line    0x00000000000036b2      0x2e7 /home/ruan/op_tee/optee_os/out/arm/export-ta_arm32/lib/libmpa.a(mpa_montgomery.o)
 .debug_line    0x0000000000003999      0x29d /home/ruan/op_tee/optee_os/out/arm/export-ta_arm32/lib/libmpa.a(mpa_primetest.o)
 .debug_line    0x0000000000003c36      0x254 /home/ruan/op_tee/optee_os/out/arm/export-ta_arm32/lib/libmpa.a(mpa_conv.o)
 .debug_line    0x0000000000003e8a      0x49c /home/ruan/op_tee/optee_os/out/arm/export-ta_arm32/lib/libmpa.a(mpa_div.o)
 .debug_line    0x0000000000004326      0x3dc /home/ruan/op_tee/optee_os/out/arm/export-ta_arm32/lib/libmpa.a(mpa_gcd.o)
 .debug_line    0x0000000000004702      0x25d /home/ruan/op_tee/optee_os/out/arm/export-ta_arm32/lib/libmpa.a(mpa_mem_static.o)
 .debug_line    0x000000000000495f      0x2d3 /home/ruan/op_tee/optee_os/out/arm/export-ta_arm32/lib/libmpa.a(mpa_mul.o)
 .debug_line    0x0000000000004c32      0x26e /home/ruan/op_tee/optee_os/out/arm/export-ta_arm32/lib/libmpa.a(mpa_random.o)
 .debug_line    0x0000000000004ea0      0x2c6 /home/ruan/op_tee/optee_os/out/arm/export-ta_arm32/lib/libmpa.a(mpa_shift.o)
 .debug_line    0x0000000000005166      0x3e1 /home/ruan/op_tee/optee_os/out/arm/export-ta_arm32/lib/libmpa.a(mpa_addsub.o)
 .debug_line    0x0000000000005547      0x2a9 /home/ruan/op_tee/optee_os/out/arm/export-ta_arm32/lib/libmpa.a(mpa_cmp.o)
 .debug_line    0x00000000000057f0      0x214 /home/ruan/op_tee/optee_os/out/arm/export-ta_arm32/lib/libmpa.a(mpa_expmod.o)
 .debug_line    0x0000000000005a04      0x1f3 /home/ruan/op_tee/optee_os/out/arm/export-ta_arm32/lib/libmpa.a(mpa_init.o)
 .debug_line    0x0000000000005bf7      0x3e8 /home/ruan/op_tee/optee_os/out/arm/export-ta_arm32/lib/libmpa.a(mpa_io.o)
 .debug_line    0x0000000000005fdf      0x216 /home/ruan/op_tee/optee_os/out/arm/export-ta_arm32/lib/libmpa.a(mpa_modulus.o)

.debug_str      0x0000000000000000    0x1052d
 .debug_str     0x0000000000000000     0x7427 ./ruan_test_ta.o
                                       0x75b7 (size before relaxing)
 .debug_str     0x0000000000007427      0x648 ./user_ta_header.o
                                       0x7aff (size before relaxing)
 .debug_str     0x0000000000007a6f     0x437e /home/ruan/op_tee/optee_os/out/arm/export-ta_arm32/lib/libutee.a(user_ta_entry.o)
                                       0xb9ac (size before relaxing)
 .debug_str     0x000000000000bded      0xac6 /home/ruan/op_tee/optee_os/out/arm/export-ta_arm32/lib/libutee.a(tee_api_arith.o)
                                       0x86d1 (size before relaxing)
 .debug_str     0x000000000000c8b3      0x384 /home/ruan/op_tee/optee_os/out/arm/export-ta_arm32/lib/libutee.a(tee_api.o)
                                       0x883f (size before relaxing)
 .debug_str     0x000000000000cc37       0x30 /home/ruan/op_tee/optee_os/out/arm/export-ta_arm32/lib/libutee.a(tee_api_panic.o)
                                       0x76c9 (size before relaxing)
 .debug_str     0x000000000000cc67       0x72 /home/ruan/op_tee/optee_os/out/arm/export-ta_arm32/lib/libutee.a(utee_misc.o)
                                       0x79ed (size before relaxing)
 .debug_str     0x000000000000ccd9     0x14aa /home/ruan/op_tee/optee_os/out/arm/export-ta_arm32/lib/libutee.a(tee_user_mem.o)
                                       0xc74c (size before relaxing)
 .debug_str     0x000000000000e183       0x73 /home/ruan/op_tee/optee_os/out/arm/export-ta_arm32/lib/libutee.a(trace_ext.o)
                                       0x7ec9 (size before relaxing)
 .debug_str     0x000000000000e1f6       0x39 /home/ruan/op_tee/optee_os/out/arm/export-ta_arm32/lib/libutee.a(assert.o)
                                       0x7e2e (size before relaxing)
 .debug_str     0x000000000000e22f      0x5a9 /home/ruan/op_tee/optee_os/out/arm/export-ta_arm32/lib/libutils.a(bget_malloc.o)
                                       0x5457 (size before relaxing)
 .debug_str     0x000000000000e7d8       0x2e /home/ruan/op_tee/optee_os/out/arm/export-ta_arm32/lib/libutils.a(snprintf.o)
                                       0x3371 (size before relaxing)
 .debug_str     0x000000000000e806      0x356 /home/ruan/op_tee/optee_os/out/arm/export-ta_arm32/lib/libutils.a(memcmp.o)
                                       0x345a (size before relaxing)
 .debug_str     0x000000000000eb5c       0xaf /home/ruan/op_tee/optee_os/out/arm/export-ta_arm32/lib/libutils.a(memcpy.o)
                                       0x3497 (size before relaxing)
 .debug_str     0x000000000000ec0b       0x3c /home/ruan/op_tee/optee_os/out/arm/export-ta_arm32/lib/libutils.a(memmove.o)
                                       0x3682 (size before relaxing)
 .debug_str     0x000000000000ec47       0x59 /home/ruan/op_tee/optee_os/out/arm/export-ta_arm32/lib/libutils.a(memset.o)
                                       0x343e (size before relaxing)
 .debug_str     0x000000000000eca0       0x63 /home/ruan/op_tee/optee_os/out/arm/export-ta_arm32/lib/libutils.a(strlen.o)
                                       0x3632 (size before relaxing)
 .debug_str     0x000000000000ed03      0x581 /home/ruan/op_tee/optee_os/out/arm/export-ta_arm32/lib/libutils.a(snprintk.o)
                                       0x3f11 (size before relaxing)
 .debug_str     0x000000000000f284       0x87 /home/ruan/op_tee/optee_os/out/arm/export-ta_arm32/lib/libutils.a(trace.o)
                                       0x4dbe (size before relaxing)
 .debug_str     0x000000000000f30b       0x6e /home/ruan/op_tee/optee_os/out/arm/export-ta_arm32/lib/libutils.a(aeabi_unwind.o)
                                       0x2ee2 (size before relaxing)
 .debug_str     0x000000000000f379       0x84 /home/ruan/op_tee/optee_os/out/arm/export-ta_arm32/lib/libutils.a(memchr.o)
                                       0x3692 (size before relaxing)
 .debug_str     0x000000000000f3fd       0x86 /home/ruan/op_tee/optee_os/out/arm/export-ta_arm32/lib/libutils.a(arm32_aeabi_ldivmod.o)
                                       0x2f2c (size before relaxing)
 .debug_str     0x000000000000f483      0x573 /home/ruan/op_tee/optee_os/out/arm/export-ta_arm32/lib/libmpa.a(mpa_misc.o)
                                       0x4d1a (size before relaxing)
 .debug_str     0x000000000000f9f6       0xd8 /home/ruan/op_tee/optee_os/out/arm/export-ta_arm32/lib/libmpa.a(mpa_montgomery.o)
                                       0x4e08 (size before relaxing)
 .debug_str     0x000000000000face      0x185 /home/ruan/op_tee/optee_os/out/arm/export-ta_arm32/lib/libmpa.a(mpa_primetest.o)
                                       0x4eb8 (size before relaxing)
 .debug_str     0x000000000000fc53       0x52 /home/ruan/op_tee/optee_os/out/arm/export-ta_arm32/lib/libmpa.a(mpa_conv.o)
                                       0x4cd1 (size before relaxing)
 .debug_str     0x000000000000fca5       0xf4 /home/ruan/op_tee/optee_os/out/arm/export-ta_arm32/lib/libmpa.a(mpa_div.o)
                                       0x4e09 (size before relaxing)
 .debug_str     0x000000000000fd99       0x9c /home/ruan/op_tee/optee_os/out/arm/export-ta_arm32/lib/libmpa.a(mpa_gcd.o)
                                       0x4db2 (size before relaxing)
 .debug_str     0x000000000000fe35      0x10f /home/ruan/op_tee/optee_os/out/arm/export-ta_arm32/lib/libmpa.a(mpa_mem_static.o)
                                       0x58ac (size before relaxing)
 .debug_str     0x000000000000ff44       0x81 /home/ruan/op_tee/optee_os/out/arm/export-ta_arm32/lib/libmpa.a(mpa_mul.o)
                                       0x4dad (size before relaxing)
 .debug_str     0x000000000000ffc5       0x83 /home/ruan/op_tee/optee_os/out/arm/export-ta_arm32/lib/libmpa.a(mpa_random.o)
                                       0x80c0 (size before relaxing)
 .debug_str     0x0000000000010048       0x81 /home/ruan/op_tee/optee_os/out/arm/export-ta_arm32/lib/libmpa.a(mpa_shift.o)
                                       0x4d00 (size before relaxing)
 .debug_str     0x00000000000100c9      0x124 /home/ruan/op_tee/optee_os/out/arm/export-ta_arm32/lib/libmpa.a(mpa_addsub.o)
                                       0x4e6c (size before relaxing)
 .debug_str     0x00000000000101ed       0x77 /home/ruan/op_tee/optee_os/out/arm/export-ta_arm32/lib/libmpa.a(mpa_cmp.o)
                                       0x4d04 (size before relaxing)
 .debug_str     0x0000000000010264       0x8d /home/ruan/op_tee/optee_os/out/arm/export-ta_arm32/lib/libmpa.a(mpa_expmod.o)
                                       0x4dc0 (size before relaxing)
 .debug_str     0x00000000000102f1       0x42 /home/ruan/op_tee/optee_os/out/arm/export-ta_arm32/lib/libmpa.a(mpa_init.o)
                                       0x4d0b (size before relaxing)
 .debug_str     0x0000000000010333      0x1a9 /home/ruan/op_tee/optee_os/out/arm/export-ta_arm32/lib/libmpa.a(mpa_io.o)
                                       0x53c8 (size before relaxing)
 .debug_str     0x00000000000104dc       0x51 /home/ruan/op_tee/optee_os/out/arm/export-ta_arm32/lib/libmpa.a(mpa_modulus.o)
                                       0x4d6b (size before relaxing)

.comment        0x0000000000000000       0x2d
 .comment       0x0000000000000000       0x2d ./ruan_test_ta.o
                                         0x2e (size before relaxing)
 .comment       0x000000000000002d       0x2e ./user_ta_header.o
 .comment       0x000000000000002d       0x2e /home/ruan/op_tee/optee_os/out/arm/export-ta_arm32/lib/libutee.a(user_ta_entry.o)
 .comment       0x000000000000002d       0x2e /home/ruan/op_tee/optee_os/out/arm/export-ta_arm32/lib/libutee.a(tee_api_arith.o)
 .comment       0x000000000000002d       0x2e /home/ruan/op_tee/optee_os/out/arm/export-ta_arm32/lib/libutee.a(tee_api.o)
 .comment       0x000000000000002d       0x2e /home/ruan/op_tee/optee_os/out/arm/export-ta_arm32/lib/libutee.a(tee_api_panic.o)
 .comment       0x000000000000002d       0x2e /home/ruan/op_tee/optee_os/out/arm/export-ta_arm32/lib/libutee.a(utee_misc.o)
 .comment       0x000000000000002d       0x2e /home/ruan/op_tee/optee_os/out/arm/export-ta_arm32/lib/libutee.a(tee_user_mem.o)
 .comment       0x000000000000002d       0x2e /home/ruan/op_tee/optee_os/out/arm/export-ta_arm32/lib/libutee.a(trace_ext.o)
 .comment       0x000000000000002d       0x2e /home/ruan/op_tee/optee_os/out/arm/export-ta_arm32/lib/libutee.a(assert.o)
 .comment       0x000000000000002d       0x2e /home/ruan/op_tee/optee_os/out/arm/export-ta_arm32/lib/libutils.a(bget_malloc.o)
 .comment       0x000000000000002d       0x2e /home/ruan/op_tee/optee_os/out/arm/export-ta_arm32/lib/libutils.a(snprintf.o)
 .comment       0x000000000000002d       0x2e /home/ruan/op_tee/optee_os/out/arm/export-ta_arm32/lib/libutils.a(memcmp.o)
 .comment       0x000000000000002d       0x2e /home/ruan/op_tee/optee_os/out/arm/export-ta_arm32/lib/libutils.a(memcpy.o)
 .comment       0x000000000000002d       0x2e /home/ruan/op_tee/optee_os/out/arm/export-ta_arm32/lib/libutils.a(memmove.o)
 .comment       0x000000000000002d       0x2e /home/ruan/op_tee/optee_os/out/arm/export-ta_arm32/lib/libutils.a(memset.o)
 .comment       0x000000000000002d       0x2e /home/ruan/op_tee/optee_os/out/arm/export-ta_arm32/lib/libutils.a(strlen.o)
 .comment       0x000000000000002d       0x2e /home/ruan/op_tee/optee_os/out/arm/export-ta_arm32/lib/libutils.a(snprintk.o)
 .comment       0x000000000000002d       0x2e /home/ruan/op_tee/optee_os/out/arm/export-ta_arm32/lib/libutils.a(trace.o)
 .comment       0x000000000000002d       0x2e /home/ruan/op_tee/optee_os/out/arm/export-ta_arm32/lib/libutils.a(aeabi_unwind.o)
 .comment       0x000000000000002d       0x2e /home/ruan/op_tee/optee_os/out/arm/export-ta_arm32/lib/libutils.a(memchr.o)
 .comment       0x000000000000002d       0x2e /home/ruan/op_tee/optee_os/out/arm/export-ta_arm32/lib/libutils.a(arm32_aeabi_ldivmod.o)
 .comment       0x000000000000002d       0x2e /home/ruan/op_tee/optee_os/out/arm/export-ta_arm32/lib/libmpa.a(mpa_misc.o)
 .comment       0x000000000000002d       0x2e /home/ruan/op_tee/optee_os/out/arm/export-ta_arm32/lib/libmpa.a(mpa_montgomery.o)
 .comment       0x000000000000002d       0x2e /home/ruan/op_tee/optee_os/out/arm/export-ta_arm32/lib/libmpa.a(mpa_primetest.o)
 .comment       0x000000000000002d       0x2e /home/ruan/op_tee/optee_os/out/arm/export-ta_arm32/lib/libmpa.a(mpa_conv.o)
 .comment       0x000000000000002d       0x2e /home/ruan/op_tee/optee_os/out/arm/export-ta_arm32/lib/libmpa.a(mpa_div.o)
 .comment       0x000000000000002d       0x2e /home/ruan/op_tee/optee_os/out/arm/export-ta_arm32/lib/libmpa.a(mpa_gcd.o)
 .comment       0x000000000000002d       0x2e /home/ruan/op_tee/optee_os/out/arm/export-ta_arm32/lib/libmpa.a(mpa_mem_static.o)
 .comment       0x000000000000002d       0x2e /home/ruan/op_tee/optee_os/out/arm/export-ta_arm32/lib/libmpa.a(mpa_mul.o)
 .comment       0x000000000000002d       0x2e /home/ruan/op_tee/optee_os/out/arm/export-ta_arm32/lib/libmpa.a(mpa_random.o)
 .comment       0x000000000000002d       0x2e /home/ruan/op_tee/optee_os/out/arm/export-ta_arm32/lib/libmpa.a(mpa_shift.o)
 .comment       0x000000000000002d       0x2e /home/ruan/op_tee/optee_os/out/arm/export-ta_arm32/lib/libmpa.a(mpa_addsub.o)
 .comment       0x000000000000002d       0x2e /home/ruan/op_tee/optee_os/out/arm/export-ta_arm32/lib/libmpa.a(mpa_cmp.o)