Archive member included to satisfy reference by file (symbol)

/home/ruan/op_tee/optee_os/out/arm/export-ta_arm32/lib/libutee.a(tee_api_objects.o)
                              ./AES_decrypt_ta.o (TEE_AllocateTransientObject)
/home/ruan/op_tee/optee_os/out/arm/export-ta_arm32/lib/libutee.a(tee_api_operations.o)
                              ./AES_decrypt_ta.o (TEE_AllocateOperation)
/home/ruan/op_tee/optee_os/out/arm/export-ta_arm32/lib/libutee.a(tee_api_panic.o)
                              /home/ruan/op_tee/optee_os/out/arm/export-ta_arm32/lib/libutee.a(tee_api_objects.o) (TEE_Panic)
/home/ruan/op_tee/optee_os/out/arm/export-ta_arm32/lib/libutee.a(user_ta_entry.o)
                              ./user_ta_header.o (__utee_entry)
/home/ruan/op_tee/optee_os/out/arm/export-ta_arm32/lib/libutee.a(utee_syscalls_a32.o)
                              /home/ruan/op_tee/optee_os/out/arm/export-ta_arm32/lib/libutee.a(tee_api_panic.o) (utee_panic)
/home/ruan/op_tee/optee_os/out/arm/export-ta_arm32/lib/libutee.a(gprof_a32.o)
                              /home/ruan/op_tee/optee_os/out/arm/export-ta_arm32/lib/libutee.a(user_ta_entry.o) (__utee_mcount)
/home/ruan/op_tee/optee_os/out/arm/export-ta_arm32/lib/libutee.a(tee_api_arith.o)
                              /home/ruan/op_tee/optee_os/out/arm/export-ta_arm32/lib/libutee.a(user_ta_entry.o) (_TEE_MathAPI_Init)
/home/ruan/op_tee/optee_os/out/arm/export-ta_arm32/lib/libutee.a(tee_api.o)
                              /home/ruan/op_tee/optee_os/out/arm/export-ta_arm32/lib/libutee.a(user_ta_entry.o) (__utee_from_param)
/home/ruan/op_tee/optee_os/out/arm/export-ta_arm32/lib/libutee.a(utee_misc.o)
                              /home/ruan/op_tee/optee_os/out/arm/export-ta_arm32/lib/libutee.a(tee_api_arith.o) (get_rng_array)
/home/ruan/op_tee/optee_os/out/arm/export-ta_arm32/lib/libutee.a(tee_user_mem.o)
                              /home/ruan/op_tee/optee_os/out/arm/export-ta_arm32/lib/libutee.a(tee_api.o) (tee_user_mem_alloc)
/home/ruan/op_tee/optee_os/out/arm/export-ta_arm32/lib/libutee.a(trace_ext.o)
                              /home/ruan/op_tee/optee_os/out/arm/export-ta_arm32/lib/libutee.a(tee_api_arith.o) (printf)
/home/ruan/op_tee/optee_os/out/arm/export-ta_arm32/lib/libutee.a(assert.o)
                              /home/ruan/op_tee/optee_os/out/arm/export-ta_arm32/lib/libutee.a(tee_user_mem.o) (_assert_log)
/home/ruan/op_tee/optee_os/out/arm/export-ta_arm32/lib/libutils.a(bget_malloc.o)
                              /home/ruan/op_tee/optee_os/out/arm/export-ta_arm32/lib/libutee.a(utee_misc.o) (malloc)
/home/ruan/op_tee/optee_os/out/arm/export-ta_arm32/lib/libutils.a(snprintf.o)
                              /home/ruan/op_tee/optee_os/out/arm/export-ta_arm32/lib/libutee.a(trace_ext.o) (vsnprintf)
/home/ruan/op_tee/optee_os/out/arm/export-ta_arm32/lib/libutils.a(memcmp.o)
                              /home/ruan/op_tee/optee_os/out/arm/export-ta_arm32/lib/libutee.a(tee_api.o) (memcmp)
/home/ruan/op_tee/optee_os/out/arm/export-ta_arm32/lib/libutils.a(memcpy.o)
                              /home/ruan/op_tee/optee_os/out/arm/export-ta_arm32/lib/libutee.a(tee_api_operations.o) (memcpy)
/home/ruan/op_tee/optee_os/out/arm/export-ta_arm32/lib/libutils.a(memmove.o)
                              /home/ruan/op_tee/optee_os/out/arm/export-ta_arm32/lib/libutee.a(tee_api.o) (memmove)
/home/ruan/op_tee/optee_os/out/arm/export-ta_arm32/lib/libutils.a(memset.o)
                              /home/ruan/op_tee/optee_os/out/arm/export-ta_arm32/lib/libutee.a(user_ta_entry.o) (memset)
/home/ruan/op_tee/optee_os/out/arm/export-ta_arm32/lib/libutils.a(strlen.o)
                              ./AES_decrypt_ta.o (strlen)
/home/ruan/op_tee/optee_os/out/arm/export-ta_arm32/lib/libutils.a(snprintk.o)
                              /home/ruan/op_tee/optee_os/out/arm/export-ta_arm32/lib/libutils.a(snprintf.o) (__vsnprintf)
/home/ruan/op_tee/optee_os/out/arm/export-ta_arm32/lib/libutils.a(buf_compare_ct.o)
                              /home/ruan/op_tee/optee_os/out/arm/export-ta_arm32/lib/libutee.a(tee_api_operations.o) (buf_compare_ct)
/home/ruan/op_tee/optee_os/out/arm/export-ta_arm32/lib/libutils.a(trace.o)
                              /home/ruan/op_tee/optee_os/out/arm/export-ta_arm32/lib/libutee.a(user_ta_entry.o) (trace_set_level)
/home/ruan/op_tee/optee_os/out/arm/export-ta_arm32/lib/libutils.a(aeabi_unwind.o)
                              ./AES_decrypt_ta.o (__aeabi_unwind_cpp_pr0)
/home/ruan/op_tee/optee_os/out/arm/export-ta_arm32/lib/libutils.a(memchr.o)
                              /home/ruan/op_tee/optee_os/out/arm/export-ta_arm32/lib/libutils.a(snprintk.o) (memchr)
/home/ruan/op_tee/optee_os/out/arm/export-ta_arm32/lib/libutils.a(arm32_aeabi_ldivmod_a32.o)
                              /home/ruan/op_tee/optee_os/out/arm/export-ta_arm32/lib/libutils.a(snprintk.o) (__aeabi_uldivmod)
/home/ruan/op_tee/optee_os/out/arm/export-ta_arm32/lib/libutils.a(arm32_aeabi_ldivmod.o)
[...]
Memory Configuration

Name             Origin             Length             Attributes
*default*        0x0000000000000000 0xffffffffffffffff

Linker script and memory map


.ta_head        0x0000000000000000       0x20
 *(SORT(.ta_head))
 .ta_head       0x0000000000000000       0x20 ./user_ta_header.o
                0x0000000000000000                ta_head

.text           0x0000000000000020     0xe388
                0x0000000000000020                __text_start = .
 *(SORT(.text) SORT(.text.*))
 .text          0x0000000000000020      0x484 ./AES_decrypt_ta.o
                0x0000000000000020                TA_CreateEntryPoint
                0x0000000000000054                TA_DestroyEntryPoint
                0x0000000000000084                TA_OpenSessionEntryPoint
                0x00000000000000fc                TA_CloseSessionEntryPoint
                0x0000000000000470                TA_InvokeCommandEntryPoint
 .text          0x00000000000004a4     0x2b1c /home/ruan/op_tee/optee_os/out/arm/export-ta_arm32/lib/libutee.a(tee_api_operations.o)
                0x00000000000004a4                TEE_AllocateOperation
                0x0000000000000de4                TEE_FreeOperation
                0x0000000000000e2e                TEE_GetOperationInfo
                0x0000000000000e84                TEE_GetOperationInfoMultiple
                0x0000000000001024                TEE_ResetOperation
                0x00000000000010a4                TEE_SetOperationKey
                0x00000000000011e8                TEE_SetOperationKey2
                0x0000000000001418                TEE_CopyOperation
                0x0000000000001588                TEE_DigestUpdate
                0x00000000000015e4                TEE_DigestDoFinal
                0x00000000000016a4                TEE_CipherInit
                0x0000000000001a4c                TEE_CipherUpdate
                0x0000000000001c08                TEE_CipherDoFinal
                0x0000000000001e58                TEE_MACInit
                0x0000000000001eca                TEE_MACUpdate
                0x0000000000001f4c                TEE_MACComputeFinal
                0x0000000000002042                TEE_MACCompareFinal
                0x000000000000211c                TEE_AEInit
                0x0000000000002202                TEE_AEUpdateAAD
                0x000000000000227c                TEE_AEUpdate
                0x0000000000002400                TEE_AEEncryptFinal
                0x00000000000025fc                TEE_AEDecryptFinal
                0x00000000000027e0                TEE_AsymmetricEncrypt
                0x0000000000002976                TEE_AsymmetricDecrypt
                0x0000000000002b0c                TEE_AsymmetricSignDigest
                0x0000000000002c8c                TEE_AsymmetricVerifyDigest
                0x0000000000002df4                TEE_DeriveKey
                0x0000000000002f94                TEE_GenerateRandom
 .text          0x0000000000002fc0      0x424 /home/ruan/op_tee/optee_os/out/arm/export-ta_arm32/lib/libutee.a(user_ta_entry.o)
                0x000000000000337e                __utee_entry
 .text          0x00000000000033e4      0x5e4 /home/ruan/op_tee/optee_os/out/arm/export-ta_arm32/lib/libutee.a(utee_syscalls_a32.o)
                0x00000000000033e4                utee_panic
                0x00000000000033f8                utee_return
                0x000000000000340c                utee_log
                0x0000000000003420                __utee_panic
                0x0000000000003434                utee_get_property
                0x000000000000344c                utee_get_property_name_to_index
                0x0000000000003460                utee_open_ta_session
                0x0000000000003478                utee_close_ta_session
                0x000000000000348c                utee_invoke_ta_command
                0x00000000000034a4                utee_get_cancellation_flag
                0x00000000000034b8                utee_check_access_rights
                0x00000000000034cc                utee_unmask_cancellation
                0x00000000000034e0                utee_mask_cancellation
                0x00000000000034f4                utee_wait
                0x0000000000003508                utee_get_time
                0x000000000000351c                utee_set_ta_time
                0x0000000000003530                utee_cryp_state_alloc
                0x0000000000003548                utee_cryp_state_copy
                0x000000000000355c                utee_cryp_state_free
                0x0000000000003570                utee_hash_init
                0x0000000000003584                utee_hash_update
                0x0000000000003598                utee_hash_final
                0x00000000000035b0                utee_cipher_init
                0x00000000000035c4                utee_cipher_update
                0x00000000000035dc                utee_cipher_final
                0x00000000000035f4                utee_cryp_obj_get_info
                0x0000000000003608                utee_cryp_obj_restrict_usage
                0x000000000000361c                utee_cryp_obj_get_attr
                0x0000000000003630                utee_cryp_obj_alloc
                0x0000000000003644                utee_cryp_obj_close
                0x0000000000003658                utee_cryp_obj_reset
                0x000000000000366c                utee_cryp_obj_populate
                0x0000000000003680                utee_cryp_obj_copy
                0x0000000000003694                utee_cryp_derive_key
                0x00000000000036a8                utee_cryp_random_number_generate
                0x00000000000036bc                utee_authenc_init
                0x00000000000036d4                utee_authenc_update_aad
                0x00000000000036e8                utee_authenc_update_payload
                0x0000000000003700                utee_authenc_enc_final
                0x0000000000003718                utee_authenc_dec_final
                0x0000000000003730                utee_asymm_operate
                0x0000000000003748                utee_asymm_verify
                0x0000000000003760                utee_storage_obj_open
                0x0000000000003778                utee_storage_obj_create
                0x0000000000003790                utee_storage_obj_del
                0x00000000000037a4                utee_storage_obj_rename
                0x00000000000037b8                utee_storage_alloc_enum
                0x00000000000037cc                utee_storage_free_enum
                0x00000000000037e0                utee_storage_reset_enum
                0x00000000000037f4                utee_storage_start_enum
                0x0000000000003808                utee_storage_next_enum
                0x000000000000381c                utee_storage_obj_read
                0x0000000000003830                utee_storage_obj_write
                0x0000000000003844                utee_storage_obj_trunc
                0x0000000000003858                utee_storage_obj_seek
                0x000000000000386c                utee_cryp_obj_generate_key
                0x0000000000003880                utee_se_service_open
                0x0000000000003894                utee_se_service_close
                0x00000000000038a8                utee_se_service_get_readers
                0x00000000000038bc                utee_se_reader_get_prop
                0x00000000000038d0                utee_se_reader_get_name
                0x00000000000038e4                utee_se_reader_open_session
                0x00000000000038f8                utee_se_reader_close_sessions
                0x000000000000390c                utee_se_session_is_closed
                0x0000000000003920                utee_se_session_get_atr
                0x0000000000003934                utee_se_session_open_channel
                0x000000000000394c                utee_se_session_close
                0x0000000000003960                utee_se_channel_select_next
                0x0000000000003974                utee_se_channel_get_select_resp
                0x0000000000003988                utee_se_channel_transmit
                0x00000000000039a0                utee_se_channel_close
                0x00000000000039b4                utee_cache_operation
 .text          0x00000000000039c8        0xc /home/ruan/op_tee/optee_os/out/arm/export-ta_arm32/lib/libutee.a(gprof_a32.o)
                0x00000000000039c8                __utee_mcount
 .text          0x00000000000039d4      0x9e4 /home/ruan/op_tee/optee_os/out/arm/export-ta_arm32/lib/libutee.a(tee_api_arith.o)
                0x00000000000039fc                _TEE_MathAPI_Init
                0x0000000000003a40                TEE_BigIntInit
                0x0000000000003a5e                TEE_BigIntInitFMM
                0x0000000000003a9e                TEE_BigIntInitFMMContext
                0x0000000000003ae8                TEE_BigIntFMMSizeInU32
                0x0000000000003b0e                TEE_BigIntFMMContextSizeInU32
                0x0000000000003b3c                TEE_BigIntConvertFromOctetString
                0x0000000000003ba2                TEE_BigIntConvertToOctetString
                0x0000000000003c0c                TEE_BigIntConvertFromS32
                0x0000000000003c2e                TEE_BigIntConvertToS32
                0x0000000000003c84                TEE_BigIntCmp
                0x0000000000003cac                TEE_BigIntCmpS32
                0x0000000000003cd0                TEE_BigIntShiftRight
                0x0000000000003cfa                TEE_BigIntGetBit
                0x0000000000003d28                TEE_BigIntGetBitCount
                0x0000000000003d4c                TEE_BigIntAdd
                0x0000000000003d84                TEE_BigIntSub
                0x0000000000003dbc                TEE_BigIntNeg
                0x0000000000003de2                TEE_BigIntMul
                0x0000000000003e1c                TEE_BigIntSquare
                0x0000000000003e50                TEE_BigIntDiv
                0x0000000000003eb0                TEE_BigIntMod
                0x0000000000003f2c                TEE_BigIntAddMod
                0x0000000000003fb0                TEE_BigIntSubMod
                0x0000000000004034                TEE_BigIntMulMod
                0x00000000000040f0                TEE_BigIntSquareMod
                0x0000000000004114                TEE_BigIntInvMod
                0x000000000000417c                TEE_BigIntRelativePrime
                0x00000000000041f8                TEE_BigIntComputeExtendedGcd
                0x0000000000004244                TEE_BigIntIsProbablePrime
                0x0000000000004290                TEE_BigIntConvertToFMM
                0x00000000000042dc                TEE_BigIntConvertFromFMM
                0x000000000000436c                TEE_BigIntComputeFMM
 .text          0x00000000000043b8      0x738 /home/ruan/op_tee/optee_os/out/arm/export-ta_arm32/lib/libutee.a(tee_api.o)
                0x00000000000043b8                __utee_from_param
                0x000000000000451e                __utee_to_param
                0x0000000000004618                TEE_OpenTASession
                0x000000000000467e                TEE_CloseTASession
                0x00000000000046ae                TEE_InvokeTACommand
                0x000000000000473e                TEE_GetCancellationFlag
                0x0000000000004772                TEE_UnmaskCancellation
                0x00000000000047a6                TEE_MaskCancellation
                0x00000000000047da                TEE_CheckMemoryAccessRights
                0x000000000000481c                TEE_SetInstanceData
                0x0000000000004844                TEE_GetInstanceData
                0x0000000000004860                TEE_MemMove
                0x0000000000004884                TEE_MemCompare
                0x00000000000048a8                TEE_MemFill
                0x00000000000048ce                TEE_GetSystemTime
                0x00000000000048fa                TEE_Wait
                0x0000000000004932                TEE_GetTAPersistentTime
                0x00000000000049b6                TEE_SetTAPersistentTime
                0x00000000000049fc                TEE_GetREETime
                0x0000000000004a28                TEE_Malloc
                0x0000000000004a48                TEE_Realloc
                0x0000000000004a68                TEE_Free
                0x0000000000004a82                TEE_CacheClean
                0x0000000000004aa6                TEE_CacheFlush
                0x0000000000004aca                TEE_CacheInvalidate
 .text          0x0000000000004af0      0x7b4 /home/ruan/op_tee/optee_os/out/arm/export-ta_arm32/lib/libutee.a(tee_user_mem.o)
                0x0000000000004e68                tee_user_mem_alloc
                0x0000000000004fb0                tee_user_mem_realloc
                0x000000000000505c                tee_user_mem_free
                0x000000000000516c                tee_user_mem_mark_heap
                0x000000000000518c                tee_user_mem_check_heap
                0x0000000000005268                tee_user_mem_garbage
 .text          0x00000000000052a4      0x110 /home/ruan/op_tee/optee_os/out/arm/export-ta_arm32/lib/libutee.a(trace_ext.o)
                0x00000000000052a4                trace_ext_puts
                0x00000000000052c8                trace_ext_get_thread_id
                0x00000000000052dc                printf
                0x0000000000005344                puts
                0x000000000000537c                putchar
 .text          0x00000000000053b4       0x5c /home/ruan/op_tee/optee_os/out/arm/export-ta_arm32/lib/libutee.a(assert.o)
                0x00000000000053b4                _assert_log
                0x00000000000053fc                _assert_break
 .text          0x0000000000005410     0x182c /home/ruan/op_tee/optee_os/out/arm/export-ta_arm32/lib/libutils.a(bget_malloc.o)
                0x0000000000005494                bget
                0x00000000000056fc                bgetz
                0x0000000000005790                bgetr
                0x0000000000005824                brel
                0x0000000000005b84                bpool
                0x0000000000005ca8                bstats
                0x0000000000005e08                malloc_reset_stats
                0x0000000000005e68                malloc_get_stats
                0x0000000000006814                malloc
                0x0000000000006846                free
                0x000000000000686c                calloc
                0x00000000000068ca                realloc
                0x00000000000068f8                memalign
                0x0000000000006954                malloc_add_pool
                0x0000000000006adc                malloc_buffer_is_within_alloced
                0x0000000000006b7a                malloc_buffer_overlaps_heap
 .text          0x0000000000006c3c      0xf68 /home/ruan/op_tee/optee_os/out/arm/export-ta_arm32/lib/libutils.a(snprintk.o)
                0x0000000000006c3c                snprintk
                0x0000000000006c72                vsnprintk
                0x0000000000006ca0                __vsnprintf
 .text          0x0000000000007ba4      0x3d4 /home/ruan/op_tee/optee_os/out/arm/export-ta_arm32/lib/libutils.a(trace.o)
                0x0000000000007ba4                trace_set_level
                0x0000000000007bec                trace_get_level
                0x0000000000007c6c                trace_printf
                0x0000000000007f58                dhex_dump
 .text.__aeabi_ldivmod
                0x0000000000007f78       0x18 /home/ruan/op_tee/optee_os/out/arm/export-ta_arm32/lib/libutils.a(arm32_aeabi_ldivmod_a32.o)
                0x0000000000007f78                __aeabi_ldivmod
 .text.__aeabi_uldivmod
                0x0000000000007f90       0x18 /home/ruan/op_tee/optee_os/out/arm/export-ta_arm32/lib/libutils.a(arm32_aeabi_ldivmod_a32.o)
                0x0000000000007f90                __aeabi_uldivmod
 .text          0x0000000000007fa8      0x254 /home/ruan/op_tee/optee_os/out/arm/export-ta_arm32/lib/libmpa.a(mpa_misc.o)
                0x0000000000007fa8                __mpa_set_unused_digits_to_zero
                0x0000000000007ff0                mpa_wipe
                0x0000000000008024                mpa_copy
                0x000000000000806c                mpa_abs
                0x000000000000809e                mpa_highest_bit_index
                0x000000000000811e                mpa_get_bit
                0x0000000000008188                mpa_can_hold
                0x00000000000081ba                mpa_parity
                0x00000000000081e4                mpa_constant_one
 .text          0x00000000000081fc      0x4ec /home/ruan/op_tee/optee_os/out/arm/export-ta_arm32/lib/libmpa.a(mpa_montgomery.o)
                0x00000000000081fc                __mpa_montgomery_mul_add
                0x0000000000008330                __mpa_montgomery_sub_ack
                0x000000000000844a                __mpa_montgomery_mul
                0x000000000000857a                mpa_compute_fmm_context
                0x000000000000869c                mpa_montgomery_mul
 .text          0x00000000000086e8      0x450 /home/ruan/op_tee/optee_os/out/arm/export-ta_arm32/lib/libmpa.a(mpa_primetest.o)
                0x00000000000086e8                mpa_is_prob_prime
 .text          0x0000000000008b38      0x204 /home/ruan/op_tee/optee_os/out/arm/export-ta_arm32/lib/libmpa.a(mpa_random.o)
                0x0000000000008b38                mpa_set_random_generator
                0x0000000000008b94                mpa_get_random
                0x0000000000008cd0                mpa_get_random_digits
 .text          0x0000000000008d3c      0x190 /home/ruan/op_tee/optee_os/out/arm/export-ta_arm32/lib/libmpa.a(mpa_expmod.o)
                0x0000000000008d3c                mpa_exp_mod
 .text          0x0000000000008ecc      0xa54 /home/ruan/op_tee/optee_os/out/arm/export-ta_arm32/lib/libmpa.a(mpa_io.o)
                0x000000000000929e                mpa_get_str_size
                0x00000000000092b2                mpa_set_str
                0x00000000000095e4                mpa_get_str
                0x00000000000096d8                mpa_set_oct_str
                0x0000000000009808                mpa_get_oct_str
 .text          0x0000000000009920       0x14 ./user_ta_header.o
                0x0000000000009920                tahead_get_trace_level
 .text          0x0000000000009934     0x1058 /home/ruan/op_tee/optee_os/out/arm/export-ta_arm32/lib/libutee.a(tee_api_objects.o)
                0x0000000000009934                __utee_from_attr
                0x0000000000009a8a                TEE_GetObjectInfo
                0x0000000000009af8                TEE_GetObjectInfo1
                0x0000000000009b44                TEE_RestrictObjectUsage
                0x0000000000009b90                TEE_RestrictObjectUsage1
                0x0000000000009bdc                TEE_GetObjectBufferAttribute
                0x0000000000009c9e                TEE_GetObjectValueAttribute
                0x0000000000009d7c                TEE_CloseObject
                0x0000000000009dae                TEE_AllocateTransientObject
                0x0000000000009e0e                TEE_FreeTransientObject
                0x0000000000009e6e                TEE_ResetTransientObject
                0x0000000000009ece                TEE_PopulateTransientObject
                0x0000000000009ffc                TEE_InitRefAttribute
                0x000000000000a048                TEE_InitValueAttribute
                0x000000000000a094                TEE_CopyObjectAttributes
                0x000000000000a0e0                TEE_CopyObjectAttributes1
                0x000000000000a198                TEE_GenerateKey
                0x000000000000a288                TEE_OpenPersistentObject
                0x000000000000a34e                TEE_CreatePersistentObject
                0x000000000000a446                TEE_CloseAndDeletePersistentObject
                0x000000000000a478                TEE_CloseAndDeletePersistentObject1
                0x000000000000a4c2                TEE_RenamePersistentObject
                0x000000000000a556                TEE_AllocatePersistentObjectEnumerator
                0x000000000000a5b6                TEE_FreePersistentObjectEnumerator
                0x000000000000a5e8                TEE_ResetPersistentObjectEnumerator
                0x000000000000a61a                TEE_StartPersistentObjectEnumerator
                0x000000000000a674                TEE_GetNextPersistentObject
                0x000000000000a72e                TEE_ReadObjectData
                0x000000000000a7b6                TEE_WriteObjectData
                0x000000000000a834                TEE_TruncateObjectData
                0x000000000000a8a0                TEE_SeekObjectData
 .text          0x000000000000a98c       0x1a /home/ruan/op_tee/optee_os/out/arm/export-ta_arm32/lib/libutee.a(tee_api_panic.o)
                0x000000000000a98c                TEE_Panic
 .text          0x000000000000a9a6       0xaa /home/ruan/op_tee/optee_os/out/arm/export-ta_arm32/lib/libutee.a(utee_misc.o)
                0x000000000000a9a6                utee_get_ta_exec_id
                0x000000000000a9ba                utee_malloc
                0x000000000000a9d6                utee_realloc
                0x000000000000a9f6                utee_calloc
                0x000000000000aa16                utee_free
                0x000000000000aa30                get_rng_array
 .text          0x000000000000aa50       0x6a /home/ruan/op_tee/optee_os/out/arm/export-ta_arm32/lib/libutils.a(snprintf.o)
                0x000000000000aa50                snprintf
                0x000000000000aa8c                vsnprintf
 .text          0x000000000000aaba       0xb8 /home/ruan/op_tee/optee_os/out/arm/export-ta_arm32/lib/libutils.a(memcmp.o)
                0x000000000000aaba                memcmp
 .text          0x000000000000ab72       0xf2 /home/ruan/op_tee/optee_os/out/arm/export-ta_arm32/lib/libutils.a(memcpy.o)
                0x000000000000ab72                memcpy
 .text          0x000000000000ac64      0x13e /home/ruan/op_tee/optee_os/out/arm/export-ta_arm32/lib/libutils.a(memmove.o)
                0x000000000000ac64                memmove
 .text          0x000000000000ada2      0x11c /home/ruan/op_tee/optee_os/out/arm/export-ta_arm32/lib/libutils.a(memset.o)
                0x000000000000ada2                memset
 .text          0x000000000000aebe       0x8a /home/ruan/op_tee/optee_os/out/arm/export-ta_arm32/lib/libutils.a(strlen.o)
                0x000000000000aebe                strlen
 .text          0x000000000000af48       0x94 /home/ruan/op_tee/optee_os/out/arm/export-ta_arm32/lib/libutils.a(buf_compare_ct.o)
                0x000000000000af48                buf_compare_ct
 .text          0x000000000000afdc       0x30 /home/ruan/op_tee/optee_os/out/arm/export-ta_arm32/lib/libutils.a(aeabi_unwind.o)
                0x000000000000afdc                __aeabi_unwind_cpp_pr0
                0x000000000000afec                __aeabi_unwind_cpp_pr1
                0x000000000000affc                __aeabi_unwind_cpp_pr2
 .text          0x000000000000b00c      0x114 /home/ruan/op_tee/optee_os/out/arm/export-ta_arm32/lib/libutils.a(memchr.o)
                0x000000000000b00c                memchr
 .text          0x000000000000b120      0x2b0 /home/ruan/op_tee/optee_os/out/arm/export-ta_arm32/lib/libutils.a(arm32_aeabi_ldivmod.o)
                0x000000000000b278                __ul_divmod
                0x000000000000b2ea                __l_divmod
 .text          0x000000000000b3d0      0x146 /home/ruan/op_tee/optee_os/out/arm/export-ta_arm32/lib/libmpa.a(mpa_conv.o)
                0x000000000000b3d0                mpa_set_S32
                0x000000000000b41c                mpa_get_S32
                0x000000000000b4b2                mpa_set_word
                0x000000000000b4e4                mpa_get_word
 .text          0x000000000000b516      0xa9c /home/ruan/op_tee/optee_os/out/arm/export-ta_arm32/lib/libmpa.a(mpa_div.o)
                0x000000000000b5ee                __mpa_div_dword
                0x000000000000bc60                __mpa_div_q_r_internal_word
                0x000000000000bd92                __mpa_div_q_r
                0x000000000000bedc                mpa_div
 .text          0x000000000000bfb2      0x7dc /home/ruan/op_tee/optee_os/out/arm/export-ta_arm32/lib/libmpa.a(mpa_gcd.o)
                0x000000000000c4c8                mpa_gcd
                0x000000000000c5b4                mpa_extended_gcd
 .text          0x000000000000c78e      0x264 /home/ruan/op_tee/optee_os/out/arm/export-ta_arm32/lib/libmpa.a(mpa_mem_static.o)
                0x000000000000c78e                mpa_init_scratch_mem_sync
                0x000000000000c7d6                mpa_init_scratch_mem
                0x000000000000c808                mpa_alloc_static_temp_var_size
                0x000000000000c93c                mpa_alloc_static_temp_var
                0x000000000000c962                mpa_free_static_temp_var
 .text          0x000000000000c9f2      0x42a /home/ruan/op_tee/optee_os/out/arm/export-ta_arm32/lib/libmpa.a(mpa_mul.o)
                0x000000000000c9f2                __mpa_mul_add_word
                0x000000000000ca6c                __mpa_mul_add_word_cum
                0x000000000000caf4                __mpa_abs_mul_word
                0x000000000000cba2                __mpa_abs_mul
                0x000000000000ccae                mpa_mul
                0x000000000000cd72                mpa_mul_word
 .text          0x000000000000ce1c      0x56c /home/ruan/op_tee/optee_os/out/arm/export-ta_arm32/lib/libmpa.a(mpa_shift.o)
                0x000000000000ce1c                __mpa_shift_words_left
                0x000000000000cece                __mpa_shift_words_right
                0x000000000000cf82                mpa_shift_left
                0x000000000000d1aa                mpa_shift_right
 .text          0x000000000000d388      0xab4 /home/ruan/op_tee/optee_os/out/arm/export-ta_arm32/lib/libmpa.a(mpa_addsub.o)
                0x000000000000d388                __mpa_full_adder
                0x000000000000d3ec                __mpa_full_sub
                0x000000000000d454                __mpa_full_adder_ackum
                0x000000000000d4b8                __mpa_abs_add
                0x000000000000d5cc                __mpa_abs_add_ackum
                0x000000000000d6b2                __mpa_abs_sub
                0x000000000000d79e                mpa_add
                0x000000000000d978                mpa_sub
                0x000000000000db7a                mpa_neg
                0x000000000000dba4                mpa_add_word
                0x000000000000dcee                mpa_sub_word
 .text          0x000000000000de3c      0x280 /home/ruan/op_tee/optee_os/out/arm/export-ta_arm32/lib/libmpa.a(mpa_cmp.o)
                0x000000000000de3c                __mpa_abs_cmp
                0x000000000000df3a                __mpa_abs_greater_than
                0x000000000000df64                __mpa_abs_less_than
                0x000000000000df8a                mpa_cmp
                0x000000000000e014                mpa_cmp_short
 .text          0x000000000000e0bc       0xe8 /home/ruan/op_tee/optee_os/out/arm/export-ta_arm32/lib/libmpa.a(mpa_init.o)
                0x000000000000e0bc                mpa_init_static
                0x000000000000e108                mpa_init_static_fmm_context
 .text          0x000000000000e1a4      0x204 /home/ruan/op_tee/optee_os/out/arm/export-ta_arm32/lib/libmpa.a(mpa_modulus.o)
                0x000000000000e1a4                mpa_mod
                0x000000000000e1d0                mpa_add_mod
                0x000000000000e220                mpa_sub_mod
                0x000000000000e270                mpa_mul_mod
                0x000000000000e2c0                mpa_inv_mod
 .text          0x000000000000e3a8        0x0 /home/ruan/op_tee/optee_os/out/arm/export-ta_arm32/lib/libutils.a(arm32_aeabi_ldivmod_a32.o)
 *(SORT(.stub))
 *(SORT(.glue_7))
 .glue_7        0x000000000000e3a8        0x0 linker stubs
 *(SORT(.glue_7t))
 .glue_7t       0x000000000000e3a8        0x0 linker stubs
 *(SORT(.gnu.linkonce.t.*))
 *(SORT(.vfp11_veneer))
 .vfp11_veneer  0x000000000000e3a8        0x0 linker stubs
                [!provide]                        PROVIDE (__gnu_mcount_nc, __utee_mcount)
                0x000000000000e3a8                __text_end = .

.v4_bx          0x000000000000e3a8        0x0
 .v4_bx         0x000000000000e3a8        0x0 linker stubs

.iplt           0x000000000000e3a8        0x0
 .iplt          0x000000000000e3a8        0x0 ./AES_decrypt_ta.o

.eh_frame
 *(SORT(.eh_frame))

.rodata         0x000000000000e3a8     0x1744
 *(SORT(.gnu.linkonce.r.*))
 *(SORT(.rodata) SORT(.rodata.*))
 .rodata.AES_decrypt_ta.c
                0x000000000000e3a8       0xcb ./AES_decrypt_ta.o
 *fill*         0x000000000000e473        0x1 
 .rodata.user_ta_header.c
                0x000000000000e474      0x114 ./user_ta_header.o
                0x000000000000e474                trace_ext_prefix
                0x000000000000e47c                ta_heap_size
                0x000000000000e584                ta_num_props
 .rodata.lib/libutee/tee_api_arith.c
                0x000000000000e588       0x5f /home/ruan/op_tee/optee_os/out/arm/export-ta_arm32/lib/libutee.a(tee_api_arith.o)
 *fill*         0x000000000000e5e7        0x1 
 .rodata.lib/libutee/tee_api.c
                0x000000000000e5e8        0x4 /home/ruan/op_tee/optee_os/out/arm/export-ta_arm32/lib/libutee.a(tee_api.o)
 .rodata.lib/libutee/tee_user_mem.c
                0x000000000000e5ec      0x184 /home/ruan/op_tee/optee_os/out/arm/export-ta_arm32/lib/libutee.a(tee_user_mem.o)
 .rodata.lib/libutee/trace_ext.c
                0x000000000000e770        0x2 /home/ruan/op_tee/optee_os/out/arm/export-ta_arm32/lib/libutee.a(trace_ext.o)
 *fill*         0x000000000000e772        0x2 
 .rodata.lib/libutee/assert.c
                0x000000000000e774       0x27 /home/ruan/op_tee/optee_os/out/arm/export-ta_arm32/lib/libutee.a(assert.o)
 *fill*         0x000000000000e79b        0x1 
 .rodata.lib/libutils/isoc/bget_malloc.c
                0x000000000000e79c      0x4a4 /home/ruan/op_tee/optee_os/out/arm/export-ta_arm32/lib/libutils.a(bget_malloc.o)
 .rodata.lib/libutils/ext/snprintk.c
                0x000000000000ec40       0x7d /home/ruan/op_tee/optee_os/out/arm/export-ta_arm32/lib/libutils.a(snprintk.o)
 *fill*         0x000000000000ecbd        0x3 
 .rodata.lib/libutils/ext/trace.c
                0x000000000000ecc0       0x55 /home/ruan/op_tee/optee_os/out/arm/export-ta_arm32/lib/libutils.a(trace.o)
 *fill*         0x000000000000ed15        0x3 
 .rodata.lib/libmpa/mpa_misc.c
                0x000000000000ed18       0x28 /home/ruan/op_tee/optee_os/out/arm/export-ta_arm32/lib/libmpa.a(mpa_misc.o)
                0x000000000000ed18                const_largest_deci_base
                0x000000000000ed24                Const_1_LShift_Base
                0x000000000000ed34                const_one
 .rodata.lib/libmpa/mpa_primetest.c
                0x000000000000ed40      0xd30 /home/ruan/op_tee/optee_os/out/arm/export-ta_arm32/lib/libmpa.a(mpa_primetest.o)
                0x000000000000ed40                MAX_TABULATED_PRIME
                0x000000000000ed44                NR_STORED_PRIMES
                0x000000000000ed48                PRIME_TABLE
 .rodata.lib/libmpa/mpa_io.c
                0x000000000000fa70       0x7c /home/ruan/op_tee/optee_os/out/arm/export-ta_arm32/lib/libmpa.a(mpa_io.o)

.ARM.extab      0x000000000000faec      0xd84
 .ARM.extab     0x000000000000faec       0x30 ./AES_decrypt_ta.o
 .ARM.extab     0x000000000000fb1c        0x0 ./user_ta_header.o
 .ARM.extab     0x000000000000fb1c      0x15c /home/ruan/op_tee/optee_os/out/arm/export-ta_arm32/lib/libutee.a(tee_api_objects.o)
 .ARM.extab     0x000000000000fc78      0x12c /home/ruan/op_tee/optee_os/out/arm/export-ta_arm32/lib/libutee.a(tee_api_operations.o)
 .ARM.extab     0x000000000000fda4        0xc /home/ruan/op_tee/optee_os/out/arm/export-ta_arm32/lib/libutee.a(tee_api_panic.o)
 .ARM.extab     0x000000000000fdb0       0x54 /home/ruan/op_tee/optee_os/out/arm/export-ta_arm32/lib/libutee.a(user_ta_entry.o)
 .ARM.extab     0x000000000000fe04        0xc /home/ruan/op_tee/optee_os/out/arm/export-ta_arm32/lib/libutee.a(utee_syscalls_a32.o)
 .ARM.extab     0x000000000000fe10      0x198 /home/ruan/op_tee/optee_os/out/arm/export-ta_arm32/lib/libutee.a(tee_api_arith.o)
 .ARM.extab     0x000000000000ffa8      0x120 /home/ruan/op_tee/optee_os/out/arm/export-ta_arm32/lib/libutee.a(tee_api.o)
 .ARM.extab     0x00000000000100c8       0x3c /home/ruan/op_tee/optee_os/out/arm/export-ta_arm32/lib/libutee.a(utee_misc.o)
 .ARM.extab     0x0000000000010104       0xb4 /home/ruan/op_tee/optee_os/out/arm/export-ta_arm32/lib/libutee.a(tee_user_mem.o)
 .ARM.extab     0x00000000000101b8       0x34 /home/ruan/op_tee/optee_os/out/arm/export-ta_arm32/lib/libutee.a(trace_ext.o)
 .ARM.extab     0x00000000000101ec        0xc /home/ruan/op_tee/optee_os/out/arm/export-ta_arm32/lib/libutee.a(assert.o)
 .ARM.extab     0x00000000000101f8      0x1a4 /home/ruan/op_tee/optee_os/out/arm/export-ta_arm32/lib/libutils.a(bget_malloc.o)
 .ARM.extab     0x000000000001039c       0x18 /home/ruan/op_tee/optee_os/out/arm/export-ta_arm32/lib/libutils.a(snprintf.o)
 .ARM.extab     0x00000000000103b4        0xc /home/ruan/op_tee/optee_os/out/arm/export-ta_arm32/lib/libutils.a(memcmp.o)
 .ARM.extab     0x00000000000103c0        0xc /home/ruan/op_tee/optee_os/out/arm/export-ta_arm32/lib/libutils.a(memcpy.o)
 .ARM.extab     0x00000000000103cc        0xc /home/ruan/op_tee/optee_os/out/arm/export-ta_arm32/lib/libutils.a(memmove.o)
 .ARM.extab     0x00000000000103d8        0xc /home/ruan/op_tee/optee_os/out/arm/export-ta_arm32/lib/libutils.a(memset.o)
 .ARM.extab     0x00000000000103e4        0xc /home/ruan/op_tee/optee_os/out/arm/export-ta_arm32/lib/libutils.a(strlen.o)
 .ARM.extab     0x00000000000103f0       0x24 /home/ruan/op_tee/optee_os/out/arm/export-ta_arm32/lib/libutils.a(snprintk.o)
 .ARM.extab     0x0000000000010414        0xc /home/ruan/op_tee/optee_os/out/arm/export-ta_arm32/lib/libutils.a(buf_compare_ct.o)
 .ARM.extab     0x0000000000010420       0x30 /home/ruan/op_tee/optee_os/out/arm/export-ta_arm32/lib/libutils.a(trace.o)
 .ARM.extab     0x0000000000010450        0x0 /home/ruan/op_tee/optee_os/out/arm/export-ta_arm32/lib/libutils.a(aeabi_unwind.o)
 .ARM.extab     0x0000000000010450        0xc /home/ruan/op_tee/optee_os/out/arm/export-ta_arm32/lib/libutils.a(memchr.o)
 .ARM.extab     0x000000000001045c       0x30 /home/ruan/op_tee/optee_os/out/arm/export-ta_arm32/lib/libutils.a(arm32_aeabi_ldivmod.o)
 .ARM.extab     0x000000000001048c       0x60 /home/ruan/op_tee/optee_os/out/arm/export-ta_arm32/lib/libmpa.a(mpa_misc.o)
 .ARM.extab     0x00000000000104ec       0x24 /home/ruan/op_tee/optee_os/out/arm/export-ta_arm32/lib/libmpa.a(mpa_montgomery.o)
 .ARM.extab     0x0000000000010510       0x30 /home/ruan/op_tee/optee_os/out/arm/export-ta_arm32/lib/libmpa.a(mpa_primetest.o)
 .ARM.extab     0x0000000000010540       0x30 /home/ruan/op_tee/optee_os/out/arm/export-ta_arm32/lib/libmpa.a(mpa_conv.o)
 .ARM.extab     0x0000000000010570       0x48 /home/ruan/op_tee/optee_os/out/arm/export-ta_arm32/lib/libmpa.a(mpa_div.o)
 .ARM.extab     0x00000000000105b8       0x3c /home/ruan/op_tee/optee_os/out/arm/export-ta_arm32/lib/libmpa.a(mpa_gcd.o)
 .ARM.extab     0x00000000000105f4       0x3c /home/ruan/op_tee/optee_os/out/arm/export-ta_arm32/lib/libmpa.a(mpa_mem_static.o)
 .ARM.extab     0x0000000000010630       0x30 /home/ruan/op_tee/optee_os/out/arm/export-ta_arm32/lib/libmpa.a(mpa_mul.o)
 .ARM.extab     0x0000000000010660       0x30 /home/ruan/op_tee/optee_os/out/arm/export-ta_arm32/lib/libmpa.a(mpa_random.o)
 .ARM.extab     0x0000000000010690       0x30 /home/ruan/op_tee/optee_os/out/arm/export-ta_arm32/lib/libmpa.a(mpa_shift.o)
 .ARM.extab     0x00000000000106c0       0x60 /home/ruan/op_tee/optee_os/out/arm/export-ta_arm32/lib/libmpa.a(mpa_addsub.o)
 .ARM.extab     0x0000000000010720       0x3c /home/ruan/op_tee/optee_os/out/arm/export-ta_arm32/lib/libmpa.a(mpa_cmp.o)
 .ARM.extab     0x000000000001075c        0xc /home/ruan/op_tee/optee_os/out/arm/export-ta_arm32/lib/libmpa.a(mpa_expmod.o)
 .ARM.extab     0x0000000000010768       0x18 /home/ruan/op_tee/optee_os/out/arm/export-ta_arm32/lib/libmpa.a(mpa_init.o)
 .ARM.extab     0x0000000000010780       0xb4 /home/ruan/op_tee/optee_os/out/arm/export-ta_arm32/lib/libmpa.a(mpa_io.o)
 .ARM.extab     0x0000000000010834       0x3c /home/ruan/op_tee/optee_os/out/arm/export-ta_arm32/lib/libmpa.a(mpa_modulus.o)

.gnu.version_d  0x0000000000010870        0x0
 .gnu.version_d
                0x0000000000010870        0x0 ./AES_decrypt_ta.o

.gnu.version    0x0000000000010870        0x0
 .gnu.version   0x0000000000010870        0x0 ./AES_decrypt_ta.o

.gnu.version_r  0x0000000000010870        0x0
 .gnu.version_r
                0x0000000000010870        0x0 ./AES_decrypt_ta.o

.ARM.extab.text.__aeabi_ldivmod
                0x0000000000010870        0xc
 .ARM.extab.text.__aeabi_ldivmod
                0x0000000000010870        0xc /home/ruan/op_tee/optee_os/out/arm/export-ta_arm32/lib/libutils.a(arm32_aeabi_ldivmod_a32.o)

.ARM.extab.text.__aeabi_uldivmod
                0x000000000001087c        0xc
 .ARM.extab.text.__aeabi_uldivmod
                0x000000000001087c        0xc /home/ruan/op_tee/optee_os/out/arm/export-ta_arm32/lib/libutils.a(arm32_aeabi_ldivmod_a32.o)

.ARM.exidx      0x0000000000010888      0xa08
 *(SORT(.ARM.exidx*) SORT(.gnu.linkonce.armexidx.*))
 .ARM.exidx     0x0000000000010888       0x28 ./AES_decrypt_ta.o
                                         0x30 (size before relaxing)
 .ARM.exidx     0x0000000000010f50        0x8 ./user_ta_header.o
 .ARM.exidx     0x0000000000010f58       0xf8 /home/ruan/op_tee/optee_os/out/arm/export-ta_arm32/lib/libutee.a(tee_api_objects.o)
 .ARM.exidx     0x00000000000108b0       0xe0 /home/ruan/op_tee/optee_os/out/arm/export-ta_arm32/lib/libutee.a(tee_api_operations.o)
                                         0xf0 (size before relaxing)
 .ARM.exidx     0x0000000000011050        0x8 /home/ruan/op_tee/optee_os/out/arm/export-ta_arm32/lib/libutee.a(tee_api_panic.o)
 .ARM.exidx     0x0000000000010990       0x48 /home/ruan/op_tee/optee_os/out/arm/export-ta_arm32/lib/libutee.a(user_ta_entry.o)
                                         0x50 (size before relaxing)
 .ARM.exidx     0x00000000000109d8       0x18 /home/ruan/op_tee/optee_os/out/arm/export-ta_arm32/lib/libutee.a(utee_syscalls_a32.o)
                                        0x240 (size before relaxing)
 .ARM.exidx     0x00000000000109f0      0x110 /home/ruan/op_tee/optee_os/out/arm/export-ta_arm32/lib/libutee.a(tee_api_arith.o)
 .ARM.exidx     0x0000000000010b00       0xc8 /home/ruan/op_tee/optee_os/out/arm/export-ta_arm32/lib/libutee.a(tee_api.o)
 .ARM.exidx     0x0000000000011058       0x30 /home/ruan/op_tee/optee_os/out/arm/export-ta_arm32/lib/libutee.a(utee_misc.o)
 .ARM.exidx     0x0000000000010bc8       0x88 /home/ruan/op_tee/optee_os/out/arm/export-ta_arm32/lib/libutee.a(tee_user_mem.o)
 .ARM.exidx     0x0000000000010c50       0x28 /home/ruan/op_tee/optee_os/out/arm/export-ta_arm32/lib/libutee.a(trace_ext.o)
 .ARM.exidx     0x0000000000010c78       0x10 /home/ruan/op_tee/optee_os/out/arm/export-ta_arm32/lib/libutee.a(assert.o)
 .ARM.exidx     0x0000000000010c88      0x128 /home/ruan/op_tee/optee_os/out/arm/export-ta_arm32/lib/libutils.a(bget_malloc.o)
 .ARM.exidx     0x0000000000011088       0x10 /home/ruan/op_tee/optee_os/out/arm/export-ta_arm32/lib/libutils.a(snprintf.o)
 .ARM.exidx     0x0000000000011098        0x8 /home/ruan/op_tee/optee_os/out/arm/export-ta_arm32/lib/libutils.a(memcmp.o)
 .ARM.exidx     0x00000000000110a0        0x8 /home/ruan/op_tee/optee_os/out/arm/export-ta_arm32/lib/libutils.a(memcpy.o)
 .ARM.exidx     0x00000000000110a8        0x8 /home/ruan/op_tee/optee_os/out/arm/export-ta_arm32/lib/libutils.a(memmove.o)
 .ARM.exidx     0x00000000000110b0        0x8 /home/ruan/op_tee/optee_os/out/arm/export-ta_arm32/lib/libutils.a(memset.o)
 .ARM.exidx     0x00000000000110b8        0x8 /home/ruan/op_tee/optee_os/out/arm/export-ta_arm32/lib/libutils.a(strlen.o)
 .ARM.exidx     0x0000000000010db0       0x28 /home/ruan/op_tee/optee_os/out/arm/export-ta_arm32/lib/libutils.a(snprintk.o)
 .ARM.exidx     0x00000000000110c0        0x8 /home/ruan/op_tee/optee_os/out/arm/export-ta_arm32/lib/libutils.a(buf_compare_ct.o)
 .ARM.exidx     0x0000000000010dd8       0x28 /home/ruan/op_tee/optee_os/out/arm/export-ta_arm32/lib/libutils.a(trace.o)
 .ARM.exidx     0x00000000000110c8        0x8 /home/ruan/op_tee/optee_os/out/arm/export-ta_arm32/lib/libutils.a(aeabi_unwind.o)
                                         0x18 (size before relaxing)
 .ARM.exidx     0x00000000000110d0        0x8 /home/ruan/op_tee/optee_os/out/arm/export-ta_arm32/lib/libutils.a(memchr.o)
 .ARM.exidx.text.__aeabi_ldivmod
                0x0000000000010e00        0x8 /home/ruan/op_tee/optee_os/out/arm/export-ta_arm32/lib/libutils.a(arm32_aeabi_ldivmod_a32.o)
 .ARM.exidx.text.__aeabi_uldivmod
                0x0000000000010e08        0x8 /home/ruan/op_tee/optee_os/out/arm/export-ta_arm32/lib/libutils.a(arm32_aeabi_ldivmod_a32.o)
 .ARM.exidx     0x00000000000110d8       0x20 /home/ruan/op_tee/optee_os/out/arm/export-ta_arm32/lib/libutils.a(arm32_aeabi_ldivmod.o)
 .ARM.exidx     0x0000000000010e10       0x48 /home/ruan/op_tee/optee_os/out/arm/export-ta_arm32/lib/libmpa.a(mpa_misc.o)
 .ARM.exidx     0x0000000000010e58       0x28 /home/ruan/op_tee/optee_os/out/arm/export-ta_arm32/lib/libmpa.a(mpa_montgomery.o)
 .ARM.exidx     0x0000000000010e80       0x28 /home/ruan/op_tee/optee_os/out/arm/export-ta_arm32/lib/libmpa.a(mpa_primetest.o)
 .ARM.exidx     0x00000000000110f8       0x20 /home/ruan/op_tee/optee_os/out/arm/export-ta_arm32/lib/libmpa.a(mpa_conv.o)
 .ARM.exidx     0x0000000000011118       0x30 /home/ruan/op_tee/optee_os/out/arm/export-ta_arm32/lib/libmpa.a(mpa_div.o)
 .ARM.exidx     0x0000000000011148       0x28 /home/ruan/op_tee/optee_os/out/arm/export-ta_arm32/lib/libmpa.a(mpa_gcd.o)
 .ARM.exidx     0x0000000000011170       0x28 /home/ruan/op_tee/optee_os/out/arm/export-ta_arm32/lib/libmpa.a(mpa_mem_static.o)
 .ARM.exidx     0x0000000000011198       0x28 /home/ruan/op_tee/optee_os/out/arm/export-ta_arm32/lib/libmpa.a(mpa_mul.o)
                                         0x30 (size before relaxing)
 .ARM.exidx     0x0000000000010ea8       0x20 /home/ruan/op_tee/optee_os/out/arm/export-ta_arm32/lib/libmpa.a(mpa_random.o)
 .ARM.exidx     0x00000000000111c0       0x20 /home/ruan/op_tee/optee_os/out/arm/export-ta_arm32/lib/libmpa.a(mpa_shift.o)
 .ARM.exidx     0x00000000000111e0       0x48 /home/ruan/op_tee/optee_os/out/arm/export-ta_arm32/lib/libmpa.a(mpa_addsub.o)
                                         0x58 (size before relaxing)
 .ARM.exidx     0x0000000000011228       0x28 /home/ruan/op_tee/optee_os/out/arm/export-ta_arm32/lib/libmpa.a(mpa_cmp.o)
 .ARM.exidx     0x0000000000010ec8        0x8 /home/ruan/op_tee/optee_os/out/arm/export-ta_arm32/lib/libmpa.a(mpa_expmod.o)
 .ARM.exidx     0x0000000000011250       0x10 /home/ruan/op_tee/optee_os/out/arm/export-ta_arm32/lib/libmpa.a(mpa_init.o)
 .ARM.exidx     0x0000000000010ed0       0x80 /home/ruan/op_tee/optee_os/out/arm/export-ta_arm32/lib/libmpa.a(mpa_io.o)
 .ARM.exidx     0x0000000000011260       0x30 /home/ruan/op_tee/optee_os/out/arm/export-ta_arm32/lib/libmpa.a(mpa_modulus.o)
                                         0x28 (size before relaxing)

.ctors
 *(SORT(.ctors))

.dtors
 *(SORT(.dtors))

.plt            0x0000000000011290        0x0
 *(SORT(.plt))
 .plt           0x0000000000011290        0x0 ./AES_decrypt_ta.o

.got            0x0000000000011290       0x30
 *(SORT(.got.plt))
 .got.plt       0x0000000000011290        0xc ./AES_decrypt_ta.o
                0x0000000000011290                _GLOBAL_OFFSET_TABLE_
 *(SORT(.got))
 .got           0x000000000001129c       0x24 ./AES_decrypt_ta.o

.rel.text       0x00000000000112c0        0x0
 *(SORT(.rel.text))
 .rel.text      0x00000000000112c0        0x0 ./AES_decrypt_ta.o
 *(SORT(.rel.gnu.linkonce.t*))

.rela.text
 *(SORT(.rela.text))
 *(SORT(.rela.gnu.linkonce.t*))

.rel.data
 *(SORT(.rel.data))
 *(SORT(.rel.gnu.linkonce.d*))

.rela.data
 *(SORT(.rela.data))
 *(SORT(.rela.gnu.linkonce.d*))

.rel.rodata
 *(SORT(.rel.rodata))
 *(SORT(.rel.gnu.linkonce.r*))

.rela.rodata
 *(SORT(.rela.rodata))
 *(SORT(.rela.gnu.linkonce.r*))

.rel.dyn        0x00000000000112c0       0xc8
 *(SORT(.rel.dyn))
 .rel.iplt      0x00000000000112c0        0x0 ./AES_decrypt_ta.o
 .rel.ta_head   0x00000000000112c0        0x8 ./AES_decrypt_ta.o
 .rel.data.rel.ro.local
                0x00000000000112c8       0x90 ./AES_decrypt_ta.o
 .rel.data.rel  0x0000000000011358        0x8 ./AES_decrypt_ta.o
 .rel.data.rel.local
                0x0000000000011360       0x28 ./AES_decrypt_ta.o

.rel.got        0x0000000000011388       0x48
 *(SORT(.rel.got))
 .rel.got       0x0000000000011388       0x48 ./AES_decrypt_ta.o

.rela.got
 *(SORT(.rela.got))

.rel.ctors
 *(SORT(.rel.ctors))

.rela.ctors
 *(SORT(.rela.ctors))

.rel.dtors
 *(SORT(.rel.dtors))

.rela.dtors
 *(SORT(.rela.dtors))

.rel.init
 *(SORT(.rel.init))

.rela.init
 *(SORT(.rela.init))

.rel.fini
 *(SORT(.rel.fini))

.rela.fini
 *(SORT(.rela.fini))

.rel.bss
 *(SORT(.rel.bss))

.rela.bss
 *(SORT(.rela.bss))

.rel.plt        0x00000000000113d0        0x0
 *(SORT(.rel.plt))
 .rel.plt       0x00000000000113d0        0x0 ./AES_decrypt_ta.o

.rela.plt
 *(SORT(.rela.plt))

.dynamic        0x00000000000113d0       0x80
 *(SORT(.dynamic))
 .dynamic       0x00000000000113d0       0x80 ./AES_decrypt_ta.o
                0x00000000000113d0                _DYNAMIC

.dynsym         0x0000000000011450       0xc0
 *(SORT(.dynsym))
 .dynsym        0x0000000000011450       0xc0 ./AES_decrypt_ta.o

.dynstr         0x0000000000011510       0x8e
 *(SORT(.dynstr))
 .dynstr        0x0000000000011510       0x8e ./AES_decrypt_ta.o

.hash           0x00000000000115a0       0x44
 *(SORT(.hash))
 .hash          0x00000000000115a0       0x44 ./AES_decrypt_ta.o
                0x0000000000012000                . = ALIGN (0x1000)

.data           0x0000000000012000       0x9c
 *(SORT(.data) SORT(.data.*) SORT(.gnu.linkonce.d.*))
 .data          0x0000000000012000        0x4 ./user_ta_header.o
                0x0000000000012000                trace_level
 .data.rel.ro.local
                0x0000000000012004       0x6c ./user_ta_header.o
                0x0000000000012004                ta_props
 .data.rel      0x0000000000012070        0x4 /home/ruan/op_tee/optee_os/out/arm/export-ta_arm32/lib/libutee.a(user_ta_entry.o)
                0x0000000000012070                _ref__utee_mcount
 .data.rel.local
                0x0000000000012074        0x8 /home/ruan/op_tee/optee_os/out/arm/export-ta_arm32/lib/libutee.a(user_ta_entry.o)
 .data.rel.local
                0x000000000001207c        0x4 /home/ruan/op_tee/optee_os/out/arm/export-ta_arm32/lib/libutee.a(tee_api_arith.o)
 .data          0x0000000000012080        0x4 /home/ruan/op_tee/optee_os/out/arm/export-ta_arm32/lib/libutee.a(tee_user_mem.o)
 .data.rel.local
                0x0000000000012084        0x8 /home/ruan/op_tee/optee_os/out/arm/export-ta_arm32/lib/libutee.a(tee_user_mem.o)
                0x0000000000012084                user_mem_head
 .data.rel.local
                0x000000000001208c       0x10 /home/ruan/op_tee/optee_os/out/arm/export-ta_arm32/lib/libutils.a(bget_malloc.o)
 .data          0x000000000001209c        0x0 ./AES_decrypt_ta.o
 .data          0x000000000001209c        0x0 /home/ruan/op_tee/optee_os/out/arm/export-ta_arm32/lib/libutee.a(tee_api_objects.o)
 .data          0x000000000001209c        0x0 /home/ruan/op_tee/optee_os/out/arm/export-ta_arm32/lib/libutee.a(tee_api_operations.o)
 .data          0x000000000001209c        0x0 /home/ruan/op_tee/optee_os/out/arm/export-ta_arm32/lib/libutee.a(tee_api_panic.o)
 .data          0x000000000001209c        0x0 /home/ruan/op_tee/optee_os/out/arm/export-ta_arm32/lib/libutee.a(user_ta_entry.o)
 .data          0x000000000001209c        0x0 /home/ruan/op_tee/optee_os/out/arm/export-ta_arm32/lib/libutee.a(utee_syscalls_a32.o)
 .data          0x000000000001209c        0x0 /home/ruan/op_tee/optee_os/out/arm/export-ta_arm32/lib/libutee.a(gprof_a32.o)
 .data          0x000000000001209c        0x0 /home/ruan/op_tee/optee_os/out/arm/export-ta_arm32/lib/libutee.a(tee_api_arith.o)
 .data          0x000000000001209c        0x0 /home/ruan/op_tee/optee_os/out/arm/export-ta_arm32/lib/libutee.a(tee_api.o)
 .data          0x000000000001209c        0x0 /home/ruan/op_tee/optee_os/out/arm/export-ta_arm32/lib/libutee.a(utee_misc.o)
 .data          0x000000000001209c        0x0 /home/ruan/op_tee/optee_os/out/arm/export-ta_arm32/lib/libutee.a(trace_ext.o)
 .data          0x000000000001209c        0x0 /home/ruan/op_tee/optee_os/out/arm/export-ta_arm32/lib/libutee.a(assert.o)
 .data          0x000000000001209c        0x0 /home/ruan/op_tee/optee_os/out/arm/export-ta_arm32/lib/libutils.a(bget_malloc.o)
 .data          0x000000000001209c        0x0 /home/ruan/op_tee/optee_os/out/arm/export-ta_arm32/lib/libutils.a(snprintf.o)
 .data          0x000000000001209c        0x0 /home/ruan/op_tee/optee_os/out/arm/export-ta_arm32/lib/libutils.a(memcmp.o)
 .data          0x000000000001209c        0x0 /home/ruan/op_tee/optee_os/out/arm/export-ta_arm32/lib/libutils.a(memcpy.o)
 .data          0x000000000001209c        0x0 /home/ruan/op_tee/optee_os/out/arm/export-ta_arm32/lib/libutils.a(memmove.o)
 .data          0x000000000001209c        0x0 /home/ruan/op_tee/optee_os/out/arm/export-ta_arm32/lib/libutils.a(memset.o)
 .data          0x000000000001209c        0x0 /home/ruan/op_tee/optee_os/out/arm/export-ta_arm32/lib/libutils.a(strlen.o)
 .data          0x000000000001209c        0x0 /home/ruan/op_tee/optee_os/out/arm/export-ta_arm32/lib/libutils.a(snprintk.o)
 .data          0x000000000001209c        0x0 /home/ruan/op_tee/optee_os/out/arm/export-ta_arm32/lib/libutils.a(buf_compare_ct.o)
 .data          0x000000000001209c        0x0 /home/ruan/op_tee/optee_os/out/arm/export-ta_arm32/lib/libutils.a(trace.o)
 .data          0x000000000001209c        0x0 /home/ruan/op_tee/optee_os/out/arm/export-ta_arm32/lib/libutils.a(aeabi_unwind.o)
 .data          0x000000000001209c        0x0 /home/ruan/op_tee/optee_os/out/arm/export-ta_arm32/lib/libutils.a(memchr.o)
 .data          0x000000000001209c        0x0 /home/ruan/op_tee/optee_os/out/arm/export-ta_arm32/lib/libutils.a(arm32_aeabi_ldivmod_a32.o)
 .data          0x000000000001209c        0x0 /home/ruan/op_tee/optee_os/out/arm/export-ta_arm32/lib/libutils.a(arm32_aeabi_ldivmod.o)
 .data          0x000000000001209c        0x0 /home/ruan/op_tee/optee_os/out/arm/export-ta_arm32/lib/libmpa.a(mpa_misc.o)
 .data          0x000000000001209c        0x0 /home/ruan/op_tee/optee_os/out/arm/export-ta_arm32/lib/libmpa.a(mpa_montgomery.o)
 .data          0x000000000001209c        0x0 /home/ruan/op_tee/optee_os/out/arm/export-ta_arm32/lib/libmpa.a(mpa_primetest.o)
 .data          0x000000000001209c        0x0 /home/ruan/op_tee/optee_os/out/arm/export-ta_arm32/lib/libmpa.a(mpa_conv.o)
 .data          0x000000000001209c        0x0 /home/ruan/op_tee/optee_os/out/arm/export-ta_arm32/lib/libmpa.a(mpa_div.o)
 .data          0x000000000001209c        0x0 /home/ruan/op_tee/optee_os/out/arm/export-ta_arm32/lib/libmpa.a(mpa_gcd.o)
 .data          0x000000000001209c        0x0 /home/ruan/op_tee/optee_os/out/arm/export-ta_arm32/lib/libmpa.a(mpa_mem_static.o)
 .data          0x000000000001209c        0x0 /home/ruan/op_tee/optee_os/out/arm/export-ta_arm32/lib/libmpa.a(mpa_mul.o)
 .data          0x000000000001209c        0x0 /home/ruan/op_tee/optee_os/out/arm/export-ta_arm32/lib/libmpa.a(mpa_random.o)
 .data          0x000000000001209c        0x0 /home/ruan/op_tee/optee_os/out/arm/export-ta_arm32/lib/libmpa.a(mpa_shift.o)
 .data          0x000000000001209c        0x0 /home/ruan/op_tee/optee_os/out/arm/export-ta_arm32/lib/libmpa.a(mpa_addsub.o)
 .data          0x000000000001209c        0x0 /home/ruan/op_tee/optee_os/out/arm/export-ta_arm32/lib/libmpa.a(mpa_cmp.o)
 .data          0x000000000001209c        0x0 /home/ruan/op_tee/optee_os/out/arm/export-ta_arm32/lib/libmpa.a(mpa_expmod.o)
 .data          0x000000000001209c        0x0 /home/ruan/op_tee/optee_os/out/arm/export-ta_arm32/lib/libmpa.a(mpa_init.o)
 .data          0x000000000001209c        0x0 /home/ruan/op_tee/optee_os/out/arm/export-ta_arm32/lib/libmpa.a(mpa_io.o)
 .data          0x000000000001209c        0x0 /home/ruan/op_tee/optee_os/out/arm/export-ta_arm32/lib/libmpa.a(mpa_modulus.o)

.igot.plt       0x000000000001209c        0x0
 .igot.plt      0x000000000001209c        0x0 ./AES_decrypt_ta.o

.bss            0x000000000001209c     0xab94
 *(SORT(.bss) SORT(.bss.*) SORT(.gnu.linkonce.b.*) SORT(COMMON))
 .bss           0x000000000001209c     0x8000 ./user_ta_header.o
                0x000000000001209c                ta_heap
 .bss           0x000000000001a09c       0x29 /home/ruan/op_tee/optee_os/out/arm/export-ta_arm32/lib/libutee.a(user_ta_entry.o)
                0x000000000001a09c                ta_param_types
                0x000000000001a0a0                ta_params
 *fill*         0x000000000001a0c5        0x3 
 .bss           0x000000000001a0c8     0x1b00 /home/ruan/op_tee/optee_os/out/arm/export-ta_arm32/lib/libutee.a(tee_api_arith.o)
 .bss           0x000000000001bbc8        0x4 /home/ruan/op_tee/optee_os/out/arm/export-ta_arm32/lib/libutee.a(tee_api.o)
 .bss           0x000000000001bbcc        0xc /home/ruan/op_tee/optee_os/out/arm/export-ta_arm32/lib/libutee.a(tee_user_mem.o)
 .bss           0x000000000001bbd8       0x4c /home/ruan/op_tee/optee_os/out/arm/export-ta_arm32/lib/libutils.a(bget_malloc.o)
 .bss           0x000000000001bc24        0x4 /home/ruan/op_tee/optee_os/out/arm/export-ta_arm32/lib/libmpa.a(mpa_random.o)
 .bss           0x000000000001bc28     0x1002 /home/ruan/op_tee/optee_os/out/arm/export-ta_arm32/lib/libmpa.a(mpa_io.o)
 .bss           0x000000000001cc2a        0x0 ./AES_decrypt_ta.o
 .bss           0x000000000001cc2a        0x0 /home/ruan/op_tee/optee_os/out/arm/export-ta_arm32/lib/libutee.a(tee_api_objects.o)
 .bss           0x000000000001cc2a        0x0 /home/ruan/op_tee/optee_os/out/arm/export-ta_arm32/lib/libutee.a(tee_api_operations.o)
 .bss           0x000000000001cc2a        0x0 /home/ruan/op_tee/optee_os/out/arm/export-ta_arm32/lib/libutee.a(tee_api_panic.o)
 .bss           0x000000000001cc2a        0x0 /home/ruan/op_tee/optee_os/out/arm/export-ta_arm32/lib/libutee.a(utee_syscalls_a32.o)
 .bss           0x000000000001cc2a        0x0 /home/ruan/op_tee/optee_os/out/arm/export-ta_arm32/lib/libutee.a(gprof_a32.o)
 .bss           0x000000000001cc2a        0x0 /home/ruan/op_tee/optee_os/out/arm/export-ta_arm32/lib/libutee.a(utee_misc.o)
 .bss           0x000000000001cc2a        0x0 /home/ruan/op_tee/optee_os/out/arm/export-ta_arm32/lib/libutee.a(trace_ext.o)
 .bss           0x000000000001cc2a        0x0 /home/ruan/op_tee/optee_os/out/arm/export-ta_arm32/lib/libutee.a(assert.o)
 .bss           0x000000000001cc2a        0x0 /home/ruan/op_tee/optee_os/out/arm/export-ta_arm32/lib/libutils.a(snprintf.o)
 .bss           0x000000000001cc2a        0x0 /home/ruan/op_tee/optee_os/out/arm/export-ta_arm32/lib/libutils.a(memcmp.o)
 .bss           0x000000000001cc2a        0x0 /home/ruan/op_tee/optee_os/out/arm/export-ta_arm32/lib/libutils.a(memcpy.o)
 .bss           0x000000000001cc2a        0x0 /home/ruan/op_tee/optee_os/out/arm/export-ta_arm32/lib/libutils.a(memmove.o)
 .bss           0x000000000001cc2a        0x0 /home/ruan/op_tee/optee_os/out/arm/export-ta_arm32/lib/libutils.a(memset.o)
 .bss           0x000000000001cc2a        0x0 /home/ruan/op_tee/optee_os/out/arm/export-ta_arm32/lib/libutils.a(strlen.o)
 .bss           0x000000000001cc2a        0x0 /home/ruan/op_tee/optee_os/out/arm/export-ta_arm32/lib/libutils.a(snprintk.o)
 .bss           0x000000000001cc2a        0x0 /home/ruan/op_tee/optee_os/out/arm/export-ta_arm32/lib/libutils.a(buf_compare_ct.o)
 .bss           0x000000000001cc2a        0x0 /home/ruan/op_tee/optee_os/out/arm/export-ta_arm32/lib/libutils.a(trace.o)
 .bss           0x000000000001cc2a        0x0 /home/ruan/op_tee/optee_os/out/arm/export-ta_arm32/lib/libutils.a(aeabi_unwind.o)
 .bss           0x000000000001cc2a        0x0 /home/ruan/op_tee/optee_os/out/arm/export-ta_arm32/lib/libutils.a(memchr.o)
 .bss           0x000000000001cc2a        0x0 /home/ruan/op_tee/optee_os/out/arm/export-ta_arm32/lib/libutils.a(arm32_aeabi_ldivmod_a32.o)
 .bss           0x000000000001cc2a        0x0 /home/ruan/op_tee/optee_os/out/arm/export-ta_arm32/lib/libutils.a(arm32_aeabi_ldivmod.o)
 .bss           0x000000000001cc2a        0x0 /home/ruan/op_tee/optee_os/out/arm/export-ta_arm32/lib/libmpa.a(mpa_misc.o)
 .bss           0x000000000001cc2a        0x0 /home/ruan/op_tee/optee_os/out/arm/export-ta_arm32/lib/libmpa.a(mpa_montgomery.o)
 .bss           0x000000000001cc2a        0x0 /home/ruan/op_tee/optee_os/out/arm/export-ta_arm32/lib/libmpa.a(mpa_primetest.o)
 .bss           0x000000000001cc2a        0x0 /home/ruan/op_tee/optee_os/out/arm/export-ta_arm32/lib/libmpa.a(mpa_conv.o)
 .bss           0x000000000001cc2a        0x0 /home/ruan/op_tee/optee_os/out/arm/export-ta_arm32/lib/libmpa.a(mpa_div.o)
 .bss           0x000000000001cc2a        0x0 /home/ruan/op_tee/optee_os/out/arm/export-ta_arm32/lib/libmpa.a(mpa_gcd.o)
 .bss           0x000000000001cc2a        0x0 /home/ruan/op_tee/optee_os/out/arm/export-ta_arm32/lib/libmpa.a(mpa_mem_static.o)
 .bss           0x000000000001cc2a        0x0 /home/ruan/op_tee/optee_os/out/arm/export-ta_arm32/lib/libmpa.a(mpa_mul.o)
 .bss           0x000000000001cc2a        0x0 /home/ruan/op_tee/optee_os/out/arm/export-ta_arm32/lib/libmpa.a(mpa_shift.o)
 .bss           0x000000000001cc2a        0x0 /home/ruan/op_tee/optee_os/out/arm/export-ta_arm32/lib/libmpa.a(mpa_addsub.o)
 .bss           0x000000000001cc2a        0x0 /home/ruan/op_tee/optee_os/out/arm/export-ta_arm32/lib/libmpa.a(mpa_cmp.o)
 .bss           0x000000000001cc2a        0x0 /home/ruan/op_tee/optee_os/out/arm/export-ta_arm32/lib/libmpa.a(mpa_expmod.o)
 .bss           0x000000000001cc2a        0x0 /home/ruan/op_tee/optee_os/out/arm/export-ta_arm32/lib/libmpa.a(mpa_init.o)
 .bss           0x000000000001cc2a        0x0 /home/ruan/op_tee/optee_os/out/arm/export-ta_arm32/lib/libmpa.a(mpa_modulus.o)
                0x000000000001cc30                . = ALIGN (0x8)
 *fill*         0x000000000001cc2a        0x6 
                0x000000000001cc30                __gprof_buf_start = .
                0x000000000001cc30                . = (. + DEFINED (__gnu_mcount_nc)?(((__text_end - __text_start) * 0x88) / 0x64):0x0)
                0x000000000001cc30                __gprof_buf_end = .

.dynbss         0x000000000001cc30        0x0
 .dynbss        0x000000000001cc30        0x0 ./AES_decrypt_ta.o

/DISCARD/
 *(SORT(.interp))
LOAD ./AES_decrypt_ta.o
LOAD ./user_ta_header.o
START GROUP
LOAD /home/ruan/op_tee/optee_os/out/arm/export-ta_arm32/lib/libmpa.a
LOAD /home/ruan/op_tee/optee_os/out/arm/export-ta_arm32/lib/libutee.a
LOAD /home/ruan/op_tee/optee_os/out/arm/export-ta_arm32/lib/libutils.a
END GROUP
OUTPUT(8aaaf200-5560-11e4-abe2-0002a5d5c51b.elf elf32-littlearm)

.debug_info     0x0000000000000000     0xbff9
 .debug_info    0x0000000000000000      0x4d3 ./AES_decrypt_ta.o
 .debug_info    0x00000000000004d3      0x383 ./user_ta_header.o
 .debug_info    0x0000000000000856      0xe78 /home/ruan/op_tee/optee_os/out/arm/export-ta_arm32/lib/libutee.a(tee_api_objects.o)
 .debug_info    0x00000000000016ce     0x1630 /home/ruan/op_tee/optee_os/out/arm/export-ta_arm32/lib/libutee.a(tee_api_operations.o)
 .debug_info    0x0000000000002cfe       0xe6 /home/ruan/op_tee/optee_os/out/arm/export-ta_arm32/lib/libutee.a(tee_api_panic.o)
 .debug_info    0x0000000000002de4      0x61a /home/ruan/op_tee/optee_os/out/arm/export-ta_arm32/lib/libutee.a(user_ta_entry.o)
 .debug_info    0x00000000000033fe       0x6c /home/ruan/op_tee/optee_os/out/arm/export-ta_arm32/lib/libutee.a(utee_syscalls_a32.o)
 .debug_info    0x000000000000346a       0x6a /home/ruan/op_tee/optee_os/out/arm/export-ta_arm32/lib/libutee.a(gprof_a32.o)
 .debug_info    0x00000000000034d4      0xff1 /home/ruan/op_tee/optee_os/out/arm/export-ta_arm32/lib/libutee.a(tee_api_arith.o)
 .debug_info    0x00000000000044c5      0xa5c /home/ruan/op_tee/optee_os/out/arm/export-ta_arm32/lib/libutee.a(tee_api.o)
 .debug_info    0x0000000000004f21      0x1e0 /home/ruan/op_tee/optee_os/out/arm/export-ta_arm32/lib/libutee.a(utee_misc.o)
 .debug_info    0x0000000000005101      0x6b1 /home/ruan/op_tee/optee_os/out/arm/export-ta_arm32/lib/libutee.a(tee_user_mem.o)
 .debug_info    0x00000000000057b2      0x1e8 /home/ruan/op_tee/optee_os/out/arm/export-ta_arm32/lib/libutee.a(trace_ext.o)
 .debug_info    0x000000000000599a      0x11a /home/ruan/op_tee/optee_os/out/arm/export-ta_arm32/lib/libutee.a(assert.o)
 .debug_info    0x0000000000005ab4     0x1182 /home/ruan/op_tee/optee_os/out/arm/export-ta_arm32/lib/libutils.a(bget_malloc.o)
 .debug_info    0x0000000000006c36      0x135 /home/ruan/op_tee/optee_os/out/arm/export-ta_arm32/lib/libutils.a(snprintf.o)
 .debug_info    0x0000000000006d6b       0xd8 /home/ruan/op_tee/optee_os/out/arm/export-ta_arm32/lib/libutils.a(memcmp.o)
 .debug_info    0x0000000000006e43       0xf8 /home/ruan/op_tee/optee_os/out/arm/export-ta_arm32/lib/libutils.a(memcpy.o)
 .debug_info    0x0000000000006f3b       0xf8 /home/ruan/op_tee/optee_os/out/arm/export-ta_arm32/lib/libutils.a(memmove.o)
 .debug_info    0x0000000000007033       0xdd /home/ruan/op_tee/optee_os/out/arm/export-ta_arm32/lib/libutils.a(memset.o)
 .debug_info    0x0000000000007110       0xa6 /home/ruan/op_tee/optee_os/out/arm/export-ta_arm32/lib/libutils.a(strlen.o)
 .debug_info    0x00000000000071b6      0x4fe /home/ruan/op_tee/optee_os/out/arm/export-ta_arm32/lib/libutils.a(snprintk.o)
 .debug_info    0x00000000000076b4       0xbf /home/ruan/op_tee/optee_os/out/arm/export-ta_arm32/lib/libutils.a(buf_compare_ct.o)
 .debug_info    0x0000000000007773      0x2ad /home/ruan/op_tee/optee_os/out/arm/export-ta_arm32/lib/libutils.a(trace.o)
 .debug_info    0x0000000000007a20       0x5d /home/ruan/op_tee/optee_os/out/arm/export-ta_arm32/lib/libutils.a(aeabi_unwind.o)
 .debug_info    0x0000000000007a7d       0xef /home/ruan/op_tee/optee_os/out/arm/export-ta_arm32/lib/libutils.a(memchr.o)
 .debug_info    0x0000000000007b6c       0x74 /home/ruan/op_tee/optee_os/out/arm/export-ta_arm32/lib/libutils.a(arm32_aeabi_ldivmod_a32.o)
 .debug_info    0x0000000000007be0      0x1f8 /home/ruan/op_tee/optee_os/out/arm/export-ta_arm32/lib/libutils.a(arm32_aeabi_ldivmod.o)
 .debug_info    0x0000000000007dd8      0x31f /home/ruan/op_tee/optee_os/out/arm/export-ta_arm32/lib/libmpa.a(mpa_misc.o)
 .debug_info    0x00000000000080f7      0x4c1 /home/ruan/op_tee/optee_os/out/arm/export-ta_arm32/lib/libmpa.a(mpa_montgomery.o)
 .debug_info    0x00000000000085b8      0x4d2 /home/ruan/op_tee/optee_os/out/arm/export-ta_arm32/lib/libmpa.a(mpa_primetest.o)
 .debug_info    0x0000000000008a8a      0x204 /home/ruan/op_tee/optee_os/out/arm/export-ta_arm32/lib/libmpa.a(mpa_conv.o)
 .debug_info    0x0000000000008c8e      0x5b0 /home/ruan/op_tee/optee_os/out/arm/export-ta_arm32/lib/libmpa.a(mpa_div.o)
 .debug_info    0x000000000000923e      0x4d5 /home/ruan/op_tee/optee_os/out/arm/export-ta_arm32/lib/libmpa.a(mpa_gcd.o)
 .debug_info    0x0000000000009713      0x447 /home/ruan/op_tee/optee_os/out/arm/export-ta_arm32/lib/libmpa.a(mpa_mem_static.o)
 .debug_info    0x0000000000009b5a      0x49c /home/ruan/op_tee/optee_os/out/arm/export-ta_arm32/lib/libmpa.a(mpa_mul.o)
 .debug_info    0x0000000000009ff6      0x2b4 /home/ruan/op_tee/optee_os/out/arm/export-ta_arm32/lib/libmpa.a(mpa_random.o)
 .debug_info    0x000000000000a2aa      0x2a4 /home/ruan/op_tee/optee_os/out/arm/export-ta_arm32/lib/libmpa.a(mpa_shift.o)
 .debug_info    0x000000000000a54e      0x77c /home/ruan/op_tee/optee_os/out/arm/export-ta_arm32/lib/libmpa.a(mpa_addsub.o)
 .debug_info    0x000000000000acca      0x2b1 /home/ruan/op_tee/optee_os/out/arm/export-ta_arm32/lib/libmpa.a(mpa_cmp.o)
 .debug_info    0x000000000000af7b      0x339 /home/ruan/op_tee/optee_os/out/arm/export-ta_arm32/lib/libmpa.a(mpa_expmod.o)
 .debug_info    0x000000000000b2b4      0x209 /home/ruan/op_tee/optee_os/out/arm/export-ta_arm32/lib/libmpa.a(mpa_init.o)
 .debug_info    0x000000000000b4bd      0x740 /home/ruan/op_tee/optee_os/out/arm/export-ta_arm32/lib/libmpa.a(mpa_io.o)
 .debug_info    0x000000000000bbfd      0x3fc /home/ruan/op_tee/optee_os/out/arm/export-ta_arm32/lib/libmpa.a(mpa_modulus.o)

.debug_abbrev   0x0000000000000000     0x3358
 .debug_abbrev  0x0000000000000000      0x183 ./AES_decrypt_ta.o
 .debug_abbrev  0x0000000000000183      0x13c ./user_ta_header.o
 .debug_abbrev  0x00000000000002bf      0x237 /home/ruan/op_tee/optee_os/out/arm/export-ta_arm32/lib/libutee.a(tee_api_objects.o)
 .debug_abbrev  0x00000000000004f6      0x240 /home/ruan/op_tee/optee_os/out/arm/export-ta_arm32/lib/libutee.a(tee_api_operations.o)
 .debug_abbrev  0x0000000000000736       0x87 /home/ruan/op_tee/optee_os/out/arm/export-ta_arm32/lib/libutee.a(tee_api_panic.o)
 .debug_abbrev  0x00000000000007bd      0x1ce /home/ruan/op_tee/optee_os/out/arm/export-ta_arm32/lib/libutee.a(user_ta_entry.o)
 .debug_abbrev  0x000000000000098b       0x14 /home/ruan/op_tee/optee_os/out/arm/export-ta_arm32/lib/libutee.a(utee_syscalls_a32.o)
 .debug_abbrev  0x000000000000099f       0x14 /home/ruan/op_tee/optee_os/out/arm/export-ta_arm32/lib/libutee.a(gprof_a32.o)
 .debug_abbrev  0x00000000000009b3      0x20c /home/ruan/op_tee/optee_os/out/arm/export-ta_arm32/lib/libutee.a(tee_api_arith.o)
 .debug_abbrev  0x0000000000000bbf      0x214 /home/ruan/op_tee/optee_os/out/arm/export-ta_arm32/lib/libutee.a(tee_api.o)
 .debug_abbrev  0x0000000000000dd3       0xd5 /home/ruan/op_tee/optee_os/out/arm/export-ta_arm32/lib/libutee.a(utee_misc.o)
 .debug_abbrev  0x0000000000000ea8      0x26b /home/ruan/op_tee/optee_os/out/arm/export-ta_arm32/lib/libutee.a(tee_user_mem.o)
 .debug_abbrev  0x0000000000001113      0x115 /home/ruan/op_tee/optee_os/out/arm/export-ta_arm32/lib/libutee.a(trace_ext.o)
 .debug_abbrev  0x0000000000001228       0xa0 /home/ruan/op_tee/optee_os/out/arm/export-ta_arm32/lib/libutee.a(assert.o)
 .debug_abbrev  0x00000000000012c8      0x25b /home/ruan/op_tee/optee_os/out/arm/export-ta_arm32/lib/libutils.a(bget_malloc.o)
 .debug_abbrev  0x0000000000001523       0xe4 /home/ruan/op_tee/optee_os/out/arm/export-ta_arm32/lib/libutils.a(snprintf.o)
 .debug_abbrev  0x0000000000001607       0x82 /home/ruan/op_tee/optee_os/out/arm/export-ta_arm32/lib/libutils.a(memcmp.o)
 .debug_abbrev  0x0000000000001689       0x9f /home/ruan/op_tee/optee_os/out/arm/export-ta_arm32/lib/libutils.a(memcpy.o)
 .debug_abbrev  0x0000000000001728       0x9f /home/ruan/op_tee/optee_os/out/arm/export-ta_arm32/lib/libutils.a(memmove.o)
 .debug_abbrev  0x00000000000017c7       0x93 /home/ruan/op_tee/optee_os/out/arm/export-ta_arm32/lib/libutils.a(memset.o)
 .debug_abbrev  0x000000000000185a       0x84 /home/ruan/op_tee/optee_os/out/arm/export-ta_arm32/lib/libutils.a(strlen.o)
 .debug_abbrev  0x00000000000018de      0x185 /home/ruan/op_tee/optee_os/out/arm/export-ta_arm32/lib/libutils.a(snprintk.o)
 .debug_abbrev  0x0000000000001a63       0x82 /home/ruan/op_tee/optee_os/out/arm/export-ta_arm32/lib/libutils.a(buf_compare_ct.o)
 .debug_abbrev  0x0000000000001ae5      0x15b /home/ruan/op_tee/optee_os/out/arm/export-ta_arm32/lib/libutils.a(trace.o)
 .debug_abbrev  0x0000000000001c40       0x2f /home/ruan/op_tee/optee_os/out/arm/export-ta_arm32/lib/libutils.a(aeabi_unwind.o)
 .debug_abbrev  0x0000000000001c6f       0xae /home/ruan/op_tee/optee_os/out/arm/export-ta_arm32/lib/libutils.a(memchr.o)
 .debug_abbrev  0x0000000000001d1d       0x12 /home/ruan/op_tee/optee_os/out/arm/export-ta_arm32/lib/libutils.a(arm32_aeabi_ldivmod_a32.o)
 .debug_abbrev  0x0000000000001d2f       0xdc /home/ruan/op_tee/optee_os/out/arm/export-ta_arm32/lib/libutils.a(arm32_aeabi_ldivmod.o)
 .debug_abbrev  0x0000000000001e0b      0x13a /home/ruan/op_tee/optee_os/out/arm/export-ta_arm32/lib/libmpa.a(mpa_misc.o)
 .debug_abbrev  0x0000000000001f45      0x1a1 /home/ruan/op_tee/optee_os/out/arm/export-ta_arm32/lib/libmpa.a(mpa_montgomery.o)
 .debug_abbrev  0x00000000000020e6      0x178 /home/ruan/op_tee/optee_os/out/arm/export-ta_arm32/lib/libmpa.a(mpa_primetest.o)
 .debug_abbrev  0x000000000000225e      0x104 /home/ruan/op_tee/optee_os/out/arm/export-ta_arm32/lib/libmpa.a(mpa_conv.o)
 .debug_abbrev  0x0000000000002362      0x19c /home/ruan/op_tee/optee_os/out/arm/export-ta_arm32/lib/libmpa.a(mpa_div.o)
 .debug_abbrev  0x00000000000024fe      0x17e /home/ruan/op_tee/optee_os/out/arm/export-ta_arm32/lib/libmpa.a(mpa_gcd.o)
 .debug_abbrev  0x000000000000267c      0x13e /home/ruan/op_tee/optee_os/out/arm/export-ta_arm32/lib/libmpa.a(mpa_mem_static.o)
 .debug_abbrev  0x00000000000027ba      0x139 /home/ruan/op_tee/optee_os/out/arm/export-ta_arm32/lib/libmpa.a(mpa_mul.o)
 .debug_abbrev  0x00000000000028f3      0x167 /home/ruan/op_tee/optee_os/out/arm/export-ta_arm32/lib/libmpa.a(mpa_random.o)
 .debug_abbrev  0x0000000000002a5a      0x106 /home/ruan/op_tee/optee_os/out/arm/export-ta_arm32/lib/libmpa.a(mpa_shift.o)
 .debug_abbrev  0x0000000000002b60      0x180 /home/ruan/op_tee/optee_os/out/arm/export-ta_arm32/lib/libmpa.a(mpa_addsub.o)
 .debug_abbrev  0x0000000000002ce0      0x108 /home/ruan/op_tee/optee_os/out/arm/export-ta_arm32/lib/libmpa.a(mpa_cmp.o)
 .debug_abbrev  0x0000000000002de8      0x11b /home/ruan/op_tee/optee_os/out/arm/export-ta_arm32/lib/libmpa.a(mpa_expmod.o)
 .debug_abbrev  0x0000000000002f03       0xf7 /home/ruan/op_tee/optee_os/out/arm/export-ta_arm32/lib/libmpa.a(mpa_init.o)
 .debug_abbrev  0x0000000000002ffa      0x223 /home/ruan/op_tee/optee_os/out/arm/export-ta_arm32/lib/libmpa.a(mpa_io.o)
 .debug_abbrev  0x000000000000321d      0x13b /home/ruan/op_tee/optee_os/out/arm/export-ta_arm32/lib/libmpa.a(mpa_modulus.o)

.debug_aranges  0x0000000000000000      0x588
 .debug_aranges
                0x0000000000000000       0x20 ./AES_decrypt_ta.o
 .debug_aranges
                0x0000000000000020       0x20 ./user_ta_header.o
 .debug_aranges
                0x0000000000000040       0x20 /home/ruan/op_tee/optee_os/out/arm/export-ta_arm32/lib/libutee.a(tee_api_objects.o)
 .debug_aranges
                0x0000000000000060       0x20 /home/ruan/op_tee/optee_os/out/arm/export-ta_arm32/lib/libutee.a(tee_api_operations.o)
 .debug_aranges
                0x0000000000000080       0x20 /home/ruan/op_tee/optee_os/out/arm/export-ta_arm32/lib/libutee.a(tee_api_panic.o)
 .debug_aranges
                0x00000000000000a0       0x20 /home/ruan/op_tee/optee_os/out/arm/export-ta_arm32/lib/libutee.a(user_ta_entry.o)
 .debug_aranges
                0x00000000000000c0       0x20 /home/ruan/op_tee/optee_os/out/arm/export-ta_arm32/lib/libutee.a(utee_syscalls_a32.o)
 .debug_aranges
                0x00000000000000e0       0x20 /home/ruan/op_tee/optee_os/out/arm/export-ta_arm32/lib/libutee.a(gprof_a32.o)
 .debug_aranges
                0x0000000000000100       0x20 /home/ruan/op_tee/optee_os/out/arm/export-ta_arm32/lib/libutee.a(tee_api_arith.o)
 .debug_aranges
                0x0000000000000120       0x20 /home/ruan/op_tee/optee_os/out/arm/export-ta_arm32/lib/libutee.a(tee_api.o)
 .debug_aranges
                0x0000000000000140       0x20 /home/ruan/op_tee/optee_os/out/arm/export-ta_arm32/lib/libutee.a(utee_misc.o)
 .debug_aranges
                0x0000000000000160       0x20 /home/ruan/op_tee/optee_os/out/arm/export-ta_arm32/lib/libutee.a(tee_user_mem.o)
 .debug_aranges
                0x0000000000000180       0x20 /home/ruan/op_tee/optee_os/out/arm/export-ta_arm32/lib/libutee.a(trace_ext.o)
 .debug_aranges
                0x00000000000001a0       0x20 /home/ruan/op_tee/optee_os/out/arm/export-ta_arm32/lib/libutee.a(assert.o)
 .debug_aranges
                0x00000000000001c0       0x20 /home/ruan/op_tee/optee_os/out/arm/export-ta_arm32/lib/libutils.a(bget_malloc.o)
 .debug_aranges
                0x00000000000001e0       0x20 /home/ruan/op_tee/optee_os/out/arm/export-ta_arm32/lib/libutils.a(snprintf.o)
 .debug_aranges
                0x0000000000000200       0x20 /home/ruan/op_tee/optee_os/out/arm/export-ta_arm32/lib/libutils.a(memcmp.o)
 .debug_aranges
                0x0000000000000220       0x20 /home/ruan/op_tee/optee_os/out/arm/export-ta_arm32/lib/libutils.a(memcpy.o)
 .debug_aranges
                0x0000000000000240       0x20 /home/ruan/op_tee/optee_os/out/arm/export-ta_arm32/lib/libutils.a(memmove.o)
 .debug_aranges
                0x0000000000000260       0x20 /home/ruan/op_tee/optee_os/out/arm/export-ta_arm32/lib/libutils.a(memset.o)
 .debug_aranges
                0x0000000000000280       0x20 /home/ruan/op_tee/optee_os/out/arm/export-ta_arm32/lib/libutils.a(strlen.o)
 .debug_aranges
                0x00000000000002a0       0x20 /home/ruan/op_tee/optee_os/out/arm/export-ta_arm32/lib/libutils.a(snprintk.o)
 .debug_aranges
                0x00000000000002c0       0x20 /home/ruan/op_tee/optee_os/out/arm/export-ta_arm32/lib/libutils.a(buf_compare_ct.o)
 .debug_aranges
                0x00000000000002e0       0x20 /home/ruan/op_tee/optee_os/out/arm/export-ta_arm32/lib/libutils.a(trace.o)
 .debug_aranges
                0x0000000000000300       0x20 /home/ruan/op_tee/optee_os/out/arm/export-ta_arm32/lib/libutils.a(aeabi_unwind.o)
 .debug_aranges
                0x0000000000000320       0x20 /home/ruan/op_tee/optee_os/out/arm/export-ta_arm32/lib/libutils.a(memchr.o)
 .debug_aranges
                0x0000000000000340       0x28 /home/ruan/op_tee/optee_os/out/arm/export-ta_arm32/lib/libutils.a(arm32_aeabi_ldivmod_a32.o)
 .debug_aranges
                0x0000000000000368       0x20 /home/ruan/op_tee/optee_os/out/arm/export-ta_arm32/lib/libutils.a(arm32_aeabi_ldivmod.o)
 .debug_aranges
                0x0000000000000388       0x20 /home/ruan/op_tee/optee_os/out/arm/export-ta_arm32/lib/libmpa.a(mpa_misc.o)
 .debug_aranges
                0x00000000000003a8       0x20 /home/ruan/op_tee/optee_os/out/arm/export-ta_arm32/lib/libmpa.a(mpa_montgomery.o)
 .debug_aranges
                0x00000000000003c8       0x20 /home/ruan/op_tee/optee_os/out/arm/export-ta_arm32/lib/libmpa.a(mpa_primetest.o)
 .debug_aranges
                0x00000000000003e8       0x20 /home/ruan/op_tee/optee_os/out/arm/export-ta_arm32/lib/libmpa.a(mpa_conv.o)
 .debug_aranges
                0x0000000000000408       0x20 /home/ruan/op_tee/optee_os/out/arm/export-ta_arm32/lib/libmpa.a(mpa_div.o)
 .debug_aranges
                0x0000000000000428       0x20 /home/ruan/op_tee/optee_os/out/arm/export-ta_arm32/lib/libmpa.a(mpa_gcd.o)
 .debug_aranges
                0x0000000000000448       0x20 /home/ruan/op_tee/optee_os/out/arm/export-ta_arm32/lib/libmpa.a(mpa_mem_static.o)
 .debug_aranges
                0x0000000000000468       0x20 /home/ruan/op_tee/optee_os/out/arm/export-ta_arm32/lib/libmpa.a(mpa_mul.o)
 .debug_aranges
                0x0000000000000488       0x20 /home/ruan/op_tee/optee_os/out/arm/export-ta_arm32/lib/libmpa.a(mpa_random.o)
 .debug_aranges
                0x00000000000004a8       0x20 /home/ruan/op_tee/optee_os/out/arm/export-ta_arm32/lib/libmpa.a(mpa_shift.o)
 .debug_aranges
                0x00000000000004c8       0x20 /home/ruan/op_tee/optee_os/out/arm/export-ta_arm32/lib/libmpa.a(mpa_addsub.o)
 .debug_aranges
                0x00000000000004e8       0x20 /home/ruan/op_tee/optee_os/out/arm/export-ta_arm32/lib/libmpa.a(mpa_cmp.o)
 .debug_aranges
                0x0000000000000508       0x20 /home/ruan/op_tee/optee_os/out/arm/export-ta_arm32/lib/libmpa.a(mpa_expmod.o)
 .debug_aranges
                0x0000000000000528       0x20 /home/ruan/op_tee/optee_os/out/arm/export-ta_arm32/lib/libmpa.a(mpa_init.o)
 .debug_aranges
                0x0000000000000548       0x20 /home/ruan/op_tee/optee_os/out/arm/export-ta_arm32/lib/libmpa.a(mpa_io.o)
 .debug_aranges
                0x0000000000000568       0x20 /home/ruan/op_tee/optee_os/out/arm/export-ta_arm32/lib/libmpa.a(mpa_modulus.o)

.debug_macro    0x0000000000000000     0x5bc2
 .debug_macro   0x0000000000000000       0xe0 ./AES_decrypt_ta.o
 .debug_macro   0x00000000000000e0      0x922 ./AES_decrypt_ta.o
 .debug_macro   0x0000000000000a02      0x16d ./AES_decrypt_ta.o
 .debug_macro   0x0000000000000b6f       0x16 ./AES_decrypt_ta.o
 .debug_macro   0x0000000000000b85       0xb8 ./AES_decrypt_ta.o
 .debug_macro   0x0000000000000c3d      0x8fc ./AES_decrypt_ta.o
 .debug_macro   0x0000000000001539      0x192 ./AES_decrypt_ta.o
 .debug_macro   0x00000000000016cb       0x22 ./AES_decrypt_ta.o
 .debug_macro   0x00000000000016ed       0x35 ./AES_decrypt_ta.o
 .debug_macro   0x0000000000001722       0x34 ./AES_decrypt_ta.o
 .debug_macro   0x0000000000001756       0x97 ./AES_decrypt_ta.o
 .debug_macro   0x00000000000017ed       0x10 ./AES_decrypt_ta.o
 .debug_macro   0x00000000000017fd       0x58 ./AES_decrypt_ta.o
 .debug_macro   0x0000000000001855       0xc4 ./AES_decrypt_ta.o
 .debug_macro   0x0000000000001919       0x1c ./AES_decrypt_ta.o
 .debug_macro   0x0000000000001935       0xdc ./user_ta_header.o
 .debug_macro   0x0000000000001a11       0x76 ./user_ta_header.o
 .debug_macro   0x0000000000001a87       0x22 ./user_ta_header.o
 .debug_macro   0x0000000000001aa9      0x12b /home/ruan/op_tee/optee_os/out/arm/export-ta_arm32/lib/libutee.a(tee_api_objects.o)
 .debug_macro   0x0000000000001bd4      0x91c /home/ruan/op_tee/optee_os/out/arm/export-ta_arm32/lib/libutee.a(tee_api_objects.o)
 .debug_macro   0x00000000000024f0      0x238 /home/ruan/op_tee/optee_os/out/arm/export-ta_arm32/lib/libutee.a(tee_api_objects.o)
 .debug_macro   0x0000000000002728       0x7c /home/ruan/op_tee/optee_os/out/arm/export-ta_arm32/lib/libutee.a(tee_api_objects.o)
 .debug_macro   0x00000000000027a4       0xc4 /home/ruan/op_tee/optee_os/out/arm/export-ta_arm32/lib/libutee.a(tee_api_objects.o)
 .debug_macro   0x0000000000002868       0x22 /home/ruan/op_tee/optee_os/out/arm/export-ta_arm32/lib/libutee.a(tee_api_objects.o)
 .debug_macro   0x000000000000288a       0x10 /home/ruan/op_tee/optee_os/out/arm/export-ta_arm32/lib/libutee.a(tee_api_objects.o)
 .debug_macro   0x000000000000289a       0x97 /home/ruan/op_tee/optee_os/out/arm/export-ta_arm32/lib/libutee.a(tee_api_objects.o)
 .debug_macro   0x0000000000002931      0x169 /home/ruan/op_tee/optee_os/out/arm/export-ta_arm32/lib/libutee.a(tee_api_operations.o)
 .debug_macro   0x0000000000002a9a      0x1b2 /home/ruan/op_tee/optee_os/out/arm/export-ta_arm32/lib/libutee.a(tee_api_operations.o)
 .debug_macro   0x0000000000002c4c       0xb2 /home/ruan/op_tee/optee_os/out/arm/export-ta_arm32/lib/libutee.a(tee_api_operations.o)
 .debug_macro   0x0000000000002cfe       0xa1 /home/ruan/op_tee/optee_os/out/arm/export-ta_arm32/lib/libutee.a(tee_api_panic.o)
 .debug_macro   0x0000000000002d9f       0xca /home/ruan/op_tee/optee_os/out/arm/export-ta_arm32/lib/libutee.a(tee_api_panic.o)
 .debug_macro   0x0000000000002e69      0x16d /home/ruan/op_tee/optee_os/out/arm/export-ta_arm32/lib/libutee.a(user_ta_entry.o)
 .debug_macro   0x0000000000002fd6      0x2cd /home/ruan/op_tee/optee_os/out/arm/export-ta_arm32/lib/libutee.a(user_ta_entry.o)
 .debug_macro   0x00000000000032a3       0x3a /home/ruan/op_tee/optee_os/out/arm/export-ta_arm32/lib/libutee.a(user_ta_entry.o)
 .debug_macro   0x00000000000032dd      0x149 /home/ruan/op_tee/optee_os/out/arm/export-ta_arm32/lib/libutee.a(tee_api_arith.o)
 .debug_macro   0x0000000000003426       0x10 /home/ruan/op_tee/optee_os/out/arm/export-ta_arm32/lib/libutee.a(tee_api_arith.o)
 .debug_macro   0x0000000000003436       0x4c /home/ruan/op_tee/optee_os/out/arm/export-ta_arm32/lib/libutee.a(tee_api_arith.o)
 .debug_macro   0x0000000000003482       0x16 /home/ruan/op_tee/optee_os/out/arm/export-ta_arm32/lib/libutee.a(tee_api_arith.o)
 .debug_macro   0x0000000000003498       0x74 /home/ruan/op_tee/optee_os/out/arm/export-ta_arm32/lib/libutee.a(tee_api_arith.o)
 .debug_macro   0x000000000000350c      0x15c /home/ruan/op_tee/optee_os/out/arm/export-ta_arm32/lib/libutee.a(tee_api.o)
 .debug_macro   0x0000000000003668       0xf4 /home/ruan/op_tee/optee_os/out/arm/export-ta_arm32/lib/libutee.a(utee_misc.o)
 .debug_macro   0x000000000000375c      0x151 /home/ruan/op_tee/optee_os/out/arm/export-ta_arm32/lib/libutee.a(tee_user_mem.o)
 .debug_macro   0x00000000000038ad       0x10 /home/ruan/op_tee/optee_os/out/arm/export-ta_arm32/lib/libutee.a(tee_user_mem.o)
 .debug_macro   0x00000000000038bd      0x1ac /home/ruan/op_tee/optee_os/out/arm/export-ta_arm32/lib/libutee.a(tee_user_mem.o)
 .debug_macro   0x0000000000003a69       0xde /home/ruan/op_tee/optee_os/out/arm/export-ta_arm32/lib/libutee.a(trace_ext.o)
 .debug_macro   0x0000000000003b47       0xac /home/ruan/op_tee/optee_os/out/arm/export-ta_arm32/lib/libutee.a(trace_ext.o)
 .debug_macro   0x0000000000003bf3       0xf3 /home/ruan/op_tee/optee_os/out/arm/export-ta_arm32/lib/libutee.a(assert.o)
 .debug_macro   0x0000000000003ce6      0x131 /home/ruan/op_tee/optee_os/out/arm/export-ta_arm32/lib/libutils.a(bget_malloc.o)
 .debug_macro   0x0000000000003e17       0x16 /home/ruan/op_tee/optee_os/out/arm/export-ta_arm32/lib/libutils.a(bget_malloc.o)
 .debug_macro   0x0000000000003e2d       0x3c /home/ruan/op_tee/optee_os/out/arm/export-ta_arm32/lib/libutils.a(bget_malloc.o)
 .debug_macro   0x0000000000003e69       0x4d /home/ruan/op_tee/optee_os/out/arm/export-ta_arm32/lib/libutils.a(snprintf.o)
 .debug_macro   0x0000000000003eb6       0x51 /home/ruan/op_tee/optee_os/out/arm/export-ta_arm32/lib/libutils.a(memcmp.o)
 .debug_macro   0x0000000000003f07      0x91c /home/ruan/op_tee/optee_os/out/arm/export-ta_arm32/lib/libutils.a(memcmp.o)
 .debug_macro   0x0000000000004823       0x7c /home/ruan/op_tee/optee_os/out/arm/export-ta_arm32/lib/libutils.a(memcmp.o)
 .debug_macro   0x000000000000489f       0x57 /home/ruan/op_tee/optee_os/out/arm/export-ta_arm32/lib/libutils.a(memcpy.o)
 .debug_macro   0x00000000000048f6       0x64 /home/ruan/op_tee/optee_os/out/arm/export-ta_arm32/lib/libutils.a(memmove.o)
 .debug_macro   0x000000000000495a       0x51 /home/ruan/op_tee/optee_os/out/arm/export-ta_arm32/lib/libutils.a(memset.o)
 .debug_macro   0x00000000000049ab       0x5a /home/ruan/op_tee/optee_os/out/arm/export-ta_arm32/lib/libutils.a(strlen.o)
 .debug_macro   0x0000000000004a05      0x127 /home/ruan/op_tee/optee_os/out/arm/export-ta_arm32/lib/libutils.a(snprintk.o)
 .debug_macro   0x0000000000004b2c       0x36 /home/ruan/op_tee/optee_os/out/arm/export-ta_arm32/lib/libutils.a(buf_compare_ct.o)
 .debug_macro   0x0000000000004b62       0xcc /home/ruan/op_tee/optee_os/out/arm/export-ta_arm32/lib/libutils.a(trace.o)
 .debug_macro   0x0000000000004c2e       0x1a /home/ruan/op_tee/optee_os/out/arm/export-ta_arm32/lib/libutils.a(aeabi_unwind.o)
 .debug_macro   0x0000000000004c48       0x66 /home/ruan/op_tee/optee_os/out/arm/export-ta_arm32/lib/libutils.a(memchr.o)
 .debug_macro   0x0000000000004cae       0x1a /home/ruan/op_tee/optee_os/out/arm/export-ta_arm32/lib/libutils.a(arm32_aeabi_ldivmod.o)
 .debug_macro   0x0000000000004cc8       0xdc /home/ruan/op_tee/optee_os/out/arm/export-ta_arm32/lib/libmpa.a(mpa_misc.o)
 .debug_macro   0x0000000000004da4       0xa6 /home/ruan/op_tee/optee_os/out/arm/export-ta_arm32/lib/libmpa.a(mpa_misc.o)
 .debug_macro   0x0000000000004e4a       0xdc /home/ruan/op_tee/optee_os/out/arm/export-ta_arm32/lib/libmpa.a(mpa_montgomery.o)
 .debug_macro   0x0000000000004f26       0xfe /home/ruan/op_tee/optee_os/out/arm/export-ta_arm32/lib/libmpa.a(mpa_primetest.o)
 .debug_macro   0x0000000000005024       0xdc /home/ruan/op_tee/optee_os/out/arm/export-ta_arm32/lib/libmpa.a(mpa_conv.o)
 .debug_macro   0x0000000000005100       0xdc /home/ruan/op_tee/optee_os/out/arm/export-ta_arm32/lib/libmpa.a(mpa_div.o)
 .debug_macro   0x00000000000051dc       0xdc /home/ruan/op_tee/optee_os/out/arm/export-ta_arm32/lib/libmpa.a(mpa_gcd.o)
 .debug_macro   0x00000000000052b8      0x101 /home/ruan/op_tee/optee_os/out/arm/export-ta_arm32/lib/libmpa.a(mpa_mem_static.o)
 .debug_macro   0x00000000000053b9       0xdc /home/ruan/op_tee/optee_os/out/arm/export-ta_arm32/lib/libmpa.a(mpa_mul.o)
 .debug_macro   0x0000000000005495       0xf8 /home/ruan/op_tee/optee_os/out/arm/export-ta_arm32/lib/libmpa.a(mpa_random.o)
 .debug_macro   0x000000000000558d       0xdc /home/ruan/op_tee/optee_os/out/arm/export-ta_arm32/lib/libmpa.a(mpa_shift.o)
 .debug_macro   0x0000000000005669       0xdc /home/ruan/op_tee/optee_os/out/arm/export-ta_arm32/lib/libmpa.a(mpa_addsub.o)
 .debug_macro   0x0000000000005745       0xdc /home/ruan/op_tee/optee_os/out/arm/export-ta_arm32/lib/libmpa.a(mpa_cmp.o)
 .debug_macro   0x0000000000005821       0xe2 /home/ruan/op_tee/optee_os/out/arm/export-ta_arm32/lib/libmpa.a(mpa_expmod.o)
 .debug_macro   0x0000000000005903       0xdc /home/ruan/op_tee/optee_os/out/arm/export-ta_arm32/lib/libmpa.a(mpa_init.o)
 .debug_macro   0x00000000000059df      0x107 /home/ruan/op_tee/optee_os/out/arm/export-ta_arm32/lib/libmpa.a(mpa_io.o)
 .debug_macro   0x0000000000005ae6       0xdc /home/ruan/op_tee/optee_os/out/arm/export-ta_arm32/lib/libmpa.a(mpa_modulus.o)

.debug_line     0x0000000000000000     0x7161
 .debug_line    0x0000000000000000      0x293 ./AES_decrypt_ta.o
 .debug_line    0x0000000000000293      0x234 ./user_ta_header.o
 .debug_line    0x00000000000004c7      0x4ad /home/ruan/op_tee/optee_os/out/arm/export-ta_arm32/lib/libutee.a(tee_api_objects.o)
 .debug_line    0x0000000000000974      0x912 /home/ruan/op_tee/optee_os/out/arm/export-ta_arm32/lib/libutee.a(tee_api_operations.o)
 .debug_line    0x0000000000001286      0x1bf /home/ruan/op_tee/optee_os/out/arm/export-ta_arm32/lib/libutee.a(tee_api_panic.o)
 .debug_line    0x0000000000001445      0x3b5 /home/ruan/op_tee/optee_os/out/arm/export-ta_arm32/lib/libutee.a(user_ta_entry.o)
 .debug_line    0x00000000000017fa       0xbf /home/ruan/op_tee/optee_os/out/arm/export-ta_arm32/lib/libutee.a(utee_syscalls_a32.o)
 .debug_line    0x00000000000018b9       0x59 /home/ruan/op_tee/optee_os/out/arm/export-ta_arm32/lib/libutee.a(gprof_a32.o)
 .debug_line    0x0000000000001912      0x388 /home/ruan/op_tee/optee_os/out/arm/export-ta_arm32/lib/libutee.a(tee_api_arith.o)
 .debug_line    0x0000000000001c9a      0x3a8 /home/ruan/op_tee/optee_os/out/arm/export-ta_arm32/lib/libutee.a(tee_api.o)
 .debug_line    0x0000000000002042      0x231 /home/ruan/op_tee/optee_os/out/arm/export-ta_arm32/lib/libutee.a(utee_misc.o)
 .debug_line    0x0000000000002273      0x3b4 /home/ruan/op_tee/optee_os/out/arm/export-ta_arm32/lib/libutee.a(tee_user_mem.o)
 .debug_line    0x0000000000002627      0x23f /home/ruan/op_tee/optee_os/out/arm/export-ta_arm32/lib/libutee.a(trace_ext.o)
 .debug_line    0x0000000000002866      0x24a /home/ruan/op_tee/optee_os/out/arm/export-ta_arm32/lib/libutee.a(assert.o)
 .debug_line    0x0000000000002ab0      0x597 /home/ruan/op_tee/optee_os/out/arm/export-ta_arm32/lib/libutils.a(bget_malloc.o)
 .debug_line    0x0000000000003047      0x145 /home/ruan/op_tee/optee_os/out/arm/export-ta_arm32/lib/libutils.a(snprintf.o)
 .debug_line    0x000000000000318c      0x14c /home/ruan/op_tee/optee_os/out/arm/export-ta_arm32/lib/libutils.a(memcmp.o)
 .debug_line    0x00000000000032d8      0x14f /home/ruan/op_tee/optee_os/out/arm/export-ta_arm32/lib/libutils.a(memcpy.o)
 .debug_line    0x0000000000003427      0x16c /home/ruan/op_tee/optee_os/out/arm/export-ta_arm32/lib/libutils.a(memmove.o)
 .debug_line    0x0000000000003593      0x15b /home/ruan/op_tee/optee_os/out/arm/export-ta_arm32/lib/libutils.a(memset.o)
 .debug_line    0x00000000000036ee      0x149 /home/ruan/op_tee/optee_os/out/arm/export-ta_arm32/lib/libutils.a(strlen.o)
 .debug_line    0x0000000000003837      0x504 /home/ruan/op_tee/optee_os/out/arm/export-ta_arm32/lib/libutils.a(snprintk.o)
 .debug_line    0x0000000000003d3b      0x132 /home/ruan/op_tee/optee_os/out/arm/export-ta_arm32/lib/libutils.a(buf_compare_ct.o)
 .debug_line    0x0000000000003e6d      0x255 /home/ruan/op_tee/optee_os/out/arm/export-ta_arm32/lib/libutils.a(trace.o)
 .debug_line    0x00000000000040c2       0x83 /home/ruan/op_tee/optee_os/out/arm/export-ta_arm32/lib/libutils.a(aeabi_unwind.o)
 .debug_line    0x0000000000004145      0x169 /home/ruan/op_tee/optee_os/out/arm/export-ta_arm32/lib/libutils.a(memchr.o)
 .debug_line    0x00000000000042ae       0x7d /home/ruan/op_tee/optee_os/out/arm/export-ta_arm32/lib/libutils.a(arm32_aeabi_ldivmod_a32.o)
 .debug_line    0x000000000000432b       0xcb /home/ruan/op_tee/optee_os/out/arm/export-ta_arm32/lib/libutils.a(arm32_aeabi_ldivmod.o)
 .debug_line    0x00000000000043f6      0x228 /home/ruan/op_tee/optee_os/out/arm/export-ta_arm32/lib/libmpa.a(mpa_misc.o)
 .debug_line    0x000000000000461e      0x2e7 /home/ruan/op_tee/optee_os/out/arm/export-ta_arm32/lib/libmpa.a(mpa_montgomery.o)
 .debug_line    0x0000000000004905      0x29d /home/ruan/op_tee/optee_os/out/arm/export-ta_arm32/lib/libmpa.a(mpa_primetest.o)
 .debug_line    0x0000000000004ba2      0x254 /home/ruan/op_tee/optee_os/out/arm/export-ta_arm32/lib/libmpa.a(mpa_conv.o)
 .debug_line    0x0000000000004df6      0x49c /home/ruan/op_tee/optee_os/out/arm/export-ta_arm32/lib/libmpa.a(mpa_div.o)
 .debug_line    0x0000000000005292      0x3dc /home/ruan/op_tee/optee_os/out/arm/export-ta_arm32/lib/libmpa.a(mpa_gcd.o)
 .debug_line    0x000000000000566e      0x25d /home/ruan/op_tee/optee_os/out/arm/export-ta_arm32/lib/libmpa.a(mpa_mem_static.o)
 .debug_line    0x00000000000058cb      0x2d3 /home/ruan/op_tee/optee_os/out/arm/export-ta_arm32/lib/libmpa.a(mpa_mul.o)
 .debug_line    0x0000000000005b9e      0x26e /home/ruan/op_tee/optee_os/out/arm/export-ta_arm32/lib/libmpa.a(mpa_random.o)
 .debug_line    0x0000000000005e0c      0x2c6 /home/ruan/op_tee/optee_os/out/arm/export-ta_arm32/lib/libmpa.a(mpa_shift.o)
 .debug_line    0x00000000000060d2      0x3e1 /home/ruan/op_tee/optee_os/out/arm/export-ta_arm32/lib/libmpa.a(mpa_addsub.o)
 .debug_line    0x00000000000064b3      0x2a9 /home/ruan/op_tee/optee_os/out/arm/export-ta_arm32/lib/libmpa.a(mpa_cmp.o)
 .debug_line    0x000000000000675c      0x214 /home/ruan/op_tee/optee_os/out/arm/export-ta_arm32/lib/libmpa.a(mpa_expmod.o)
 .debug_line    0x0000000000006970      0x1f3 /home/ruan/op_tee/optee_os/out/arm/export-ta_arm32/lib/libmpa.a(mpa_init.o)
 .debug_line    0x0000000000006b63      0x3e8 /home/ruan/op_tee/optee_os/out/arm/export-ta_arm32/lib/libmpa.a(mpa_io.o)
 .debug_line    0x0000000000006f4b      0x216 /home/ruan/op_tee/optee_os/out/arm/export-ta_arm32/lib/libmpa.a(mpa_modulus.o)

.debug_str      0x0000000000000000    0x111ab
 .debug_str     0x0000000000000000     0x75a1 ./AES_decrypt_ta.o
                                       0x7756 (size before relaxing)
 .debug_str     0x00000000000075a1      0x651 ./user_ta_header.o
                                       0x7afa (size before relaxing)
 .debug_str     0x0000000000007bf2     0x137c /home/ruan/op_tee/optee_os/out/arm/export-ta_arm32/lib/libutee.a(tee_api_objects.o)
                                       0x7fd6 (size before relaxing)
 .debug_str     0x0000000000008f6e     0x17f9 /home/ruan/op_tee/optee_os/out/arm/export-ta_arm32/lib/libutee.a(tee_api_operations.o)
                                       0x99ff (size before relaxing)
 .debug_str     0x000000000000a767       0x30 /home/ruan/op_tee/optee_os/out/arm/export-ta_arm32/lib/libutee.a(tee_api_panic.o)
                                       0x76c9 (size before relaxing)
 .debug_str     0x000000000000a797     0x34f9 /home/ruan/op_tee/optee_os/out/arm/export-ta_arm32/lib/libutee.a(user_ta_entry.o)
                                       0xb9ac (size before relaxing)
 .debug_str     0x000000000000dc90      0xabc /home/ruan/op_tee/optee_os/out/arm/export-ta_arm32/lib/libutee.a(tee_api_arith.o)
                                       0x86d1 (size before relaxing)
 .debug_str     0x000000000000e74c      0x37a /home/ruan/op_tee/optee_os/out/arm/export-ta_arm32/lib/libutee.a(tee_api.o)
                                       0x883f (size before relaxing)
 .debug_str     0x000000000000eac6       0x72 /home/ruan/op_tee/optee_os/out/arm/export-ta_arm32/lib/libutee.a(utee_misc.o)
                                       0x79ed (size before relaxing)
 .debug_str     0x000000000000eb38      0x2c6 /home/ruan/op_tee/optee_os/out/arm/export-ta_arm32/lib/libutee.a(tee_user_mem.o)
                                       0xc74c (size before relaxing)
 .debug_str     0x000000000000edfe       0x65 /home/ruan/op_tee/optee_os/out/arm/export-ta_arm32/lib/libutee.a(trace_ext.o)
                                       0x7ec9 (size before relaxing)
 .debug_str     0x000000000000ee63       0x39 /home/ruan/op_tee/optee_os/out/arm/export-ta_arm32/lib/libutee.a(assert.o)
                                       0x7e2e (size before relaxing)
 .debug_str     0x000000000000ee9c      0x5a4 /home/ruan/op_tee/optee_os/out/arm/export-ta_arm32/lib/libutils.a(bget_malloc.o)
                                       0x5457 (size before relaxing)
 .debug_str     0x000000000000f440       0x2e /home/ruan/op_tee/optee_os/out/arm/export-ta_arm32/lib/libutils.a(snprintf.o)
                                       0x3371 (size before relaxing)
 .debug_str     0x000000000000f46e      0x356 /home/ruan/op_tee/optee_os/out/arm/export-ta_arm32/lib/libutils.a(memcmp.o)
                                       0x345a (size before relaxing)
 .debug_str     0x000000000000f7c4       0xaf /home/ruan/op_tee/optee_os/out/arm/export-ta_arm32/lib/libutils.a(memcpy.o)